05-27 15:46:12.274 28162 28351 W System.err: 	at com.leiting.sdk.shushu.ShushuLogHelper.doReport(ShushuLogHelper.java:778)
05-27 15:46:12.274 28162 28351 W System.err: 	at com.leiting.sdk.shushu.ShushuLogHelper.doReport(ShushuLogHelper.java:778)
05-27 15:46:12.274 28162 28351 W System.err: 	at com.leiting.sdk.shushu.ShushuLogHelper.doReport(ShushuLogHelper.java:778)
05-27 15:46:12.274 28162 28351 W System.err: 	at com.leiting.sdk.shushu.ShushuLogHelper.access$400(ShushuLogHelper.java:37)
05-27 15:46:12.274 28162 28351 W System.err: 	at com.leiting.sdk.shushu.ShushuLogHelper$2.run(ShushuLogHelper.java:650)
05-27 15:46:12.274 28162 28351 W System.err: 	at java.util.concurrent.ThreadPoolExecutor.runWorker(ThreadPoolExecutor.java:1154)
05-27 15:46:12.274 28162 28351 W System.err: 	at java.util.concurrent.ThreadPoolExecutor$Worker.run(ThreadPoolExecutor.java:652)
05-27 15:46:12.275 28162 28351 W System.err: 	at java.lang.Thread.run(Thread.java:1564)
05-27 15:46:12.275 28162 28351 D com.leiting.sdk.shushu: µò░µò░Σ╕èµèÑΦ┐öσ¢₧∩╝Üµé¿σ╜ôσëìτ╜æτ╗£Σ╕ìΣ╜│∩╝îΦ»╖τ¿ìσÉÄσåìΦ»ò
05-27 15:46:12.275 28162 28351 D com.leiting.sdk.shushu: shushu report fail
05-27 15:46:12.275  6837 28474 I HBD     : l Write selected lang for DE  
05-27 15:46:12.275  4222  4222 D NavigationBar: setImeWindowStatus show legacy ime switcher = false
05-27 15:46:12.275  4222  4222 D NavigationBar: setImeWindowStatus displayId=0 vis=0 backDisposition=0 showImeSwitcher=false imeShown=false
05-27 15:46:12.275  6837  6837 I HBD     : l writeToFile complete 
05-27 15:46:12.275  6837 28474 I HBD     : l writeToFile path : /data/user_de/0/com.samsung.android.honeyboard/files/selected.json 
05-27 15:46:12.275  6837 28474 I HBD     : l writeToFile json : {"version":"4.1","currentLanguageOrder":0,"selected":[{"activeOptionList":["auto_replace","auto_spacing","writing_assistant"],"engName":"English","id":65537,"inputType":"qwerty","isUsed":true},{"activeOptionList":["auto_replace","auto_spacing"],"engName":"Spanish","id":1179649,"inputType":"spanish_qwerty","isUsed":true}]} 
05-27 15:46:12.275  6837 28473 I HBD     : l Write selected lang for DE  
05-27 15:46:12.276  6305  6350 I Finsky  : [74] com.mrxw.android.ltgames: Account from first account - [ldeJXgFyXNFu-gTUF9521QgJbSn8NwcElWUNQ0UPzoE]
05-27 15:46:12.276  6305  6350 I Finsky  : [74] Billing preferred account via installer for com.mrxw.android.ltgames: [ldeJXgFyXNFu-gTUF9521QgJbSn8NwcElWUNQ0UPzoE]
05-27 15:46:12.276 28162 28363 I AppsFlyer_6.3.2: IMEI was not collected.
05-27 15:46:12.276 28162 28363 I AppsFlyer_6.3.2: Android ID was not collected.
05-27 15:46:12.276 28162 28196 E FirebaseMessaging: Failed to get FIS auth token
05-27 15:46:12.276 28162 28196 E FirebaseMessaging: java.util.concurrent.ExecutionException: com.google.firebase.installations.FirebaseInstallationsException: Firebase Installations Service is unavailable. Please try again later.
05-27 15:46:12.276 28162 28196 E FirebaseMessaging: 	at com.google.android.gms.tasks.Tasks.zza(com.google.android.gms:play-services-tasks@@18.0.1:5)
05-27 15:46:12.276 28162 28196 E FirebaseMessaging: 	at com.google.android.gms.tasks.Tasks.await(com.google.android.gms:play-services-tasks@@18.0.1:8)
05-27 15:46:12.276 28162 28196 E FirebaseMessaging: 	at com.google.firebase.messaging.GmsRpc.setDefaultAttributesToBundle(GmsRpc.java:260)
05-27 15:46:12.276 28162 28196 E FirebaseMessaging: 	at com.google.firebase.messaging.GmsRpc.startRpc(GmsRpc.java:222)
05-27 15:46:12.276 28162 28196 E FirebaseMessaging: 	at com.google.firebase.messaging.GmsRpc.getToken(GmsRpc.java:180)
05-27 15:46:12.276 28162 28196 E FirebaseMessaging: 	at com.google.firebase.messaging.FirebaseMessaging.lambda$blockingGetToken$10$FirebaseMessaging(FirebaseMessaging.java:610)
05-27 15:46:12.276 28162 28196 E FirebaseMessaging: 	at com.google.firebase.messaging.-$$Lambda$FirebaseMessaging$8u3e3XBglmQbAS3SwW9Cdp_dcdM.start(Unknown Source:6)
05-27 15:46:12.276 28162 28196 E FirebaseMessaging: 	at com.google.firebase.messaging.RequestDeduplicator.getOrStartGetTokenRequest(RequestDeduplicator.java:67)
05-27 15:46:12.276 28162 28196 E FirebaseMessaging: 	at com.google.firebase.messaging.FirebaseMessaging.blockingGetToken(FirebaseMessaging.java:606)
05-27 15:46:12.276 28162 28196 E FirebaseMessaging: 	at com.google.firebase.messaging.FirebaseMessaging.lambda$getToken$4$FirebaseMessaging(FirebaseMessaging.java:392)
05-27 15:46:12.276 28162 28196 E FirebaseMessaging: 	at com.google.firebase.messaging.-$$Lambda$FirebaseMessaging$hhRqCIwb_q-GasIrdNMReoTbQ60.run(Unknown Source:4)
05-27 15:46:12.276 28162 28196 E FirebaseMessaging: 	at java.util.concurrent.Executors$RunnableAdapter.call(Executors.java:520)
05-27 15:46:12.276 28162 28196 E FirebaseMessaging: 	at java.util.concurrent.FutureTask.run(FutureTask.java:317)
05-27 15:46:12.276 28162 28196 E FirebaseMessaging: 	at java.util.concurrent.ScheduledThreadPoolExecutor$ScheduledFutureTask.run(ScheduledThreadPoolExecutor.java:348)
05-27 15:46:12.276 28162 28196 E FirebaseMessaging: 	at java.util.concurrent.ThreadPoolExecutor.runWorker(ThreadPoolExecutor.java:1154)
05-27 15:46:12.276 28162 28196 E FirebaseMessaging: 	at java.util.concurrent.ThreadPoolExecutor$Worker.run(ThreadPoolExecutor.java:652)
05-27 15:46:12.276 28162 28196 E FirebaseMessaging: 	at com.google.android.gms.common.util.concurrent.zza.run(com.google.android.gms:play-services-basement@@18.1.0:2)
05-27 15:46:12.276 28162 28196 E FirebaseMessaging: 	at java.lang.Thread.run(Thread.java:1564)
05-27 15:46:12.276 28162 28196 E FirebaseMessaging: Caused by: com.google.firebase.installations.FirebaseInstallationsException: Firebase Installations Service is unavailable. Please try again later.
05-27 15:46:12.276 28162 28196 E FirebaseMessaging: 	at com.google.firebase.installations.remote.FirebaseInstallationServiceClient.createFirebaseInstallation(FirebaseInstallationServiceClient.java:208)
05-27 15:46:12.276 28162 28196 E FirebaseMessaging: 	at com.google.firebase.installations.FirebaseInstallations.registerFidWithServer(FirebaseInstallations.java:536)
05-27 15:46:12.276 28162 28196 E FirebaseMessaging: 	at com.google.firebase.installations.FirebaseInstallations.doNetworkCallIfNecessary(FirebaseInstallations.java:390)
05-27 15:46:12.276 28162 28196 E FirebaseMessaging: 	at com.google.firebase.installations.FirebaseInstallations.lambda$doRegistrationOrRefresh$3$FirebaseInstallations(FirebaseInstallations.java:375)
05-27 15:46:12.276 28162 28196 E FirebaseMessaging: 	at com.google.firebase.installations.-$$Lambda$FirebaseInstallations$YC-tlBbbVeA4OFXGfTR3F_IXKyc.run(Unknown Source:4)
05-27 15:46:12.276 28162 28196 E FirebaseMessaging: 	at java.util.concurrent.ThreadPoolExecutor.runWorker(ThreadPoolExecutor.java:1154)
05-27 15:46:12.276 28162 28196 E FirebaseMessaging: 	at java.util.concurrent.ThreadPoolExecutor$Worker.run(ThreadPoolExecutor.java:652)
05-27 15:46:12.276 28162 28196 E FirebaseMessaging: 	... 1 more
05-27 15:46:12.277 28162 28363 I AppsFlyerOaid6.2.4: Fetch 0 ms
05-27 15:46:12.277  1547  1547 I sensors-hal: set_config:60, sample_period_ns is adjusted to 10000000 based on min/max delay_ns
05-27 15:46:12.277  1547  1547 I sensors-hal: batch:363, android.sensor.magnetic_field/21, period=10000000, max_latency=0 request completed
05-27 15:46:12.277  6837 28473 I HBD     : l writeToFile path : /data/user_de/0/com.samsung.android.honeyboard/files/selected.json 
05-27 15:46:12.277  6837 28473 I HBD     : l writeToFile json : {"version":"4.1","currentLanguageOrder":0,"selected":[{"activeOptionList":["auto_replace","auto_spacing","writing_assistant"],"engName":"English","id":65537,"inputType":"qwerty","isUsed":true},{"activeOptionList":["auto_replace","auto_spacing"],"engName":"Spanish","id":1179649,"inputType":"spanish_qwerty","isUsed":true}]} 
05-27 15:46:12.277 28162 28467 D com.leiting.sdk: google service Φ┐₧µÄÑσ«îµêÉ
05-27 15:46:12.278  6837 28477 I HBD     : l Write selected lang for DE  
05-27 15:46:12.278  6837  6837 I HBD     : m normal : updateLanguage : English 
05-27 15:46:12.278 28162 28363 I AppsFlyer_6.3.2: AppsFlyer: first launch date: 2026-05-27_185447+0000
05-27 15:46:12.278  6837  6837 I HBD     : g isCoverDisplay : false, cached selected json info : SelectedLanguageInfo(languageVersion=4.1, currentLanguageOrder=0, selectedLanguageList=[SelectedLanguage(id=65537, isUsed=true, engName=English, inputType=qwerty, activeOptionList=[auto_replace, auto_spacing, writing_assistant]), SelectedLanguage(id=1179649, isUsed=true, engName=Spanish, inputType=spanish_qwerty, activeOptionList=[auto_replace, auto_spacing])]) 
05-27 15:46:12.278  6837  6837 I HBD     : g isCoverDisplay : false, cached selected json info : SelectedLanguageInfo(languageVersion=4.1, currentLanguageOrder=0, selectedLanguageList=[SelectedLanguage(id=65537, isUsed=true, engName=English, inputType=qwerty, activeOptionList=[auto_replace, auto_spacing, writing_assistant]), SelectedLanguage(id=1179649, isUsed=true, engName=Spanish, inputType=spanish_qwerty, activeOptionList=[auto_replace, auto_spacing])]) 
05-27 15:46:12.278  6837  6837 I HBD     : g updateSelectedLanguageCache is succeeded. English 
05-27 15:46:12.278  1547  1547 I sensors-hal: activate:300, android.sensor.magnetic_field/21 en=1
05-27 15:46:12.278  1547  1547 I sensors-hal: acquire_qsh_interface:139, acquire_qsh_interface with sensor_id 32 , conn_type 3 
05-27 15:46:12.278  6837  6837 I HBD     : l writeToFile path : /data/user/0/com.samsung.android.honeyboard/files/selected.json 
05-27 15:46:12.278  6837  6837 I HBD     : l writeToFile json : {"version":"4.1","currentLanguageOrder":0,"selected":[{"activeOptionList":["auto_replace","auto_spacing","writing_assistant"],"engName":"English","id":65537,"inputType":"qwerty","isUsed":true},{"activeOptionList":["auto_replace","auto_spacing"],"engName":"Spanish","id":1179649,"inputType":"spanish_qwerty","isUsed":true}]} 
05-27 15:46:12.278  1694  1694 I Layer   : id=14986 Destroyed Surface(name=813dc53 InputMethod)/@0x1906ebc - animation-leash of insets_animation#14986
05-27 15:46:12.278  6837 28477 I HBD     : l writeToFile path : /data/user_de/0/com.samsung.android.honeyboard/files/selected.json 
05-27 15:46:12.278  6837 28477 I HBD     : l writeToFile json : {"version":"4.1","currentLanguageOrder":0,"selected":[{"activeOptionList":["auto_replace","auto_spacing","writing_assistant"],"engName":"English","id":65537,"inputType":"qwerty","isUsed":true},{"activeOptionList":["auto_replace","auto_spacing"],"engName":"Spanish","id":1179649,"inputType":"spanish_qwerty","isUsed":true}]} 
05-27 15:46:12.278 28162 28475 D com.leiting.sdk: https://adsapi.ltgamesglobal.com/api/monetize_data/ironsource_v2
05-27 15:46:12.278 28162 28475 D com.leiting.sdk: {"placeType":"","bundleId":"com.mrxw.android.ltgames","channel":"310001","sign":"cfc9d9f7429c2f717d9a1d9ed63956dd7fb11325","clientVer":"1.068","gameCode":"7","place":"","media":"ironsource","account":"310001","timestamp":"1779911172129","sid":"","status":1}
05-27 15:46:12.279 28162 28475 W System.err: java.net.UnknownHostException: Unable to resolve host "adsapi.ltgamesglobal.com": No address associated with hostname
05-27 15:46:12.279 28162 28475 W System.err: 	at java.net.Inet6AddressImpl.lookupHostByName(Inet6AddressImpl.java:124)
05-27 15:46:12.279 28162 28475 W System.err: 	at java.net.Inet6AddressImpl.lookupAllHostAddr(Inet6AddressImpl.java:103)
05-27 15:46:12.279 28162 28475 W System.err: 	at java.net.InetAddress.getAllByName(InetAddress.java:1152)
05-27 15:46:12.279 28162 28475 W System.err: 	at com.android.okhttp.Dns$1.lookup(Dns.java:41)
05-27 15:46:12.279 28162 28475 W System.err: 	at com.android.okhttp.internal.http.RouteSelector.resetNextInetSocketAddress(RouteSelector.java:178)
05-27 15:46:12.279 28162 28475 W System.err: 	at com.android.okhttp.internal.http.RouteSelector.nextProxy(RouteSelector.java:144)
05-27 15:46:12.279 28162 28475 W System.err: 	at com.android.okhttp.internal.http.RouteSelector.next(RouteSelector.java:86)
05-27 15:46:12.279 28162 28475 W System.err: 	at com.android.okhttp.internal.http.StreamAllocation.findConnection(StreamAllocation.java:176)
05-27 15:46:12.279 28162 28475 W System.err: 	at com.android.okhttp.internal.http.StreamAllocation.findHealthyConnection(StreamAllocation.java:128)
05-27 15:46:12.279 28162 28475 W System.err: 	at com.android.okhttp.internal.http.StreamAllocation.newStream(StreamAllocation.java:97)
05-27 15:46:12.279 28162 28475 W System.err: 	at com.android.okhttp.internal.http.HttpEngine.connect(HttpEngine.java:289)
05-27 15:46:12.279 28162 28475 W System.err: 	at com.android.okhttp.internal.http.HttpEngine.sendRequest(HttpEngine.java:232)
05-27 15:46:12.279 28162 28475 W System.err: 	at com.android.okhttp.internal.huc.HttpURLConnectionImpl.execute(HttpURLConnectionImpl.java:465)
05-27 15:46:12.279 28162 28475 W System.err: 	at com.android.okhttp.internal.huc.HttpURLConnectionImpl.connect(HttpURLConnectionImpl.java:131)
05-27 15:46:12.279 28162 28475 W System.err: 	at com.android.okhttp.internal.huc.HttpURLConnectionImpl.getOutputStream(HttpURLConnectionImpl.java:262)
05-27 15:46:12.279 28162 28475 W System.err: 	at com.android.okhttp.internal.huc.DelegatingHttpsURLConnection.getOutputStream(DelegatingHttpsURLConnection.java:219)
05-27 15:46:12.279 28162 28475 W System.err: 	at com.android.okhttp.internal.huc.HttpsURLConnectionImpl.getOutputStream(HttpsURLConnectionImpl.java:30)
05-27 15:46:12.279 28162 28475 W System.err: 	at com.leiting.sdk.util.HttpUtils.fetch(HttpUtils.java:254)
05-27 15:46:12.279 28162 28475 W System.err: 	at com.leiting.sdk.util.HttpUtils.access$000(HttpUtils.java:45)
05-27 15:46:12.279 28162 28475 W System.err: 	at com.leiting.sdk.util.HttpUtils$1.doInBackground(HttpUtils.java:180)
05-27 15:46:12.279 28162 28475 W System.err: 	at com.leiting.sdk.util.HttpUtils$1.doInBackground(HttpUtils.java:170)
05-27 15:46:12.279 28162 28475 W System.err: 	at android.os.AsyncTask$3.call(AsyncTask.java:394)
05-27 15:46:12.279 28162 28475 W System.err: 	at java.util.concurrent.FutureTask.run(FutureTask.java:317)
05-27 15:46:12.279 28162 28475 W System.err: 	at java.util.concurrent.ThreadPoolExecutor.runWorker(ThreadPoolExecutor.java:1154)
05-27 15:46:12.279 28162 28475 W System.err: 	at java.util.concurrent.ThreadPoolExecutor$Worker.run(ThreadPoolExecutor.java:652)
05-27 15:46:12.279 28162 28475 W System.err: 	at java.lang.Thread.run(Thread.java:1564)
05-27 15:46:12.279 28162 28162 D com.leiting.sdk: µé¿σ╜ôσëìτ╜æτ╗£Σ╕ìΣ╜│∩╝îΦ»╖τ¿ìσÉÄσåìΦ»ò
05-27 15:46:12.279 28162 28162 D com.leiting.sdk: FlyingAdLogHelper | asyncPost report result : µé¿σ╜ôσëìτ╜æτ╗£Σ╕ìΣ╜│∩╝îΦ»╖τ¿ìσÉÄσåìΦ»ò
05-27 15:46:12.279 28162 28162 D com.leiting.sdk: FlyingAdLogHelper | report fail σ╖▓τ╗ÅΘçìµÄ¿3µ¼í : µé¿σ╜ôσëìτ╜æτ╗£Σ╕ìΣ╜│∩╝îΦ»╖τ¿ìσÉÄσåìΦ»ò
05-27 15:46:12.279 28162 28363 D AppsFlyer_6.3.2: didConfigureTokenRefreshService=false
05-27 15:46:12.280  1547  1547 I sensors-hal: worker:51, worker(0xb40000750e417110) is created with tid= 28478
05-27 15:46:12.280  4222  4367 I ViewRootImpl@2c417cc[ltgames]: mWNT: t=0xb4000075fa6b4670 mBlastBufferQueue=0xb4000074da6f82f0 fn= 6 mRenderHdrSdrRatio=1.0 caller= android.view.SyncRtSurfaceTransactionApplier.applyTransaction:96 android.view.SyncRtSurfaceTransactionApplier.lambda$scheduleApply$0:69 android.view.SyncRtSurfaceTransactionApplier.$r8$lambda$SgowXC58rj3PR958kHUfRgLZmvE:0 
05-27 15:46:12.281  1516  1724 I minksocket: MinkIPC MESSAGE: ( 1516:1724 ) MinkIPC_QRTR_Service:351 minkipc = 0xb4000073c8338310 sock = 14, client with node 1 port 45c4 went down
05-27 15:46:12.281  1516  1739 I minksocket: MinkIPC MESSAGE: ( 1516:1739 ) MinkIPC_QRTR_Service:351 minkipc = 0xb4000073c8339d30 sock = 29, client with node 1 port 45c4 went down
05-27 15:46:12.282  1516  1724 I minksocket: MinkIPC MESSAGE: ( 1516:1724 ) MinkIPC_QRTR_Service:351 minkipc = 0xb4000073c8338310 sock = 14, client with node 1 port 45c5 went down
05-27 15:46:12.282  1516  1739 I minksocket: MinkIPC MESSAGE: ( 1516:1739 ) MinkIPC_QRTR_Service:351 minkipc = 0xb4000073c8339d30 sock = 29, client with node 1 port 45c5 went down
05-27 15:46:12.282  1516  1739 I minksocket: MinkIPC MESSAGE: ( 1516:1739 ) MinkIPC_QRTR_Service:351 minkipc = 0xb4000073c8339d30 sock = 29, client with node 1 port 45c6 went down
05-27 15:46:12.282  1516  1724 I minksocket: MinkIPC MESSAGE: ( 1516:1724 ) MinkIPC_QRTR_Service:351 minkipc = 0xb4000073c8338310 sock = 14, client with node 1 port 45c6 went down
05-27 15:46:12.282  1547  1547 I sensors-hal: qsh_qmi:31, qsh_qmi
05-27 15:46:12.282  1547  1547 I sensors-hal: register_cb:304, suid(low=11911404398489902607,high=16993594652946037180) is new. register callbacks
05-27 15:46:12.282  1547  1547 I sensors-hal: register_cb:304, suid(low=10350532229688825456,high=14322911740044289799) is new. register callbacks
05-27 15:46:12.282  1547  1547 I sensors-hal: calibration:47, registerd callback for mag_cal
05-27 15:46:12.283  1547  1547 I sensors-hal: worker:51, worker(0xb40000750e410870) is created with tid= 28480
05-27 15:46:12.283  1547  1547 I sensors-hal: calibration:54, created worker for mag_cal
05-27 15:46:12.283  1516  1739 I minksocket: MinkIPC MESSAGE: ( 1516:1739 ) MinkIPC_QRTR_Service:351 minkipc = 0xb4000073c8339d30 sock = 29, client with node 1 port 45c7 went down
05-27 15:46:12.283  1516  1724 I minksocket: MinkIPC MESSAGE: ( 1516:1724 ) MinkIPC_QRTR_Service:351 minkipc = 0xb4000073c8338310 sock = 14, client with node 1 port 45c7 went down
05-27 15:46:12.283  1547  1547 I sensors-hal: send_req:215, send_req before send_request mag_cal with SUID low=10350532229688825456 high=14322911740044289799
05-27 15:46:12.283  1547  1547 I sensors-hal: activate:174, mag cal started
05-27 15:46:12.283  1547  1547 I sensors-hal: send_sensor_config_request:575, resampler is used, set resampler config
05-27 15:46:12.283  1547  1547 I sensors-hal: send_sync_sensor_request:508, send sync request
05-27 15:46:12.283  1547  1547 I sensors-hal: send_sync_sensor_request:518, send_sync_sensor_request before send_request for mag with SUID low=11911404398489902607 high=16993594652946037180
05-27 15:46:12.283  1547  1547 I sensors-hal: send_sync_sensor_request:537, wait for notification of response
05-27 15:46:12.283  3696  5333 D FreecessController: BG freezed, skip OLAF unfreeze for (com.google.android.apps.photos, 10316).
05-27 15:46:12.284  1547 28479 I sensors-hal: handle_resp_cb:225, resp_value = 0 for mag_cal before acuiring the lock _cal_mutex
05-27 15:46:12.284  1547 28479 I sensors-hal: qsh_conn_resp_cb:930, resp_value = 0 for mag 
05-27 15:46:12.284  1547  1547 I sensors-hal: send_sync_sensor_request:543, takes 0 ms to receive the response with 0
05-27 15:46:12.284  1547  1547 I sensors-hal: activate:183, mag_filter is enabled
05-27 15:46:12.284  1547  1547 I sensors-hal: activate:330, android.sensor.magnetic_field/21 en=1 completed
05-27 15:46:12.284 28162 28458 D SensorManager: registerListener :: 21, AK09918 Magnetometer, 0, 0, 
05-27 15:46:12.285  1547  1547 I sensors-hal: set_config:60, sample_period_ns is adjusted to 5000000 based on min/max delay_ns
05-27 15:46:12.285  1547  1547 I sensors-hal: batch:363, android.sensor.gyroscope/41, period=5000000, max_latency=0 request completed
05-27 15:46:12.285  3696  5333 D FreecessController: BG freezed, skip OLAF unfreeze for (ru.macpzmay.qhenovtci, 10493).
05-27 15:46:12.285  1547  1547 I sensors-hal: activate:300, android.sensor.gyroscope/41 en=1
05-27 15:46:12.285  1547  1547 I sensors-hal: acquire_qsh_interface:139, acquire_qsh_interface with sensor_id 27 , conn_type 3 
05-27 15:46:12.285  1547  1547 I sensors-hal: worker:51, worker(0xb40000750e413c30) is created with tid= 28481
05-27 15:46:12.285  1516  1739 I minksocket: MinkIPC MESSAGE: ( 1516:1739 ) MinkIPC_QRTR_Service:351 minkipc = 0xb4000073c8339d30 sock = 29, client with node 1 port 45c9 went down
05-27 15:46:12.285  1516  1724 I minksocket: MinkIPC MESSAGE: ( 1516:1724 ) MinkIPC_QRTR_Service:351 minkipc = 0xb4000073c8338310 sock = 14, client with node 1 port 45c9 went down
05-27 15:46:12.287  1516  1739 I minksocket: MinkIPC MESSAGE: ( 1516:1739 ) MinkIPC_QRTR_Service:351 minkipc = 0xb4000073c8339d30 sock = 29, client with node 1 port 45ca went down
05-27 15:46:12.287  1516  1724 I minksocket: MinkIPC MESSAGE: ( 1516:1724 ) MinkIPC_QRTR_Service:351 minkipc = 0xb4000073c8338310 sock = 14, client with node 1 port 45ca went down
05-27 15:46:12.287  4222  4366 I ViewRootImpl@2c417cc[ltgames]: mWNT: t=0xb4000075fa657c30 mBlastBufferQueue=0xb4000074da6f82f0 fn= 7 mRenderHdrSdrRatio=1.0 caller= android.view.SyncRtSurfaceTransactionApplier.applyTransaction:96 android.view.SyncRtSurfaceTransactionApplier.lambda$scheduleApply$0:69 android.view.SyncRtSurfaceTransactionApplier.$r8$lambda$SgowXC58rj3PR958kHUfRgLZmvE:0 
05-27 15:46:12.290  6837  6837 I HBD     : l writeToFile complete 
05-27 15:46:12.290  1516  1724 I minksocket: MinkIPC MESSAGE: ( 1516:1724 ) MinkIPC_QRTR_Service:351 minkipc = 0xb4000073c8338310 sock = 14, client with node 1 port 45cb went down
05-27 15:46:12.290  1516  1739 I minksocket: MinkIPC MESSAGE: ( 1516:1739 ) MinkIPC_QRTR_Service:351 minkipc = 0xb4000073c8339d30 sock = 29, client with node 1 port 45cb went down
05-27 15:46:12.290  1547  1547 I sensors-hal: qsh_qmi:31, qsh_qmi
05-27 15:46:12.290  1547  1547 I sensors-hal: register_cb:304, suid(low=11331203967455886618,high=2227687939882802101) is new. register callbacks
05-27 15:46:12.290  1547  1547 I sensors-hal: register_cb:304, suid(low=10025908976994887838,high=13187306796670928542) is new. register callbacks
05-27 15:46:12.290  1547  1547 I sensors-hal: calibration:47, registerd callback for gyro_cal
05-27 15:46:12.290  6837 28474 I HBD     : l writeToFile complete 
05-27 15:46:12.291  1516  1739 I minksocket: MinkIPC MESSAGE: ( 1516:1739 ) MinkIPC_QRTR_Service:351 minkipc = 0xb4000073c8339d30 sock = 29, client with node 1 port 45cc went down
05-27 15:46:12.291  1516  1724 I minksocket: MinkIPC MESSAGE: ( 1516:1724 ) MinkIPC_QRTR_Service:351 minkipc = 0xb4000073c8338310 sock = 14, client with node 1 port 45cc went down
05-27 15:46:12.291  1547  1547 I sensors-hal: worker:51, worker(0xb40000750e4125b0) is created with tid= 28484
05-27 15:46:12.291  1547  1547 I sensors-hal: calibration:54, created worker for gyro_cal
05-27 15:46:12.291  1547  1547 I sensors-hal: send_req:215, send_req before send_request gyro_cal with SUID low=10025908976994887838 high=13187306796670928542
05-27 15:46:12.291  1547  1547 I sensors-hal: activate:274, started gyro cal
05-27 15:46:12.291  1547  1547 I sensors-hal: set_config:60, sample_period_ns is adjusted to 1000000000 based on min/max delay_ns
05-27 15:46:12.291  1547  1547 I sensors-hal: acquire_qsh_interface:139, acquire_qsh_interface with sensor_id 27 , conn_type 3 
05-27 15:46:12.291  1547  1547 I sensors-hal: register_cb:304, suid(low=2469432388859779188,high=2270547140419222672) is new. register callbacks
05-27 15:46:12.291  1547  1547 I sensors-hal: send_sync_sensor_request:508, send sync request
05-27 15:46:12.291  1547  1547 I sensors-hal: send_sync_sensor_request:518, send_sync_sensor_request before send_request for sensor_temperature with SUID low=2469432388859779188 high=2270547140419222672
05-27 15:46:12.291  1547  1547 I sensors-hal: send_sync_sensor_request:537, wait for notification of response
05-27 15:46:12.291  6837  6837 I HBD     : g isCoverDisplay : false, cached selected json info : SelectedLanguageInfo(languageVersion=4.1, currentLanguageOrder=0, selectedLanguageList=[SelectedLanguage(id=65537, isUsed=true, engName=English, inputType=qwerty, activeOptionList=[auto_replace, auto_spacing, writing_assistant]), SelectedLanguage(id=1179649, isUsed=true, engName=Spanish, inputType=spanish_qwerty, activeOptionList=[auto_replace, auto_spacing])]) 
05-27 15:46:12.291  6837  6837 I HBD     : g updateSelectedLanguageCache is succeeded. English 
05-27 15:46:12.292  6837  6837 I HBD     : l writeToFile path : /data/user/0/com.samsung.android.honeyboard/files/selected.json 
05-27 15:46:12.292  6837  6837 I HBD     : l writeToFile json : {"version":"4.1","currentLanguageOrder":0,"selected":[{"activeOptionList":["auto_replace","auto_spacing","writing_assistant"],"engName":"English","id":65537,"inputType":"qwerty","isUsed":true},{"activeOptionList":["auto_replace","auto_spacing"],"engName":"Spanish","id":1179649,"inputType":"spanish_qwerty","isUsed":true}]} 
05-27 15:46:12.293  6837  6837 I HBD     : l writeToFile complete 
05-27 15:46:12.293  3696  3892 D KNOX_MDM_SettingsProvider: isChangeAllowed() : name = enabled_input_methods
05-27 15:46:12.293  3696  3892 D KNOX_MDM_SettingsProvider: edmUri: content://com.sec.knox.provider/RestrictionPolicy3
05-27 15:46:12.293  3696  3892 D KNOX_MDM_SettingsProvider: projectionArgs: isSettingsChangesAllowed
05-27 15:46:12.293  3696  3892 D KNOX_MDM_SettingsProvider: selectionArgs: false
05-27 15:46:12.293  3696  3892 D KNOX_MDM_SettingsProvider: selectionArgs: 10206
05-27 15:46:12.293  3696  3892 D SecContentProvider: query(), uri = 17 selection = isSettingsChangesAllowed
05-27 15:46:12.293  3696  3892 D SecContentProvider: called from android.uid.honeyboard:10206
05-27 15:46:12.293  3696  3892 D RestrictionPolicy: isSettingsChangesAllowedAsUser, userId 0 : true
05-27 15:46:12.293  3696  3892 D KNOX_MDM_SettingsProvider: ret = 1
05-27 15:46:12.293  1547 28482 I sensors-hal: handle_resp_cb:225, resp_value = 0 for gyro_cal before acuiring the lock _cal_mutex
05-27 15:46:12.293  6837 28485 I HBD     : l Write selected lang for DE  
05-27 15:46:12.293  1547 28482 I sensors-hal: qsh_conn_resp_cb:930, resp_value = 0 for sensor_temperature 
05-27 15:46:12.293  6837 28485 I HBD     : l writeToFile path : /data/user_de/0/com.samsung.android.honeyboard/files/selected.json 
05-27 15:46:12.293  1547 28482 I sensors-hal: qsh_conn_event_cb:857, SCHED_FIFO(10) for qmi_cbk
05-27 15:46:12.293  1547 28484 I sensors-hal: operator():280, operator() in worker.. sending cal request again
05-27 15:46:12.293  1547 28484 I sensors-hal: send_req:215, send_req before send_request gyro_cal with SUID low=10025908976994887838 high=13187306796670928542
05-27 15:46:12.293  6837 28485 I HBD     : l writeToFile json : {"version":"4.1","currentLanguageOrder":0,"selected":[{"activeOptionList":["auto_replace","auto_spacing","writing_assistant"],"engName":"English","id":65537,"inputType":"qwerty","isUsed":true},{"activeOptionList":["auto_replace","auto_spacing"],"engName":"Spanish","id":1179649,"inputType":"spanish_qwerty","isUsed":true}]} 
05-27 15:46:12.293  6837  6837 I HBD     : a [UpdatePolicy] [post] a: 32 cl: 65537 kit: [0/0] vt: 0 ir: 1 
05-27 15:46:12.293  6837  6837 I HBD     : HoneyBoardService [PF_OP][onStartInput]  28 ms 
05-27 15:46:12.293  1547 28482 I sensors-hal: handle_resp_cb:225, resp_value = 0 for gyro_cal before acuiring the lock _cal_mutex
05-27 15:46:12.293  6837  6837 I InputMethodService: scheduleImeSurfaceRemoval: removeImeSurface is posted.
05-27 15:46:12.293  6837  6837 I HBD     : [DirectWriting] DirectWriting emitEvent: emitInputConnection 
05-27 15:46:12.294  6837  6837 I HBD     : [DirectWriting] InputController handleInputConnection() RemoteInputConnection{idHash=#a0710a3} 
05-27 15:46:12.294  6837 28485 I HBD     : l writeToFile complete 
05-27 15:46:12.294  3696  6605 D KNOX_MDM_SettingsProvider: isChangeAllowed() : name = enabled_input_methods
05-27 15:46:12.294  3696  6605 D KNOX_MDM_SettingsProvider: edmUri: content://com.sec.knox.provider/RestrictionPolicy3
05-27 15:46:12.294  3696  6605 D KNOX_MDM_SettingsProvider: projectionArgs: isSettingsChangesAllowed
05-27 15:46:12.294  3696  6605 D KNOX_MDM_SettingsProvider: selectionArgs: false
05-27 15:46:12.294  3696  6605 D KNOX_MDM_SettingsProvider: selectionArgs: 10206
05-27 15:46:12.294  3696  6605 D SecContentProvider: query(), uri = 17 selection = isSettingsChangesAllowed
05-27 15:46:12.294  3696  6605 D SecContentProvider: called from android.uid.honeyboard:10206
05-27 15:46:12.294  3696  6605 D RestrictionPolicy: isSettingsChangesAllowedAsUser, userId 0 : true
05-27 15:46:12.294  3696  6605 D KNOX_MDM_SettingsProvider: ret = 1
05-27 15:46:12.294  3696  6600 D KNOX_MDM_SettingsProvider: isChangeAllowed() : name = default_input_method
05-27 15:46:12.294  3696  6600 D KNOX_MDM_SettingsProvider: edmUri: content://com.sec.knox.provider/RestrictionPolicy3
05-27 15:46:12.294  3696  6600 D KNOX_MDM_SettingsProvider: projectionArgs: isSettingsChangesAllowed
05-27 15:46:12.294  3696  6600 D KNOX_MDM_SettingsProvider: selectionArgs: false
05-27 15:46:12.294  3696  6600 D KNOX_MDM_SettingsProvider: selectionArgs: 10206
05-27 15:46:12.294  3696  6600 D SecContentProvider: query(), uri = 17 selection = isSettingsChangesAllowed
05-27 15:46:12.294  3696  6600 D SecContentProvider: called from android.uid.honeyboard:10206
05-27 15:46:12.294  3696  6600 D RestrictionPolicy: isSettingsChangesAllowedAsUser, userId 0 : true
05-27 15:46:12.294  3696  6600 D KNOX_MDM_SettingsProvider: ret = 1
05-27 15:46:12.294  6837  7407 I HBD     : p updated Sub Types. English 
05-27 15:46:12.295  3696  6605 D KNOX_MDM_SettingsProvider: isChangeAllowed() : name = default_input_method
05-27 15:46:12.295  3696  6605 D KNOX_MDM_SettingsProvider: edmUri: content://com.sec.knox.provider/RestrictionPolicy3
05-27 15:46:12.295  3696  6605 D KNOX_MDM_SettingsProvider: projectionArgs: isSettingsChangesAllowed
05-27 15:46:12.295  3696  6605 D KNOX_MDM_SettingsProvider: selectionArgs: false
05-27 15:46:12.295  3696  6605 D KNOX_MDM_SettingsProvider: selectionArgs: 10206
05-27 15:46:12.295  3696  6605 D SecContentProvider: query(), uri = 17 selection = isSettingsChangesAllowed
05-27 15:46:12.295  3696  6605 D SecContentProvider: called from android.uid.honeyboard:10206
05-27 15:46:12.295  1547  1547 I sensors-hal: send_sync_sensor_request:543, takes 3 ms to receive the response with 0
05-27 15:46:12.295  1547  1547 I sensors-hal: send_sensor_config_request:575, resampler is used, set resampler config
05-27 15:46:12.295  1547  1547 I sensors-hal: send_sync_sensor_request:508, send sync request
05-27 15:46:12.295  1547  1547 I sensors-hal: send_sync_sensor_request:518, send_sync_sensor_request before send_request for gyro with SUID low=11331203967455886618 high=2227687939882802101
05-27 15:46:12.295  1547  1547 I sensors-hal: send_sync_sensor_request:537, wait for notification of response
05-27 15:46:12.295  4222  4367 I ViewRootImpl@2c417cc[ltgames]: mWNT: t=0xb4000075fa642890 mBlastBufferQueue=0xb4000074da6f82f0 fn= 8 mRenderHdrSdrRatio=1.0 caller= android.view.SyncRtSurfaceTransactionApplier.applyTransaction:96 android.view.SyncRtSurfaceTransactionApplier.lambda$scheduleApply$0:69 android.view.SyncRtSurfaceTransactionApplier.$r8$lambda$SgowXC58rj3PR958kHUfRgLZmvE:0 
05-27 15:46:12.296  4222  4321 V WindowManagerShell: Transition animation finished (aborted=false), notifying core (#1020)android.os.BinderProxy@e76c507@0
05-27 15:46:12.296  4222  4321 I SurfaceControl: apply is called, name=FinishTransaction_SyncId<1020>, caller=android.view.SurfaceControl$Transaction.apply:2921 com.android.wm.shell.transition.Transitions.onFinish:302 com.android.wm.shell.transition.Transitions$$ExternalSyntheticLambda6.onTransitionFinished:15 com.android.wm.shell.transition.DefaultTransitionHandler$$ExternalSyntheticLambda5.run:125 com.android.wm.shell.transition.DefaultTransitionHandler$$ExternalSyntheticLambda3.run:52 android.os.Handler.handleCallback:958 
05-27 15:46:12.296  1547 28482 I sensors-hal: qsh_conn_resp_cb:930, resp_value = 0 for gyro 
05-27 15:46:12.296  1547  1547 I sensors-hal: send_sync_sensor_request:543, takes 1 ms to receive the response with 0
05-27 15:46:12.296  1547  1547 I sensors-hal: activate:330, android.sensor.gyroscope/41 en=1 completed
05-27 15:46:12.298 28162 28458 D SensorManager: registerListener :: 41, lsm6dsv LSM6DSO Gyroscope Non-wakeup, 0, 0, 
05-27 15:46:12.298  3696  6600 V WindowManager: Finish Transition: TransitionRecord{297938b id=1020 type=OPEN flags=0x0}, caller=com.android.server.wm.WindowOrganizerController.finishTransition:451 android.window.IWindowOrganizerController$Stub.onTransact:286 com.android.server.wm.WindowOrganizerController.onTransact:214 
05-27 15:46:12.298  1547 28482 I sensors-hal: handle_sns_client_event:422, [1][0] gyro_sample_cal(cal_available:0)(3) [ 0.000,-0.000,-0.000] bias[-0.000, 0.004, 0.008] 230198080277305
05-27 15:46:12.298  1547 28479 I sensors-hal: handle_sns_client_event:341, [1] mag_sample_cal(magcal_available:0): ts=230198079420169 ns; cal = [31.650856, 30.825924, -17.412029], uncal = [40.650856, -59.294071, -7.572030], bias = [9.000000, -90.119995, 9.840000], status=0
05-27 15:46:12.298  3696  6600 V WindowManager: Setting visibility of Window{b7cf49 u0 com.sec.android.app.launcher/com.sec.android.app.launcher.activities.LauncherActivity}: false, caller=com.android.server.wm.WindowContainer.sendAppVisibilityToClients:1281 com.android.server.wm.WindowToken.setClientVisible:446 com.android.server.wm.ActivityRecord.setClientVisible:8092 com.android.server.wm.ActivityRecord.postApplyAnimation:6656 com.android.server.wm.ActivityRecord.commitVisibility:6599 
05-27 15:46:12.298  3696  6600 V WindowManager: Setting visibility of Window{39f505e u0 com.android.systemui.wallpapers.ImageWallpaper_system}: false, caller=com.android.server.wm.WindowContainer.sendAppVisibilityToClients:1281 com.android.server.wm.WindowToken.setClientVisible:446 com.android.server.wm.WallpaperWindowToken.setVisible:192 com.android.server.wm.WallpaperWindowToken.commitVisibility:243 com.android.server.wm.Transition.finishTransition:1517 
05-27 15:46:12.299  3696  3775 V WindowManager: Finish Transition #1020: created at 05-27 15:46:11.866 collect-started=0.366ms request-sent=7.217ms started=8.636ms ready=48.159ms sent=50.539ms finished=431.678ms
05-27 15:46:12.299  3696  6600 V WindowManager: rotationForOrientation(orient=SCREEN_ORIENTATION_SENSOR_LANDSCAPE (6), last=ROTATION_0 (0)); user=ROTATION_0 (0) 
05-27 15:46:12.299  3696  6600 D WindowManager: rotationForOrientation, orientationSource=ActivityRecord{2005c68 u0 com.mrxw.android.ltgames/.UnityPlayerActivity t2335}
05-27 15:46:12.299  4645  4645 I ViewRootImpl@1894db7[LauncherActivity]: handleAppVisibility mAppVisible = true visible = false
05-27 15:46:12.299  3696  6600 V WindowManager: Computed rotation=ROTATION_90 (1) for display id=0 based on lastOrientation=SCREEN_ORIENTATION_SENSOR_LANDSCAPE (6) and oldRotation=ROTATION_0 (0), caller=com.android.server.wm.DisplayRotation.updateOrientation:517 com.android.server.wm.DisplayContent.continueUpdateOrientationForDiffOrienLaunchingApp:2492 com.android.server.wm.DisplayContent$FixedRotationTransitionListener.onAppTransitionFinishedLocked:8460 com.android.server.wm.TransitionController.dispatchLegacyAppTransitionFinished:1614 com.android.server.wm.Transition.finishTransition:1550 com.android.server.wm.TransitionController.finishTransition:1068 
05-27 15:46:12.299  3696  6600 D PhoneWindowManagerExt: setRotation: rotation=1
05-27 15:46:12.299  3696  6600 D PhoneWindowManagerExt: HINT_PWM_ROTATION acquire()
05-27 15:46:12.299  3696  6600 I SemDvfsHyPerManager: acquire hyper - PWM_ROTATION/3696@53, type = -999
05-27 15:46:12.299  4222  4271 I WallpaperService: dispatchAppVisibility: system, visible=false
05-27 15:46:12.299  4222  4542 I WallpaperService: reportVisibility: visibility changed. visible=false
05-27 15:46:12.299  4222  4542 I ImageWallpaper[CanvasEngine_d0_w1]:  onVisibilityChanged: visible=false , displayId=0
05-27 15:46:12.299  3696  6600 D WindowManager: Transition is created, t=TransitionRecord{7d30c18 id=-1 type=CHANGE flags=0x0}, caller=com.android.server.wm.TransitionController.createTransition:332 com.android.server.wm.TransitionController.requestTransitionIfNeeded:777 com.android.server.wm.DisplayContent.requestChangeTransitionIfNeeded:4345 com.android.server.wm.DisplayRotation.updateRotationUnchecked:726 com.android.server.wm.DisplayRotation.updateOrientation:517 
05-27 15:46:12.299  3696  6600 D WindowManager: SyncGroup is created, id=1021, name=Transition, caller=com.android.server.wm.BLASTSyncEngine$SyncGroup.<init>:0 com.android.server.wm.BLASTSyncEngine.prepareSyncSet:508 com.android.server.wm.BLASTSyncEngine.startSyncSet:513 com.android.server.wm.Transition.startCollecting:716 com.android.server.wm.TransitionController.moveToCollecting:353 com.android.server.wm.TransitionController.createTransition:334 com.android.server.wm.TransitionController.requestTransitionIfNeeded:777 
05-27 15:46:12.299  3642  3670 I HYPER-HAL: [RequestManager.cpp]acquire(): Acquired ID : 7029428  [3696 / 53]    HINT : PWM_ROTATION    list : 
05-27 15:46:12.299  3696  6600 W WindowManager: setSyncMethod, id=1021, method=0, caller=com.android.server.wm.Transition.startCollecting:718 com.android.server.wm.TransitionController.moveToCollecting:353 com.android.server.wm.TransitionController.createTransition:334 
05-27 15:46:12.299  3696  6600 V WindowManager: Start collecting in Transition: TransitionRecord{7d30c18 id=1021 type=CHANGE flags=0x0}, caller=com.android.server.wm.TransitionController.createTransition:334 com.android.server.wm.TransitionController.requestTransitionIfNeeded:777 com.android.server.wm.DisplayContent.requestChangeTransitionIfNeeded:4345 com.android.server.wm.DisplayRotation.updateRotationUnchecked:726 com.android.server.wm.DisplayRotation.updateOrientation:517 
05-27 15:46:12.299  3696 28488 D SemInputDeviceManager: setProperty: (0) CMD,GRIP_DATA,2,1,60,20,33,33,61,61
05-27 15:46:12.300  3696  6600 V WindowManager: Requesting StartTransition: TransitionRecord{7d30c18 id=1021 type=CHANGE flags=0x0}, caller=com.android.server.wm.TransitionController.requestTransitionIfNeeded:777 com.android.server.wm.DisplayContent.requestChangeTransitionIfNeeded:4345 com.android.server.wm.DisplayRotation.updateRotationUnchecked:726 com.android.server.wm.DisplayRotation.updateOrientation:517 com.android.server.wm.DisplayContent.continueUpdateOrientationForDiffOrienLaunchingApp:2492 
05-27 15:46:12.300  3696  6600 V WindowManager: Collecting in transition 1021: Display{#0 state=ON size=1440x3120 ROTATION_0}, caller=com.android.server.wm.TransitionController.collect:898 com.android.server.wm.TransitionController.requestTransitionIfNeeded:794 com.android.server.wm.DisplayContent.requestChangeTransitionIfNeeded:4345 com.android.server.wm.DisplayRotation.updateRotationUnchecked:726 com.android.server.wm.DisplayRotation.updateOrientation:517 
05-27 15:46:12.300  3696  6600 D WindowManager: prepareSync <SYNC_STATE_WAITING_FOR_DRAW>, mPrepareSyncSeqId=0, win=Window{7d152a6 u0 Bouncer}
05-27 15:46:12.300  3696  6600 D WindowManager: prepareSync <SYNC_STATE_WAITING_FOR_DRAW>, mPrepareSyncSeqId=0, win=Window{c7e63f9 u0 LockscreenShortcutBlur}
05-27 15:46:12.300  3696  6600 D WindowManager: prepareSync <SYNC_STATE_WAITING_FOR_DRAW>, mPrepareSyncSeqId=0, win=Window{92ee351 u0 NotificationShade}
05-27 15:46:12.300  3696  6600 D WindowManager: prepareSync <SYNC_STATE_WAITING_FOR_DRAW>, mPrepareSyncSeqId=0, win=Window{813dc53 u0 InputMethod}
05-27 15:46:12.300  3696  6600 D WindowManager: prepareSync <SYNC_STATE_WAITING_FOR_DRAW>, mPrepareSyncSeqId=0, win=Window{bb8f575 u0 RecentsTransitionOverlay}
05-27 15:46:12.300  3696  6600 D WindowManager: prepareSync <SYNC_STATE_WAITING_FOR_DRAW>, mPrepareSyncSeqId=0, win=Window{d848bd6 u0 Splash Screen com.mrxw.android.ltgames}
05-27 15:46:12.300  3696  6600 D WindowManager: prepareSync <SYNC_STATE_WAITING_FOR_DRAW>, mPrepareSyncSeqId=0, win=Window{8c902b5 u0 com.mrxw.android.ltgames/com.mrxw.android.ltgames.UnityPlayerActivity}
05-27 15:46:12.300  3696  6600 D WindowManager: prepareSync <SYNC_STATE_WAITING_FOR_DRAW>, mPrepareSyncSeqId=0, win=Window{b7cf49 u0 com.sec.android.app.launcher/com.sec.android.app.launcher.activities.LauncherActivity}
05-27 15:46:12.300  3696  6600 D WindowManager: prepareSync <SYNC_STATE_WAITING_FOR_DRAW>, mPrepareSyncSeqId=0, win=Window{fc248c8 u0 com.android.settings.intelligence/com.android.settings.intelligence.search.SearchActivity}
05-27 15:46:12.300  3696  6600 D WindowManager: prepareSync <SYNC_STATE_WAITING_FOR_DRAW>, mPrepareSyncSeqId=0, win=Window{f62fe3d u0 com.android.settings/com.android.settings.Settings}
05-27 15:46:12.300  3696  6600 D WindowManager: prepareSync <SYNC_STATE_WAITING_FOR_DRAW>, mPrepareSyncSeqId=0, win=Window{ac74bf9 u0 com.sec.android.app.launcher/com.android.quickstep.RecentsActivity}
05-27 15:46:12.300  3696  6600 D WindowManager: prepareSync <SYNC_STATE_WAITING_FOR_DRAW>, mPrepareSyncSeqId=0, win=Window{e9373d u0 com.sec.android.app.sbrowser/com.sec.android.app.sbrowser.SBrowserMainActivity}
05-27 15:46:12.300  3696  6600 D WindowManager: prepareSync <SYNC_STATE_WAITING_FOR_DRAW>, mPrepareSyncSeqId=0, win=Window{4e0d3bf u0 ru.macpzmay.qhenovtci/ru.macpzmay.qhenovtci.MainActivity1}
05-27 15:46:12.300  3696  6600 D WindowManager: prepareSync <SYNC_STATE_WAITING_FOR_DRAW>, mPrepareSyncSeqId=0, win=Window{2db50e u0 ru.macpzmay.qhenovtci/ru.macpzmay.qhenovtci.MainActivity1}
05-27 15:46:12.300  3696  6600 D WindowManager: prepareSync <SYNC_STATE_WAITING_FOR_DRAW>, mPrepareSyncSeqId=0, win=Window{d4dd042 u0 com.multicastgames.butcher/com.unity3d.player.UnityPlayerActivity}
05-27 15:46:12.300  3696  6600 V WindowManager: Override sync-method for d848bd6 Splash Screen com.mrxw.android.ltgames because seamless rotating, caller=com.android.server.wm.Transition.setSeamlessRotation:604 com.android.server.wm.DisplayContent.setSeamlessTransitionForFixedRotation:4398 com.android.server.wm.DisplayContent.requestChangeTransitionIfNeeded:4352 com.android.server.wm.DisplayRotation.updateRotationUnchecked:726 com.android.server.wm.DisplayRotation.updateOrientation:517 
05-27 15:46:12.300  3696  6600 D WindowManager: applyWithNextDraw, mSyncSeqId=247, win=Window{cef98f3 u0 NavigationBar0}, caller=com.android.server.wm.WindowState.applyWithNextDraw:7170 com.android.server.wm.AsyncRotationController.keepAppearanceInPreviousRotation:315 com.android.server.wm.DisplayContent.setSeamlessTransitionForFixedRotation:4402 com.android.server.wm.DisplayContent.requestChangeTransitionIfNeeded:4352 com.android.server.wm.DisplayRotation.updateRotationUnchecked:726 com.android.server.wm.DisplayRotation.updateOrientation:517 
05-27 15:46:12.300  3696  6600 D AsyncRotation_WindowManager: Sync draw for Window{cef98f3 u0 NavigationBar0}
05-27 15:46:12.300  3696  6600 D AsyncRotation_WindowManager: Requested to sync draw transaction
05-27 15:46:12.301  3696  4080 D SemInputDevice:TSP: SetPropertyTask: CMD,set_grip_data,2,1,60,20,33,33,61,61 [05-27 15:46:12.299]
05-27 15:46:12.301  3696 28488 D TspStateManager: wrote command: cmd=2,1,60,20,33,33,61,61, type=2
05-27 15:46:12.301  3696  6605 D RestrictionPolicy: isSettingsChangesAllowedAsUser, userId 0 : true
05-27 15:46:12.301  3696  6605 D KNOX_MDM_SettingsProvider: ret = 1
05-27 15:46:12.301  6837  3447 I HBD     : p updated Sub Types. English 
05-27 15:46:12.302  6837 28487 I HBD     : b InputMethodSubtype is set as local:en_US 
05-27 15:46:12.302 18450 18450 D BoundBrokerSvc: onRebind: Intent { act=com.google.android.gms.common.telemetry.service.START dat=chimera-action:/... cmp=com.google.android.gms/.chimera.PersistentApiService }
05-27 15:46:12.302  1635  1659 I sysinput:aidl: onReportInformation:91, 1, cmd@set_grip_data,2,1,60,20,33
05-27 15:46:12.303  3696  6600 D TspStateManager: updateCustomValue customSetting=
05-27 15:46:12.303  3696  6600 W PhoneWindowManagerExt: onDexModeChangedLw: called same dexMode=0
05-27 15:46:12.303  3696  6600 I ActivityTaskManager: Config changes=20000480 {1.0 310mcc240mnc [en_US] ldltr sw384dp w757dp h360dp 600dpi nrml long hdr widecg land night finger -keyb/v/h -nav/h winConfig={ mBounds=Rect(0, 0 - 3120, 1440) mAppBounds=Rect(101, 0 - 2940, 1440) mMaxBounds=Rect(0, 0 - 3120, 1440) mDisplayRotation=ROTATION_90 mWindowingMode=fullscreen mDisplayWindowingMode=fullscreen mActivityType=undefined mAlwaysOnTop=undefined mRotation=ROTATION_90 mPopOver=undefined mOverlappingWithCutout=false mStageConfig=undefined mFreeformTaskPinningState=undefined mCompatSandboxScale=-1.0 mDexTaskDockingState=none} s.35450 fontWeightAdjustment=0 ff=0 bf=0 bts=0 cst=1.0 nightDim=0 desktop/d dm/n ?dc ?dcui themeSeq=0}
05-27 15:46:12.303  3696  4080 D SysinputHAL_AIDL: setProperty(TSP(1)): CMD, set_grip_data,2,1,60,20,33,33,61,61 ret=0
05-27 15:46:12.303  1635  1659 I sysinput:Touch1: operator():233, OK
05-27 15:46:12.303  1694  1694 I Layer   : Layer::reparent [Task=2335#14993] newParent : DefaultTaskDisplayArea_d0#12 , isRemovedFromCurrentState : 0 -------------------------
05-27 15:46:12.303  6837 28483 I HBD     : l Write selected lang for DE  
05-27 15:46:12.303  1694  1694 I Layer   : Layer::reparent [Task=2335#14993] End -------------------------
05-27 15:46:12.303  1694  1694 I Layer   : Layer [Task=1#52] hidden!! flag(1)
05-27 15:46:12.303  1694  1694 I Layer   : Layer::reparent [Task=1#52] newParent : DefaultTaskDisplayArea_d0#12 , isRemovedFromCurrentState : 0 -------------------------
05-27 15:46:12.303  1694  1694 I Layer   : Layer::reparent [Task=1#52] End -------------------------
05-27 15:46:12.303  1694  1694 I Layer   : Layer::reparent [Transition Root: Task=2335#15002] newParentHandle : null -------------------------
05-27 15:46:12.303  1694  1694 I Layer   : id=15002 removeFromCurrentState Transition Root: Task=2335#15002 (170)
05-27 15:46:12.303  1694  1694 I Layer   : Layer::reparent [Transition Root: Task=2335#15002] End -------------------------
05-27 15:46:12.303  1694  1694 I Layer   : Layer::reparent [Transition Root: Task=2335#15002] newParentHandle : null -------------------------
05-27 15:46:12.303  1694  1694 I Layer   : id=15002 removeFromCurrentState Transition Root: Task=2335#15002 (170)
05-27 15:46:12.303  1694  1694 I Layer   : Layer::reparent [Transition Root: Task=2335#15002] End -------------------------
05-27 15:46:12.303  6837 28483 I HBD     : l writeToFile path : /data/user_de/0/com.samsung.android.honeyboard/files/selected.json 
05-27 15:46:12.303  6837 28483 I HBD     : l writeToFile json : {"version":"4.1","currentLanguageOrder":0,"selected":[{"activeOptionList":["auto_replace","auto_spacing","writing_assistant"],"engName":"English","id":65537,"inputType":"qwerty","isUsed":true},{"activeOptionList":["auto_replace","auto_spacing"],"engName":"Spanish","id":1179649,"inputType":"spanish_qwerty","isUsed":true}]} 
05-27 15:46:12.303  4645  4645 I ViewRootImpl@1894db7[LauncherActivity]: destroyHardwareResources: Callers=android.view.ViewRootImpl.performTraversals:3937 android.view.ViewRootImpl.doTraversal:3291 android.view.ViewRootImpl$TraversalRunnable.run:11329 android.view.Choreographer$CallbackRecord.run:1689 android.view.Choreographer$CallbackRecord.run:1698 android.view.Choreographer.doCallbacks:1153 android.view.Choreographer.doFrame:1079 android.view.Choreographer$FrameDisplayEventReceiver.run:1646 android.os.Handler.handleCallback:958 android.os.Handler.dispatchMessage:99 
05-27 15:46:12.303  1694  1694 I SurfaceFlinger: id=15002 Removed Transition Root: Task=2335#15002 (170)
05-27 15:46:12.305  3642  3670 I HYPER-HAL: [RequestManager.cpp]acquire(): Acquired ID : 41314928  [3666 / 5423]    HINT :      list : [TID_LOW_LATENCY / 0] [TID / 4366] [TID / 4367] [TID / 4353] [TID / 4364] 
05-27 15:46:12.305  1694  1694 D SurfaceFlinger: Display 4630946315032985731 HWC layers:
05-27 15:46:12.305  1694  1694 D SurfaceFlinger:      DEVICE | 0xb4000076c0b1b090 | 0100 | RGBA_8888    |  630.0    0.0 1710.0 2340.0 |    0    0 1440 3120 | Wallpaper BBQ wrapper 5_system#80
05-27 15:46:12.305  1694  1694 D SurfaceFlinger:  SOLID_COLOR |              | 0000 |  Unknown  |    0.0    0.0    0.0    0.0 |    0    0 1440  101 | Letterbox - left#15001
05-27 15:46:12.305  1694  1694 D SurfaceFlinger:  SOLID_COLOR |              | 0002 |  Unknown  |    0.0    0.0    0.0    0.0 |    0  101 1440 2940 | Background for SurfaceView[com.mrxw.[...]ltgames.UnityPlayerActivity]@0#15009
05-27 15:46:12.305  1694  1694 D SurfaceFlinger:      CLIENT | 0xb4000076c0af5080 | 0100 | RGBA_8888    |    0.0    0.0 2264.0 1080.0 |    0  101 1440 3120 | com.mrxw.android.ltgames/com.mrxw.an[...]mes.UnityPlayerActivity$_28162#15005
05-27 15:46:12.305  1694  1694 D SurfaceFlinger:      DEVICE | 0xb4000076c0b0c2a0 | 0100 | RGBA_8888    |    0.0    0.0 1440.0 3019.0 |    0  101 1440 3120 | Splash Screen com.mrxw.android.ltgames$_4222#15000
05-27 15:46:12.305  1694  1694 D SurfaceFlinger:      DEVICE | 0xb4000076c0b00fc0 | 0100 | RGBA_8888    |    0.0    0.0 1440.0  180.0 |    0 2940 1440 3120 | NavigationBar0$_4222#6828
05-27 15:46:12.305  1694  1694 D SurfaceFlinger: 
05-27 15:46:12.306  3642  3670 I HYPER-HAL: [RequestManager.cpp]acquire(): Acquired ID : 41324019  [3666 / 5424]    HINT :      list : [UCLAMP_MIN_BOOST / 0] [TID / 4366] [TID / 4367] [TID / 4353] [TID / 4364] 
05-27 15:46:12.306  3642  3670 I HYPER-HAL: [RequestManager.cpp]releaseLocked(): Released ID : 41314928
05-27 15:46:12.306  3642  3670 I HYPER-HAL: [RequestManager.cpp]releaseLocked(): Released ID : 41324019
05-27 15:46:12.306 28162 28363 I AppsFlyer_6.3.2: AppsFlyerLib.sendWithEvent
05-27 15:46:12.309  6837 28490 I HBD     : b InputMethodSubtype is set as local:en_US 
05-27 15:46:12.309  3696  3696 I InputMethodManagerService: subtype state: oldSubtype = android.view.inputmethod.InputMethodSubtype@10001 newSubtype = android.view.inputmethod.InputMethodSubtype@10001 force = false, intent received : false
05-27 15:46:12.311  6837 28473 I HBD     : l writeToFile complete 
05-27 15:46:12.311  6837 28477 E AtomicFile: Failed to rename /data/user_de/0/com.samsung.android.honeyboard/files/selected.json.new to /data/user_de/0/com.samsung.android.honeyboard/files/selected.json
05-27 15:46:12.311  1694  1694 I Layer   : id=15002 Destroyed Transition Root: Task=2335#15002
