05-27 15:46:12.054 28162 28278 I [ui]main_conn: 2/doConnect: tag#main_conn count#0
05-27 15:46:12.054 28162 28278 I [ui]main_conn: 2/doConnect: start & bind service#Intent { cmp=com.mrxw.android.ltgames/com.qiyukf.nimlib.service.NimService (has extras) }
05-27 15:46:12.055  3696  3892 I ActivityManager: Killing 25849:com.google.android.apps.tachyon/u0a259 (adj 999): empty #33
05-27 15:46:12.057  3696  5333 D ActivityManager: unpendingScheduleServiceRestart: u=10259, drop=true
05-27 15:46:12.058 28256 28256 D nativeloader: Load libframework-connectivity-tiramisu-jni.so using APEX ns com_android_tethering for caller /apex/com.android.tethering/javalib/framework-connectivity-t.jar: ok
05-27 15:46:12.060 28256 28256 D ActivityThread: setConscryptValidator
05-27 15:46:12.060 28256 28256 D ActivityThread: setConscryptValidator - put
05-27 15:46:12.061 28162 28278 D [ui]AppForegroundWatcher: 2/add AppForegroundObserver
05-27 15:46:12.061 28162 28278 I [ui]InvocationMgr: 2/on notify: Transaction: [id: 1, sync: false, priority: 0,   method: SdkLifecycleObserver/observeMainProcessInitCompleteResult]
05-27 15:46:12.061 28162 28278 I [ui]ui  : 2/main process init done!
05-27 15:46:12.062  3696  3814 I libprocessgroup: Successfully killed process cgroup uid 10259 pid 25849 in 5ms
05-27 15:46:12.062 28162 28278 I [ui]ui  : 2/SDK check PreferenceContentProvider
05-27 15:46:12.062 28162 28278 I [ui]ui  : 2/ComponentName = ComponentInfo{com.mrxw.android.ltgames/com.qiyukf.nimlib.ipc.cp.provider.PreferenceContentProvider}
05-27 15:46:12.063 28162 28278 I [ui]ui  : 2/class com.qiyukf.nimlib.ipc.cp.provider.PreferenceContentProvider is ContentProvider
05-27 15:46:12.063 28162 28278 I [ui]ui  : 2/ComponentInfo = ContentProviderInfo{name=com.mrxw.android.ltgames.qiyukf.ipc.provider.preference className=com.qiyukf.nimlib.ipc.cp.provider.PreferenceContentProvider}
05-27 15:46:12.063 28162 28278 I [ui]ui  : 2/SDK AndroidManifest.xml mustCheck success !
05-27 15:46:12.063 28162 28278 I [ui]DeviceIdStore: 2/get file succeed, path=/data/user/0/com.mrxw.android.ltgames/422289bbaa827d8a33997b8c5a47528e/nim_device2
05-27 15:46:12.064 28162 28278 I [ui]DeviceIdStore: 2/read device id from nim_device2: e6bf678a-b0c6-4212-93f3-a1a29d1adeb8
05-27 15:46:12.064  1694  1694 D SurfaceFlinger: Display 4630946315032985731 HWC layers:
05-27 15:46:12.064  1694  1694 D SurfaceFlinger:      CLIENT | 0xb4000076c0b1b090 | 0100 | RGBA_8888    |  630.0    0.0 1710.0 2340.0 |    0    0 1440 3120 | Wallpaper BBQ wrapper 5_system#80
05-27 15:46:12.064  1694  1694 D SurfaceFlinger:      CLIENT | 0xb4000076c0b19f20 | 0100 | RGBA_8888    |    0.0    0.0 1440.0 3120.0 |    0    0 1440 3120 | com.sec.android.app.launcher/com.sec[...]ivities.LauncherActivity$_4645#14983 (blurRegions)
05-27 15:46:12.064  1694  1694 D SurfaceFlinger:      CLIENT |              | 0000 |  Unknown  |    0.0    0.0    0.0    0.0 |   36   78 1404  174 | Letterbox - left#15001
05-27 15:46:12.064  1694  1694 D SurfaceFlinger:      CLIENT | 0xb4000076c0b14370 | 0100 | RGBA_8888    |    0.0    0.0 3019.0 1440.0 |   36  174 1404 3042 | Splash Screen com.mrxw.android.ltgames$_4222#15000
05-27 15:46:12.064  1694  1694 D SurfaceFlinger:      DEVICE | 0xb4000076c0af88c0 | 0100 | RGBA_8888    |    0.0    0.0 1440.0  180.0 |    0 2940 1440 3120 | NavigationBar0$_4222#6828
05-27 15:46:12.064  1694  1694 D SurfaceFlinger: 
05-27 15:46:12.064  3696  4463 D CompatibilityChangeReporter: Compat change id reported: 168419799; UID 10222; state: DISABLED
05-27 15:46:12.064  3696  4463 D CompatibilityChangeReporter: Compat change id reported: 273564678; UID 10222; state: DISABLED
05-27 15:46:12.064 28162 28278 D [ui]nim_http: 105/http post url=http://statistic.live.126.net/statics/report/common/form
05-27 15:46:12.065 28162 28162 D NIMUtil : get processName from Cache = com.mrxw.android.ltgames
05-27 15:46:12.066  3696  3900 D CompatibilityChangeReporter: Compat change id reported: 265195908; UID 10222; state: ENABLED
05-27 15:46:12.067  4589  4589 D HidDeviceService: handleMessage(): msg.what=8
05-27 15:46:12.067 28162 28278 I [ui]ui  : 103/ResponseFactoryUI register handlers done
05-27 15:46:12.068 28256 28256 D CompatibilityChangeReporter: Compat change id reported: 171979766; UID 10222; state: ENABLED
05-27 15:46:12.068 28256 28256 D CompatibilityChangeReporter: Compat change id reported: 242716250; UID 10222; state: ENABLED
05-27 15:46:12.069 28162 28278 E [ui]nim_http: 105/http post error, e=Unable to resolve host "statistic.live.126.net": No address associated with hostname, url=http://statistic.live.126.net/statics/report/common/form
05-27 15:46:12.070  3696  4463 D CompatibilityChangeReporter: Compat change id reported: 170503758; UID 10222; state: ENABLED
05-27 15:46:12.071 28162 28162 I LogPulseClient: [INFO ] 2026-05-27 15:46:12.070 [main] [LogPulseClient] - config log is success
05-27 15:46:12.072 28162 28162 I com.qiyukf.unicorn.i.a.a: [INFO ] 2026-05-27 15:46:12.072 [main] [com.qiyukf.unicorn.i.a.a] - HttpDnsService is start
05-27 15:46:12.074 28162 28278 I [ui]ui  : 2/ObserverManager add MsgServiceObserve/observeRecentContact
05-27 15:46:12.074 28162 28278 I [ui]ui  : 2/ObserverManager add MsgServiceObserve/observeRecentContactDeleted
05-27 15:46:12.074 28162 28278 I [ui]ui  : 2/ObserverManager add MsgServiceObserve/observeCustomNotification
05-27 15:46:12.074 28162 28278 I [ui]ui  : 2/ObserverManager add MsgServiceObserve/observeMsgStatus
05-27 15:46:12.074 28162 28278 I [ui]ui  : 2/ObserverManager add MsgServiceObserve/observeReceiveMessage
05-27 15:46:12.075 28162 28278 I [ui]ui  : 2/ObserverManager add AuthServiceObserver/observeOnlineStatus
05-27 15:46:12.075 28162 28278 D [ui]set status: 2/SDKState.getStatus():UNLOGIN
05-27 15:46:12.075 28162 28162 I com.qiyukf.uikit.session.emoji.StickerManager: [INFO ] 2026-05-27 15:46:12.075 [main] [c.q.u.session.emoji.StickerManager] - Sticker Manager init...
05-27 15:46:12.075 28162 28278 I [ui]ui  : 2/ObserverManager add AuthServiceObserver/observeOnlineStatus
05-27 15:46:12.075 28162 28278 D [ui]set status: 2/SDKState.getStatus():UNLOGIN
05-27 15:46:12.075 28162 28278 I [ui]ui  : 2/ObserverManager add MsgServiceObserve/observeCustomNotification
05-27 15:46:12.075 28162 28307 I com.qiyukf.unicorn.i.a.c: [INFO ] 2026-05-27 15:46:12.075 [HT-Unicorn-HTTP] [com.qiyukf.unicorn.i.a.c] - http request url=https://ap1.servehub.aiconn.com/webapi/emoji/emojiPackage/map?appKey=422289bbaa827d8a33997b8c5a47528e
05-27 15:46:12.075 28162 28162 I com.qiyukf.unicorn.m.a: [INFO ] 2026-05-27 15:46:12.075 [main] [com.qiyukf.unicorn.m.a] - is init...
05-27 15:46:12.075 28162 28162 I com.qiyukf.uikit.a: [INFO ] 2026-05-27 15:46:12.075 [main] [com.qiyukf.uikit.a] - ImageLoaderKit
05-27 15:46:12.075 28162 28162 I com.qiyukf.unicorn.c: [INFO ] 2026-05-27 15:46:12.075 [main] [com.qiyukf.unicorn.c] - init sdk is end
05-27 15:46:12.075 28162 28162 D com.leiting.sdk: qiyuHelper Initialization Done!
05-27 15:46:12.076 28162 28308 I com.qiyukf.unicorn.i.a.c: [INFO ] 2026-05-27 15:46:12.075 [HT-StatisticsManager] [com.qiyukf.unicorn.i.a.c] - http request url=https://ap1.servehub.aiconn.com/webapi/user/da/config?appKey=422289bbaa827d8a33997b8c5a47528e
05-27 15:46:12.077  3605  3605 D Zygote  : Forked child process 28312
05-27 15:46:12.077  3696  3813 I ActivityManager: Start proc 28312:com.mrxw.android.ltgames:core/u0a572 for service {com.mrxw.android.ltgames/com.qiyukf.nimlib.service.NimService}
05-27 15:46:12.077 28162 28305 W System.err: java.net.UnknownHostException: Unable to resolve host "ap1.servehub.aiconn.com": No address associated with hostname
05-27 15:46:12.077 28162 28305 W System.err: 	at java.net.Inet6AddressImpl.lookupHostByName(Inet6AddressImpl.java:124)
05-27 15:46:12.077 28162 28305 W System.err: 	at java.net.Inet6AddressImpl.lookupAllHostAddr(Inet6AddressImpl.java:103)
05-27 15:46:12.077 28162 28305 W System.err: 	at java.net.InetAddress.getAllByName(InetAddress.java:1152)
05-27 15:46:12.077 28162 28305 W System.err: 	at com.qiyukf.unicorn.httpdns.util.b.a(LocalDNSUtil.java:31)
05-27 15:46:12.077 28162 28305 W System.err: 	at com.qiyukf.unicorn.httpdns.a.a(HttpDnsService.java:430)
05-27 15:46:12.077 28162 28305 W System.err: 	at com.qiyukf.unicorn.httpdns.a.a(HttpDnsService.java:3269)
05-27 15:46:12.077 28162 28305 W System.err: 	at com.qiyukf.unicorn.httpdns.a$1.run(HttpDnsService.java:202)
05-27 15:46:12.077 28162 28305 W System.err: 	at java.util.concurrent.ThreadPoolExecutor.runWorker(ThreadPoolExecutor.java:1154)
05-27 15:46:12.077 28162 28305 W System.err: 	at java.util.concurrent.ThreadPoolExecutor$Worker.run(ThreadPoolExecutor.java:652)
05-27 15:46:12.077 28162 28305 W System.err: 	at java.lang.Thread.run(Thread.java:1564)
05-27 15:46:12.078 28162 28305 W System.err: java.net.UnknownHostException: Unable to resolve host "ap1.servehub.aiconn.com": No address associated with hostname
05-27 15:46:12.078 28162 28305 W System.err: 	at java.net.Inet6AddressImpl.lookupHostByName(Inet6AddressImpl.java:124)
05-27 15:46:12.078 28162 28305 W System.err: 	at java.net.Inet6AddressImpl.lookupAllHostAddr(Inet6AddressImpl.java:103)
05-27 15:46:12.078 28162 28305 W System.err: 	at java.net.InetAddress.getAllByName(InetAddress.java:1152)
05-27 15:46:12.078 28162 28305 W System.err: 	at com.qiyukf.unicorn.httpdns.util.b.a(LocalDNSUtil.java:31)
05-27 15:46:12.078 28162 28305 W System.err: 	at com.qiyukf.unicorn.httpdns.a.a(HttpDnsService.java:3280)
05-27 15:46:12.078 28162 28305 W System.err: 	at com.qiyukf.unicorn.httpdns.a$1.run(HttpDnsService.java:202)
05-27 15:46:12.078 28162 28305 W System.err: 	at java.util.concurrent.ThreadPoolExecutor.runWorker(ThreadPoolExecutor.java:1154)
05-27 15:46:12.078 28162 28305 W System.err: 	at java.util.concurrent.ThreadPoolExecutor$Worker.run(ThreadPoolExecutor.java:652)
05-27 15:46:12.078 28162 28305 W System.err: 	at java.lang.Thread.run(Thread.java:1564)
05-27 15:46:12.078 28162 28314 D com.leiting.sdk: https://cfgsdkos.leiting.com/7/310001_config_20181019.json?
05-27 15:46:12.078 28162 28314 D com.leiting.sdk: null
05-27 15:46:12.079 28162 28317 W System.err: java.net.UnknownHostException: Unable to resolve host "ap1.servehub.aiconn.com": No address associated with hostname
05-27 15:46:12.079 28162 28317 W System.err: 	at java.net.Inet6AddressImpl.lookupHostByName(Inet6AddressImpl.java:124)
05-27 15:46:12.079 28162 28317 W System.err: 	at java.net.Inet6AddressImpl.lookupAllHostAddr(Inet6AddressImpl.java:103)
05-27 15:46:12.079 28162 28317 W System.err: 	at java.net.InetAddress.getAllByName(InetAddress.java:1152)
05-27 15:46:12.079 28162 28317 W System.err: 	at com.qiyukf.unicorn.httpdns.util.b.a(LocalDNSUtil.java:31)
05-27 15:46:12.079 28162 28317 W System.err: 	at com.qiyukf.unicorn.httpdns.a.a(HttpDnsService.java:430)
05-27 15:46:12.079 28162 28317 W System.err: 	at com.qiyukf.unicorn.httpdns.a.a(HttpDnsService.java:3269)
05-27 15:46:12.079 28162 28317 W System.err: 	at com.qiyukf.unicorn.httpdns.a$1.run(HttpDnsService.java:202)
05-27 15:46:12.079 28162 28317 W System.err: 	at java.util.concurrent.ThreadPoolExecutor.runWorker(ThreadPoolExecutor.java:1154)
05-27 15:46:12.079 28162 28317 W System.err: 	at java.util.concurrent.ThreadPoolExecutor$Worker.run(ThreadPoolExecutor.java:652)
05-27 15:46:12.079 28162 28317 W System.err: 	at java.lang.Thread.run(Thread.java:1564)
05-27 15:46:12.079 28162 28317 W System.err: java.net.UnknownHostException: Unable to resolve host "ap1.servehub.aiconn.com": No address associated with hostname
05-27 15:46:12.079 28162 28317 W System.err: 	at java.net.Inet6AddressImpl.lookupHostByName(Inet6AddressImpl.java:124)
05-27 15:46:12.079 28162 28317 W System.err: 	at java.net.Inet6AddressImpl.lookupAllHostAddr(Inet6AddressImpl.java:103)
05-27 15:46:12.079 28162 28317 W System.err: 	at java.net.InetAddress.getAllByName(InetAddress.java:1152)
05-27 15:46:12.079 28162 28317 W System.err: 	at com.qiyukf.unicorn.httpdns.util.b.a(LocalDNSUtil.java:31)
05-27 15:46:12.079 28162 28317 W System.err: 	at com.qiyukf.unicorn.httpdns.a.a(HttpDnsService.java:3280)
05-27 15:46:12.079 28162 28317 W System.err: 	at com.qiyukf.unicorn.httpdns.a$1.run(HttpDnsService.java:202)
05-27 15:46:12.079 28162 28317 W System.err: 	at java.util.concurrent.ThreadPoolExecutor.runWorker(ThreadPoolExecutor.java:1154)
05-27 15:46:12.079 28162 28317 W System.err: 	at java.util.concurrent.ThreadPoolExecutor$Worker.run(ThreadPoolExecutor.java:652)
05-27 15:46:12.079 28162 28317 W System.err: 	at java.lang.Thread.run(Thread.java:1564)
05-27 15:46:12.082 28162 28209 I DynamiteModule: Considering local module com.google.android.gms.ads.dynamite:0 and remote module com.google.android.gms.ads.dynamite:260480602
05-27 15:46:12.082 28162 28209 I DynamiteModule: Selected remote version of com.google.android.gms.ads.dynamite, version >= 260480602
05-27 15:46:12.082 28162 28209 V DynamiteModule: Dynamite loader version >= 2, using loadModule2NoCrashUtils
05-27 15:46:12.083 28162 28162 I DecorView: setWindowBackground: isPopOver=false color=fffafafa d=android.graphics.drawable.ColorDrawable@d10b331
05-27 15:46:12.084 28162 28162 D nativeloader: Load /data/app/~~ccnQWT_i0GU7Xw3TAPtzAg==/com.mrxw.android.ltgames-4tLChwwvYOz3aBW6jL7mhg==/lib/arm64/libmain.so using class loader ns clns-4 (caller=/data/app/~~ccnQWT_i0GU7Xw3TAPtzAg==/com.mrxw.android.ltgames-4tLChwwvYOz3aBW6jL7mhg==/base.apk!classes4.dex): ok
05-27 15:46:12.084 28162 28209 W android.ltgames: ClassLoaderContext classpath element checksum mismatch. expected=217194814, found=167789825 (DLC[];PCL[base.apk*217194814]{PCL[/system/framework/org.apache.http.legacy.jar*365604909]#PCL[/system/system_ext/framework/org.carconnectivity.android.digitalkey.rangingintent.jar*560278203]#PCL[/system/system_ext/framework/org.carconnectivity.android.digitalkey.secureelement.jar*3277496667]#PCL[/system_ext/framework/org.carconnectivity.android.digitalkey.timesync.jar*1887653037]#PCL[/system/framework/com.android.location.provider.jar*3994156537]#PCL[/system/framework/com.android.media.remotedisplay.jar*2114713712]#PCL[/system/framework/samsung.uwb.jar*410490339]} | DLC[];PCL[/data/app/~~ccnQWT_i0GU7Xw3TAPtzAg==/com.mrxw.android.ltgames-4tLChwwvYOz3aBW6jL7mhg==/base.apk*167789825])
05-27 15:46:12.086 28162 28308 E com.qiyukf.unicorn.l.b: [ERROR] 2026-05-27 15:46:12.086 [HT-StatisticsManager] [com.qiyukf.unicorn.l.b] - get da config is exception:
05-27 15:46:12.086 28162 28308 E com.qiyukf.unicorn.l.b: com.qiyukf.unicorn.i.a.d: get request error code is: 408
05-27 15:46:12.086 28162 28308 E com.qiyukf.unicorn.l.b: 	at com.qiyukf.unicorn.i.a.c.a(YSFHttpClient.java:30)
05-27 15:46:12.086 28162 28308 E com.qiyukf.unicorn.l.b: 	at com.qiyukf.unicorn.i.a.a(YSFClient.java:230)
05-27 15:46:12.086 28162 28308 E com.qiyukf.unicorn.l.b: 	at com.qiyukf.unicorn.l.b.a(StatisticsManager.java:1275)
05-27 15:46:12.086 28162 28308 E com.qiyukf.unicorn.l.b: 	at com.qiyukf.unicorn.l.b$1.run(StatisticsManager.java:57)
05-27 15:46:12.086 28162 28308 E com.qiyukf.unicorn.l.b: 	at android.os.Handler.handleCallback(Handler.java:958)
05-27 15:46:12.086 28162 28308 E com.qiyukf.unicorn.l.b: 	at android.os.Handler.dispatchMessage(Handler.java:99)
05-27 15:46:12.086 28162 28308 E com.qiyukf.unicorn.l.b: 	at android.os.Looper.loopOnce(Looper.java:230)
05-27 15:46:12.086 28162 28308 E com.qiyukf.unicorn.l.b: 	at android.os.Looper.loop(Looper.java:319)
05-27 15:46:12.086 28162 28308 E com.qiyukf.unicorn.l.b: 	at android.os.HandlerThread.run(HandlerThread.java:67)
05-27 15:46:12.086 28162 28308 E com.qiyukf.unicorn.l.b: Caused by: java.net.UnknownHostException: Unable to resolve host "ap1.servehub.aiconn.com": No address associated with hostname
05-27 15:46:12.086 28162 28308 E com.qiyukf.unicorn.l.b: 	at java.net.Inet6AddressImpl.lookupHostByName(Inet6AddressImpl.java:156)
05-27 15:46:12.086 28162 28308 E com.qiyukf.unicorn.l.b: 	at java.net.Inet6AddressImpl.lookupAllHostAddr(Inet6AddressImpl.java:103)
05-27 15:46:12.086 28162 28308 E com.qiyukf.unicorn.l.b: 	at java.net.InetAddress.getAllByName(InetAddress.java:1152)
05-27 15:46:12.086 28162 28308 E com.qiyukf.unicorn.l.b: 	at com.android.okhttp.Dns$1.lookup(Dns.java:41)
05-27 15:46:12.086 28162 28308 E com.qiyukf.unicorn.l.b: 	at com.android.okhttp.internal.http.RouteSelector.resetNextInetSocketAddress(RouteSelector.java:178)
05-27 15:46:12.086 28162 28308 E com.qiyukf.unicorn.l.b: 	at com.android.okhttp.internal.http.RouteSelector.nextProxy(RouteSelector.java:144)
05-27 15:46:12.086 28162 28308 E com.qiyukf.unicorn.l.b: 	at com.android.okhttp.internal.http.RouteSelector.next(RouteSelector.java:86)
05-27 15:46:12.086 28162 28308 E com.qiyukf.unicorn.l.b: 	at com.android.okhttp.internal.http.StreamAllocation.findConnection(StreamAllocation.java:176)
05-27 15:46:12.086 28162 28308 E com.qiyukf.unicorn.l.b: 	at com.android.okhttp.internal.http.StreamAllocation.findHealthyConnection(StreamAllocation.java:128)
05-27 15:46:12.086 28162 28308 E com.qiyukf.unicorn.l.b: 	at com.android.okhttp.internal.http.StreamAllocation.newStream(StreamAllocation.java:97)
05-27 15:46:12.086 28162 28308 E com.qiyukf.unicorn.l.b: 	at com.android.okhttp.internal.http.HttpEngine.connect(HttpEngine.java:289)
05-27 15:46:12.086 28162 28308 E com.qiyukf.unicorn.l.b: 	at com.android.okhttp.internal.http.HttpEngine.sendRequest(HttpEngine.java:232)
05-27 15:46:12.086 28162 28308 E com.qiyukf.unicorn.l.b: 	at com.android.okhttp.internal.huc.HttpURLConnectionImpl.execute(HttpURLConnectionImpl.java:465)
05-27 15:46:12.086 28162 28308 E com.qiyukf.unicorn.l.b: 	at com.android.okhttp.internal.huc.HttpURLConnectionImpl.getResponse(HttpURLConnectionImpl.java:411)
05-27 15:46:12.086 28162 28308 E com.qiyukf.unicorn.l.b: 	at com.android.okhttp.internal.huc.HttpURLConnectionImpl.getResponseCode(HttpURLConnectionImpl.java:542)
05-27 15:46:12.086 28162 28308 E com.qiyukf.unicorn.l.b: 	at com.android.okhttp.internal.huc.DelegatingHttpsURLConnection.getResponseCode(DelegatingHttpsURLConnection.java:106)
05-27 15:46:12.086 28162 28308 E com.qiyukf.unicorn.l.b: 	at com.android.okhttp.internal.huc.HttpsURLConnectionImpl.getResponseCode(HttpsURLConnectionImpl.java:30)
05-27 15:46:12.086 28162 28308 E com.qiyukf.unicorn.l.b: 	at com.qiyukf.unicorn.i.a.e.a(YsfHttpUtils.java:66)
05-27 15:46:12.086 28162 28308 E com.qiyukf.unicorn.l.b: 	at com.qiyukf.unicorn.i.a.c.a(YSFHttpClient.java:28)
05-27 15:46:12.086 28162 28308 E com.qiyukf.unicorn.l.b: 	... 8 common frames omitted
05-27 15:46:12.086 28162 28308 E com.qiyukf.unicorn.l.b: Caused by: android.system.GaiException: android_getaddrinfo failed: EAI_NODATA (No address associated with hostname)
05-27 15:46:12.086 28162 28308 E com.qiyukf.unicorn.l.b: 	at libcore.io.Linux.android_getaddrinfo(Native Method)
05-27 15:46:12.086 28162 28308 E com.qiyukf.unicorn.l.b: 	at libcore.io.ForwardingOs.android_getaddrinfo(ForwardingOs.java:134)
05-27 15:46:12.086 28162 28308 E com.qiyukf.unicorn.l.b: 	at libcore.io.BlockGuardOs.android_getaddrinfo(BlockGuardOs.java:222)
05-27 15:46:12.086 28162 28308 E com.qiyukf.unicorn.l.b: 	at libcore.io.ForwardingOs.android_getaddrinfo(ForwardingOs.java:134)
05-27 15:46:12.086 28162 28308 E com.qiyukf.unicorn.l.b: 	at java.net.Inet6AddressImpl.lookupHostByName(Inet6AddressImpl.java:135)
05-27 15:46:12.086 28162 28308 E com.qiyukf.unicorn.l.b: 	... 26 common frames omitted
05-27 15:46:12.087  3696  4043 D MdnieScenarioControlService:  packageName : com.mrxw.android.ltgames    className : com.mrxw.android.ltgames.UnityPlayerActivity
05-27 15:46:12.087  3696  4043 V MdnieScenarioControlService: setUIMode from UI function(3)
05-27 15:46:12.091 28162 28305 W System.err: java.net.UnknownHostException: Unable to resolve host "https://ap1.servehub.aiconn.com": No address associated with hostname
05-27 15:46:12.091 28162 28305 W System.err: 	at java.net.Inet6AddressImpl.lookupHostByName(Inet6AddressImpl.java:156)
05-27 15:46:12.091 28162 28305 W System.err: 	at java.net.Inet6AddressImpl.lookupAllHostAddr(Inet6AddressImpl.java:103)
05-27 15:46:12.091 28162 28305 W System.err: 	at java.net.InetAddress.getAllByName(InetAddress.java:1152)
05-27 15:46:12.091 28162 28305 W System.err: 	at com.qiyukf.unicorn.httpdns.util.b.a(LocalDNSUtil.java:31)
05-27 15:46:12.091 28162 28305 W System.err: 	at com.qiyukf.unicorn.httpdns.a.a(HttpDnsService.java:3220)
05-27 15:46:12.091 28162 28305 W System.err: 	at com.qiyukf.unicorn.httpdns.a$1.run(HttpDnsService.java:202)
05-27 15:46:12.091 28162 28305 W System.err: 	at java.util.concurrent.ThreadPoolExecutor.runWorker(ThreadPoolExecutor.java:1154)
05-27 15:46:12.091 28162 28305 W System.err: 	at java.util.concurrent.ThreadPoolExecutor$Worker.run(ThreadPoolExecutor.java:652)
05-27 15:46:12.091 28162 28305 W System.err: 	at java.lang.Thread.run(Thread.java:1564)
05-27 15:46:12.091 28162 28305 W System.err: Caused by: android.system.GaiException: android_getaddrinfo failed: EAI_NODATA (No address associated with hostname)
05-27 15:46:12.091 28162 28305 W System.err: 	at libcore.io.Linux.android_getaddrinfo(Native Method)
05-27 15:46:12.091 28162 28305 W System.err: 	at libcore.io.ForwardingOs.android_getaddrinfo(ForwardingOs.java:134)
05-27 15:46:12.091 28162 28305 W System.err: 	at libcore.io.BlockGuardOs.android_getaddrinfo(BlockGuardOs.java:222)
05-27 15:46:12.091 28162 28305 W System.err: 	at libcore.io.ForwardingOs.android_getaddrinfo(ForwardingOs.java:134)
05-27 15:46:12.091 28162 28305 W System.err: 	at java.net.Inet6AddressImpl.lookupHostByName(Inet6AddressImpl.java:135)
05-27 15:46:12.091 28162 28305 W System.err: 	... 8 more
05-27 15:46:12.092 28162 28317 W System.err: java.net.UnknownHostException: Unable to resolve host "https://ap1.servehub.aiconn.com": No address associated with hostname
05-27 15:46:12.092 28162 28317 W System.err: 	at java.net.Inet6AddressImpl.lookupHostByName(Inet6AddressImpl.java:156)
05-27 15:46:12.092 28162 28317 W System.err: 	at java.net.Inet6AddressImpl.lookupAllHostAddr(Inet6AddressImpl.java:103)
05-27 15:46:12.092 28162 28317 W System.err: 	at java.net.InetAddress.getAllByName(InetAddress.java:1152)
05-27 15:46:12.092 28162 28317 W System.err: 	at com.qiyukf.unicorn.httpdns.util.b.a(LocalDNSUtil.java:31)
05-27 15:46:12.092 28162 28317 W System.err: 	at com.qiyukf.unicorn.httpdns.a.a(HttpDnsService.java:3220)
05-27 15:46:12.092 28162 28317 W System.err: 	at com.qiyukf.unicorn.httpdns.a$1.run(HttpDnsService.java:202)
05-27 15:46:12.092 28162 28317 W System.err: 	at java.util.concurrent.ThreadPoolExecutor.runWorker(ThreadPoolExecutor.java:1154)
05-27 15:46:12.092 28162 28317 W System.err: 	at java.util.concurrent.ThreadPoolExecutor$Worker.run(ThreadPoolExecutor.java:652)
05-27 15:46:12.092 28162 28317 W System.err: 	at java.lang.Thread.run(Thread.java:1564)
05-27 15:46:12.092 28162 28317 W System.err: Caused by: android.system.GaiException: android_getaddrinfo failed: EAI_NODATA (No address associated with hostname)
05-27 15:46:12.092 28162 28317 W System.err: 	at libcore.io.Linux.android_getaddrinfo(Native Method)
05-27 15:46:12.092 28162 28317 W System.err: 	at libcore.io.ForwardingOs.android_getaddrinfo(ForwardingOs.java:134)
05-27 15:46:12.092 28162 28317 W System.err: 	at libcore.io.BlockGuardOs.android_getaddrinfo(BlockGuardOs.java:222)
05-27 15:46:12.092 28162 28317 W System.err: 	at libcore.io.ForwardingOs.android_getaddrinfo(ForwardingOs.java:134)
05-27 15:46:12.092 28162 28317 W System.err: 	at java.net.Inet6AddressImpl.lookupHostByName(Inet6AddressImpl.java:135)
05-27 15:46:12.092 28162 28317 W System.err: 	... 8 more
05-27 15:46:12.093 28162 28314 W System.err: java.net.UnknownHostException: Unable to resolve host "cfgsdkos.leiting.com": No address associated with hostname
05-27 15:46:12.093 28162 28314 W System.err: 	at java.net.Inet6AddressImpl.lookupHostByName(Inet6AddressImpl.java:156)
05-27 15:46:12.093 28162 28314 W System.err: 	at java.net.Inet6AddressImpl.lookupAllHostAddr(Inet6AddressImpl.java:103)
05-27 15:46:12.093 28162 28314 W System.err: 	at java.net.InetAddress.getAllByName(InetAddress.java:1152)
05-27 15:46:12.093 28162 28314 W System.err: 	at com.android.okhttp.Dns$1.lookup(Dns.java:41)
05-27 15:46:12.093 28162 28314 W System.err: 	at com.android.okhttp.internal.http.RouteSelector.resetNextInetSocketAddress(RouteSelector.java:178)
05-27 15:46:12.093 28162 28314 W System.err: 	at com.android.okhttp.internal.http.RouteSelector.nextProxy(RouteSelector.java:144)
05-27 15:46:12.093 28162 28314 W System.err: 	at com.android.okhttp.internal.http.RouteSelector.next(RouteSelector.java:86)
05-27 15:46:12.093 28162 28314 W System.err: 	at com.android.okhttp.internal.http.StreamAllocation.findConnection(StreamAllocation.java:176)
05-27 15:46:12.093 28162 28314 W System.err: 	at com.android.okhttp.internal.http.StreamAllocation.findHealthyConnection(StreamAllocation.java:128)
05-27 15:46:12.093 28162 28314 W System.err: 	at com.android.okhttp.internal.http.StreamAllocation.newStream(StreamAllocation.java:97)
05-27 15:46:12.093 28162 28314 W System.err: 	at com.android.okhttp.internal.http.HttpEngine.connect(HttpEngine.java:289)
05-27 15:46:12.093 28162 28314 W System.err: 	at com.android.okhttp.internal.http.HttpEngine.sendRequest(HttpEngine.java:232)
05-27 15:46:12.093 28162 28314 W System.err: 	at com.android.okhttp.internal.huc.HttpURLConnectionImpl.execute(HttpURLConnectionImpl.java:465)
05-27 15:46:12.093 28162 28314 W System.err: 	at com.android.okhttp.internal.huc.HttpURLConnectionImpl.getResponse(HttpURLConnectionImpl.java:411)
05-27 15:46:12.093 28162 28314 W System.err: 	at com.android.okhttp.internal.huc.HttpURLConnectionImpl.getResponseCode(HttpURLConnectionImpl.java:542)
05-27 15:46:12.093 28162 28314 W System.err: 	at com.android.okhttp.internal.huc.DelegatingHttpsURLConnection.getResponseCode(DelegatingHttpsURLConnection.java:106)
05-27 15:46:12.093 28162 28314 W System.err: 	at com.android.okhttp.internal.huc.HttpsURLConnectionImpl.getResponseCode(HttpsURLConnectionImpl.java:30)
05-27 15:46:12.093 28162 28314 W System.err: 	at com.leiting.sdk.util.HttpUtils.fetch(HttpUtils.java:260)
05-27 15:46:12.093 28162 28314 W System.err: 	at com.leiting.sdk.util.HttpUtils.get(HttpUtils.java:99)
05-27 15:46:12.093 28162 28314 W System.err: 	at com.leiting.sdk.util.HttpUtils.get(HttpUtils.java:90)
05-27 15:46:12.093 28162 28314 W System.err: 	at com.leiting.sdk.util.HttpUtils.get(HttpUtils.java:82)
05-27 15:46:12.093 28162 28314 W System.err: 	at com.leiting.sdk.SdkConfigManager$1.run(SdkConfigManager.java:171)
05-27 15:46:12.093 28162 28314 W System.err: 	at java.lang.Thread.run(Thread.java:1564)
05-27 15:46:12.093 28162 28314 W System.err: Caused by: android.system.GaiException: android_getaddrinfo failed: EAI_NODATA (No address associated with hostname)
05-27 15:46:12.093 28162 28314 W System.err: 	at libcore.io.Linux.android_getaddrinfo(Native Method)
05-27 15:46:12.093 28162 28314 W System.err: 	at libcore.io.ForwardingOs.android_getaddrinfo(ForwardingOs.java:134)
05-27 15:46:12.093 28162 28314 W System.err: 	at libcore.io.BlockGuardOs.android_getaddrinfo(BlockGuardOs.java:222)
05-27 15:46:12.093 28162 28314 W System.err: 	at libcore.io.ForwardingOs.android_getaddrinfo(ForwardingOs.java:134)
05-27 15:46:12.093 28162 28314 W System.err: 	at java.net.Inet6AddressImpl.lookupHostByName(Inet6AddressImpl.java:135)
05-27 15:46:12.093 28162 28314 W System.err: 	... 22 more
05-27 15:46:12.093 28162 28314 D com.leiting.sdk: https://cfgsdkos.leiting.com/7/310001_config_20181019.json?
05-27 15:46:12.093 28162 28314 D com.leiting.sdk: null
05-27 15:46:12.093 28162 28314 W System.err: java.net.UnknownHostException: Unable to resolve host "cfgsdkos.leiting.com": No address associated with hostname
05-27 15:46:12.093 28162 28314 W System.err: 	at java.net.Inet6AddressImpl.lookupHostByName(Inet6AddressImpl.java:124)
05-27 15:46:12.093 28162 28314 W System.err: 	at java.net.Inet6AddressImpl.lookupAllHostAddr(Inet6AddressImpl.java:103)
05-27 15:46:12.093 28162 28314 W System.err: 	at java.net.InetAddress.getAllByName(InetAddress.java:1152)
05-27 15:46:12.093 28162 28314 W System.err: 	at com.android.okhttp.Dns$1.lookup(Dns.java:41)
05-27 15:46:12.093 28162 28314 W System.err: 	at com.android.okhttp.internal.http.RouteSelector.resetNextInetSocketAddress(RouteSelector.java:178)
05-27 15:46:12.093 28162 28314 W System.err: 	at com.android.okhttp.internal.http.RouteSelector.nextProxy(RouteSelector.java:144)
05-27 15:46:12.093 28162 28314 W System.err: 	at com.android.okhttp.internal.http.RouteSelector.next(RouteSelector.java:86)
05-27 15:46:12.093 28162 28314 W System.err: 	at com.android.okhttp.internal.http.StreamAllocation.findConnection(StreamAllocation.java:176)
05-27 15:46:12.093 28162 28314 W System.err: 	at com.android.okhttp.internal.http.StreamAllocation.findHealthyConnection(StreamAllocation.java:128)
05-27 15:46:12.093 28162 28314 W System.err: 	at com.android.okhttp.internal.http.StreamAllocation.newStream(StreamAllocation.java:97)
05-27 15:46:12.093 28162 28314 W System.err: 	at com.android.okhttp.internal.http.HttpEngine.connect(HttpEngine.java:289)
05-27 15:46:12.093 28162 28314 W System.err: 	at com.android.okhttp.internal.http.HttpEngine.sendRequest(HttpEngine.java:232)
05-27 15:46:12.093 28162 28314 W System.err: 	at com.android.okhttp.internal.huc.HttpURLConnectionImpl.execute(HttpURLConnectionImpl.java:465)
05-27 15:46:12.093 28162 28314 W System.err: 	at com.android.okhttp.internal.huc.HttpURLConnectionImpl.getResponse(HttpURLConnectionImpl.java:411)
05-27 15:46:12.093 28162 28314 W System.err: 	at com.android.okhttp.internal.huc.HttpURLConnectionImpl.getResponseCode(HttpURLConnectionImpl.java:542)
05-27 15:46:12.093 28162 28314 W System.err: 	at com.android.okhttp.internal.huc.DelegatingHttpsURLConnection.getResponseCode(DelegatingHttpsURLConnection.java:106)
05-27 15:46:12.093 28162 28314 W System.err: 	at com.android.okhttp.internal.huc.HttpsURLConnectionImpl.getResponseCode(HttpsURLConnectionImpl.java:30)
05-27 15:46:12.093 28162 28314 W System.err: 	at com.leiting.sdk.util.HttpUtils.fetch(HttpUtils.java:260)
05-27 15:46:12.093 28162 28314 W System.err: 	at com.leiting.sdk.util.HttpUtils.get(HttpUtils.java:99)
05-27 15:46:12.093 28162 28314 W System.err: 	at com.leiting.sdk.util.HttpUtils.get(HttpUtils.java:90)
05-27 15:46:12.093 28162 28314 W System.err: 	at com.leiting.sdk.util.HttpUtils.get(HttpUtils.java:82)
05-27 15:46:12.093 28162 28314 W System.err: 	at com.leiting.sdk.SdkConfigManager$1.run(SdkConfigManager.java:171)
05-27 15:46:12.093 28162 28314 W System.err: 	at java.lang.Thread.run(Thread.java:1564)
05-27 15:46:12.093 28162 28314 D com.leiting.sdk: https://cfgsdkos.leiting.com/7/310001_config_20181019.json?
05-27 15:46:12.093 28162 28314 D com.leiting.sdk: null
05-27 15:46:12.093 28162 28314 W System.err: java.net.UnknownHostException: Unable to resolve host "cfgsdkos.leiting.com": No address associated with hostname
05-27 15:46:12.093 28162 28314 W System.err: 	at java.net.Inet6AddressImpl.lookupHostByName(Inet6AddressImpl.java:124)
05-27 15:46:12.093 28162 28314 W System.err: 	at java.net.Inet6AddressImpl.lookupAllHostAddr(Inet6AddressImpl.java:103)
05-27 15:46:12.093 28162 28314 W System.err: 	at java.net.InetAddress.getAllByName(InetAddress.java:1152)
05-27 15:46:12.093 28162 28314 W System.err: 	at com.android.okhttp.Dns$1.lookup(Dns.java:41)
05-27 15:46:12.093 28162 28314 W System.err: 	at com.android.okhttp.internal.http.RouteSelector.resetNextInetSocketAddress(RouteSelector.java:178)
05-27 15:46:12.093 28162 28314 W System.err: 	at com.android.okhttp.internal.http.RouteSelector.nextProxy(RouteSelector.java:144)
05-27 15:46:12.093 28162 28314 W System.err: 	at com.android.okhttp.internal.http.RouteSelector.next(RouteSelector.java:86)
05-27 15:46:12.093 28162 28314 W System.err: 	at com.android.okhttp.internal.http.StreamAllocation.findConnection(StreamAllocation.java:176)
05-27 15:46:12.093 28162 28314 W System.err: 	at com.android.okhttp.internal.http.StreamAllocation.findHealthyConnection(StreamAllocation.java:128)
05-27 15:46:12.093 28162 28314 W System.err: 	at com.android.okhttp.internal.http.StreamAllocation.newStream(StreamAllocation.java:97)
05-27 15:46:12.093 28162 28314 W System.err: 	at com.android.okhttp.internal.http.HttpEngine.connect(HttpEngine.java:289)
05-27 15:46:12.093 28162 28314 W System.err: 	at com.android.okhttp.internal.http.HttpEngine.sendRequest(HttpEngine.java:232)
05-27 15:46:12.093 28162 28314 W System.err: 	at com.android.okhttp.internal.huc.HttpURLConnectionImpl.execute(HttpURLConnectionImpl.java:465)
05-27 15:46:12.093 28162 28314 W System.err: 	at com.android.okhttp.internal.huc.HttpURLConnectionImpl.getResponse(HttpURLConnectionImpl.java:411)
05-27 15:46:12.093 28162 28314 W System.err: 	at com.android.okhttp.internal.huc.HttpURLConnectionImpl.getResponseCode(HttpURLConnectionImpl.java:542)
05-27 15:46:12.093 28162 28314 W System.err: 	at com.android.okhttp.internal.huc.DelegatingHttpsURLConnection.getResponseCode(DelegatingHttpsURLConnection.java:106)
05-27 15:46:12.093 28162 28314 W System.err: 	at com.android.okhttp.internal.huc.HttpsURLConnectionImpl.getResponseCode(HttpsURLConnectionImpl.java:30)
05-27 15:46:12.093 28162 28314 W System.err: 	at com.leiting.sdk.util.HttpUtils.fetch(HttpUtils.java:260)
05-27 15:46:12.093 28162 28314 W System.err: 	at com.leiting.sdk.util.HttpUtils.get(HttpUtils.java:99)
05-27 15:46:12.093 28162 28314 W System.err: 	at com.leiting.sdk.util.HttpUtils.get(HttpUtils.java:90)
05-27 15:46:12.093 28162 28314 W System.err: 	at com.leiting.sdk.util.HttpUtils.get(HttpUtils.java:82)
05-27 15:46:12.093 28162 28314 W System.err: 	at com.leiting.sdk.SdkConfigManager$1.run(SdkConfigManager.java:171)
05-27 15:46:12.093 28162 28314 W System.err: 	at java.lang.Thread.run(Thread.java:1564)
05-27 15:46:12.101 28256 28256 I [SC_ScreenRecorder]_ScreenRecorderProvider: onCreate()
05-27 15:46:12.101 28162 28278 I [ui]AppForegroundWatcher: 2/app on foreground
05-27 15:46:12.101 28162 28278 I [ui]LocalAgent: 2/sender = null
05-27 15:46:12.101 29345 29345 I adbd    : Remote process closed the socket (on MSG_PEEK)
05-27 15:46:12.101 28162 28278 D [ui]main_conn: 2/connect: connecting...
05-27 15:46:12.101 28162 28278 I [ui]LocalAgent: 2/sendAppStatus isAppOnForeground:true sent:false
05-27 15:46:12.101  3605  3605 I Zygote  : Process 25849 exited due to signal 9 (Killed)
05-27 15:46:12.102 28162 28162 D com.leiting.sdk: Φ░âτö¿onResumeµùáσÅé µÄÑσÅú
05-27 15:46:12.104 28162 28162 D CompatibilityChangeReporter: Compat change id reported: 237531167; UID 10572; state: DISABLED
05-27 15:46:12.105 28162 28162 I InsetsController: setRequestedVisibleTypes: visible=false, mask=statusBars navigationBars, host=com.mrxw.android.ltgames/com.mrxw.android.ltgames.UnityPlayerActivity, from=android.view.InsetsController.controlAnimationUnchecked:1444 android.view.InsetsController.applyAnimation:2004 android.view.InsetsController.applyAnimation:1967 android.view.InsetsController.hide:1402 android.view.InsetsController.hide:1341 android.view.ViewRootImpl.controlInsetsForCompatibility:3516 android.view.ViewRootImpl.setView:1707 android.view.WindowManagerGlobal.addView:569 android.view.WindowManagerImpl.addView:150 android.app.ActivityThread.handleResumeActivity:5560 
05-27 15:46:12.105  3696  6591 D InputTransport: Input channel constructed: '8c902b5', fd=1111
05-27 15:46:12.105  3696  6591 D InputTransport: Input channel constructed: '8c902b5', fd=1195
05-27 15:46:12.105  3696  6591 D InputTransport: Input channel constructed: '8c902b5', fd=1197
05-27 15:46:12.106 28312 28312 I id.ltgames:core: Using CollectorTypeCMC GC.
05-27 15:46:12.106  1694  1768 I SurfaceFlinger: id=15004 createSurf, flag=84004, 8c902b5 com.mrxw.android.ltgames/com.mrxw.android.ltgames.UnityPlayerActivity#15004
05-27 15:46:12.106  3696  6591 D RestrictionPolicy: isScreenCaptureEnabled : ret=true userId=0
05-27 15:46:12.106  3696  6591 D InputTransport: Input channel destroyed: '8c902b5', fd=1197
05-27 15:46:12.107 28162 28162 I InsetsController: onStateChanged: host=com.mrxw.android.ltgames/com.mrxw.android.ltgames.UnityPlayerActivity, from=android.view.ViewRootImpl.setView:1751, state=InsetsState: {mDisplayFrame=Rect(0, 0 - 2340, 1080), mDisplayCutout=DisplayCutout{insets=Rect(76, 0 - 0, 0) waterfall=Insets{left=0, top=0, right=0, bottom=0} boundingRect={Bounds=[Rect(0, 515 - 76, 565), Rect(0, 0 - 0, 0), Rect(0, 0 - 0, 0), Rect(0, 0 - 0, 0)]} cutoutPathParserInfo={CutoutPathParserInfo{displayWidth=1440 displayHeight=3120 physicalDisplayWidth=1440 physicalDisplayHeight=3120 density={3.75} cutoutSpec={M 0,0 H -8.933333333333333 V 26.93333333333333 H 8.933333333333333 V 0 H 0 Z @dp} rotation={1} scale={0.75} physicalPixelDisplaySizeRatio={1.0}}}}, mRoundedCorners=RoundedCorners{[RoundedCorner{position=TopLeft, radius=6, center=Point(6, 6)}, RoundedCorner{position=TopRight, radius=6, center=Point(2334, 6)}, RoundedCorner{position=BottomRight, radius=6, center=Point(2334, 1074)}, RoundedCorner{position=BottomLeft, radius=6, center=Point(6, 1074)}]}  mRoundedCornerFrame=Rect(0, 0 - 1080, 2340), mPrivacyIndicatorBounds=PrivacyIndicatorBounds {static bounds=Rect(2216, 0 - 2340, 68) rotation=1}, mDisplayShape=DisplayShape{ spec=-1951251426 displayWidth=1440 displayHeight=3120 physicalPixelDisplaySizeRatio=1.0 rotation=1 offsetX=0 offsetY=0 scale=0.75}, mSources= { InsetsSource: {d45f0000 mType=statusBars mFrame=[0,0][2340,68] mVisible=true mFlags=[]}, InsetsSource: {d45f0005 mType=mandatorySystemGestures mFrame=[0,0][2340,68] mVisible=true mFlags=[]}, InsetsSource: {d45f0006 mType=tappableElement mFrame=[0,0][2340,68] mVisible=true mFlags=[]}, InsetsSource: {7 mType=displayCutout mFrame=[0,0][76,1080] mVisible=true mFlags=[]}, InsetsSource: {356b0001 mType=navigationBars mFrame=[2205,0][2340,1080] mVisible=true mFlags=[]}, InsetsSource: {356b0004 mType=systemGestures mFrame=[0,0][0,0] mVisible=true mFlags=[]}, InsetsSource: {356b0005 mType=mandatorySystemGestures mFrame=[2205,0][2340,1080] mVisible=true mFlags=[]}, InsetsSource: {356b0006 mType=tappableElement mFrame=[2205,0][2340,1080] mVisible=true mFlags=[]}, InsetsSource: {356b0024 mType=systemGestures mFrame=[0,0][0,0] mVisible=true mFlags=[]} }
05-27 15:46:12.107 28162 28267 I FA      : Tag Manager is not found and thus will not be used
05-27 15:46:12.107 28162 28162 I ViewRootImpl@85b0bb9[UnityPlayerActivity]: synced displayState. AttachInfo displayState=2
05-27 15:46:12.107 28162 28162 D InputTransport: setImprovementEvent.. GameApp 1 1  381.000  378.573 8942760.000 4229.766 2990.445
05-27 15:46:12.107 28162 28162 I ViewRootImpl@85b0bb9[UnityPlayerActivity]: setView = com.android.internal.policy.DecorView@5c578f1 TM=true
05-27 15:46:12.107 28162 28162 I IDS_TAG : Clearing training data of com.leiting.sdk.LeitingApplication@86e3aaf
05-27 15:46:12.107 28162 28162 I IDS_TAG : Starting IDS observe window
05-27 15:46:12.108 28162 28162 I IDS_TAG : Getting Shared Preference for com.leiting.sdk.LeitingApplication@86e3aaf uid = 10572
05-27 15:46:12.108 28162 28162 I IDS_TAG : App com.leiting.sdk.LeitingApplication@86e3aaf has not finished training
05-27 15:46:12.108  4589  4589 D HidDeviceService: handleMessage(): msg.what=8
05-27 15:46:12.109  3696  3776 D DisplayManagerService: Drop pending events for gone uid 10259
05-27 15:46:12.109 28162 28162 D com.leiting.sdk: get gaid
05-27 15:46:12.109 28162 28162 E matl    : ================checkSim=============: open
05-27 15:46:12.110 28162 28162 E matl    : ================τö¿µê╖σî║σƒƒ=============mArea: 1
05-27 15:46:12.110 28162 28162 D CompatibilityChangeReporter: Compat change id reported: 247079863; UID 10572; state: DISABLED
05-27 15:46:12.111 28162 28162 D CompatibilityChangeReporter: Compat change id reported: 170188668; UID 10572; state: ENABLED
05-27 15:46:12.114 28312 28312 D nativeloader: Load libframework-connectivity-tiramisu-jni.so using APEX ns com_android_tethering for caller /apex/com.android.tethering/javalib/framework-connectivity-t.jar: ok
05-27 15:46:12.117 28162 28162 W System.err: java.io.IOException: Cannot run program "busybox": error=2, No such file or directory
05-27 15:46:12.117 28312 28312 D ActivityThread: setConscryptValidator
05-27 15:46:12.117 28162 28162 W System.err: 	at java.lang.ProcessBuilder.start(ProcessBuilder.java:1050)
05-27 15:46:12.117 28162 28162 W System.err: 	at java.lang.Runtime.exec(Runtime.java:710)
05-27 15:46:12.117 28162 28162 W System.err: 	at java.lang.Runtime.exec(Runtime.java:534)
05-27 15:46:12.117 28162 28162 W System.err: 	at java.lang.Runtime.exec(Runtime.java:431)
05-27 15:46:12.117 28162 28162 W System.err: 	at com.leiting.sdk.util.PhoneUtil.callCmd(PhoneUtil.java:933)
05-27 15:46:12.117 28312 28312 D ActivityThread: setConscryptValidator - put
05-27 15:46:12.117 28162 28162 W System.err: 	at com.leiting.sdk.util.PhoneUtil.getLocalMacAddressFromBusybox(PhoneUtil.java:914)
05-27 15:46:12.117 28162 28162 W System.err: 	at com.leiting.sdk.util.PhoneUtil.getMac(PhoneUtil.java:665)
05-27 15:46:12.117 28162 28162 W System.err: 	at com.leiting.sdk.shushu.ShushuLogHelper.initShushu(ShushuLogHelper.java:117)
05-27 15:46:12.117 28162 28162 W System.err: 	at com.leiting.sdk.LeitingCommon$3.run(LeitingCommon.java:96)
05-27 15:46:12.117 28162 28162 W System.err: 	at android.os.Handler.handleCallback(Handler.java:958)
05-27 15:46:12.117 28162 28162 W System.err: 	at android.os.Handler.dispatchMessage(Handler.java:99)
05-27 15:46:12.117 28162 28162 W System.err: 	at android.os.Looper.loopOnce(Looper.java:230)
05-27 15:46:12.117 28162 28162 W System.err: 	at android.os.Looper.loop(Looper.java:319)
05-27 15:46:12.117 28162 28162 W System.err: 	at android.app.ActivityThread.main(ActivityThread.java:8918)
05-27 15:46:12.117 28162 28162 W System.err: 	at java.lang.reflect.Method.invoke(Native Method)
05-27 15:46:12.117 28162 28162 W System.err: 	at com.android.internal.os.RuntimeInit$MethodAndArgsCaller.run(RuntimeInit.java:608)
05-27 15:46:12.117 28162 28162 W System.err: 	at com.android.internal.os.ZygoteInit.main(ZygoteInit.java:1103)
05-27 15:46:12.117 28162 28162 W System.err: Caused by: java.io.IOException: error=2, No such file or directory
05-27 15:46:12.117 28162 28162 W System.err: 	at java.lang.UNIXProcess.forkAndExec(Native Method)
05-27 15:46:12.117 28162 28162 W System.err: 	at java.lang.UNIXProcess.<init>(UNIXProcess.java:133)
05-27 15:46:12.117 28162 28162 W System.err: 	at java.lang.ProcessImpl.start(ProcessImpl.java:141)
05-27 15:46:12.117 28162 28162 W System.err: 	at java.lang.ProcessBuilder.start(ProcessBuilder.java:1029)
05-27 15:46:12.117 28162 28162 W System.err: 	... 16 more
05-27 15:46:12.118 28162 28162 D com.leiting.sdk.shushu: σê¥σºïσîûµò░µò░σ«îµêÉ∩╝Ü7|310001||v3.2.4|14|SM-S928B
05-27 15:46:12.118 28162 28162 D com.leiting.sdk.shushu: µ£¼σ£░Σ╕ìσ¡ÿσ£¿σ╛àΣ╕èΣ╝áτÜäΣ║ïΣ╗╢
05-27 15:46:12.120  1694  1694 I Layer   : Layer [8c902b5 com.mrxw.android.ltgames/com.mrxw.android.ltgames.UnityPlayerActivity#15004] hidden!! flag(0)
05-27 15:46:12.121 28162 28162 D com.leiting.sdk: µ£¬Θàìτ╜«ipanalyze
05-27 15:46:12.123 28256 28299 I [SC_ScreenRecorder]_RecorderStatusManager: getRecorderStatus() : 0
05-27 15:46:12.124 28256 28256 I CapsuleProvider_1.0.25: releasing initialize wait lock.
05-27 15:46:12.124 28256 28256 I Sbixby_1.0.25: initialized
05-27 15:46:12.124 28312 28312 D CompatibilityChangeReporter: Compat change id reported: 171979766; UID 10572; state: ENABLED
05-27 15:46:12.124 28312 28312 D CompatibilityChangeReporter: Compat change id reported: 242716250; UID 10572; state: DISABLED
05-27 15:46:12.125 28162 28162 D AppsFlyer_6.3.2: Initializing AppsFlyer SDK: (v6.3.2.113)
05-27 15:46:12.125 28162 28162 I AppsFlyer_6.3.2: Starting AppsFlyer: (v6.3.2.113)
05-27 15:46:12.125 28162 28162 I AppsFlyer_6.3.2: Build Number: 113
05-27 15:46:12.125 28162 28162 D AppsFlyer_6.3.2: Loading properties..
05-27 15:46:12.125 28162 28162 D AppsFlyer_6.3.2: Done loading properties: true
05-27 15:46:12.126 28162 28162 I AppsFlyer_6.3.2: appsflyer_backup_rules.xml detected, using AppsFlyer defined backup rules for AppsFlyer SDK data
05-27 15:46:12.126 28162 28346 I AppsFlyer_6.3.2: onBecameForeground
05-27 15:46:12.126 28162 28162 D com.leiting.sdk: µ£¬Θàìτ╜«qiyuHelper
05-27 15:46:12.126 24851 24851 I GameTools: ScreenRecorder: startObservation : 0
05-27 15:46:12.126 24851 24851 I GameTools: FeatureImpl: checkDoubleSwipe
05-27 15:46:12.126 24851 24851 I GameTools: SettingData: get Game Priority Mode : 0
05-27 15:46:12.126 24851 24851 I GameTools: GosQueryUtil: bind::already bounded
05-27 15:46:12.126 24851 24967 I GameTools: GosQueryUtil: getGlobalDataForPriorityMode
05-27 15:46:12.127  3696  6591 D CompatibilityChangeReporter: Compat change id reported: 170503758; UID 10572; state: ENABLED
05-27 15:46:12.127  7865  7884 I GOS:AidlService: getPermissionInfo(), callerUid: 10081
05-27 15:46:12.127 24851 24851 I GameTools: FeatureImpl: checkNoAlerts
05-27 15:46:12.127 24851 24851 I GameTools: NoAlerts: setNoAlertsOnRuntime : false
05-27 15:46:12.127 28162 28196 E FirebaseMessaging: Failed to get FIS auth token
05-27 15:46:12.127 28162 28196 E FirebaseMessaging: java.util.concurrent.ExecutionException: com.google.firebase.installations.FirebaseInstallationsException: Firebase Installations Service is unavailable. Please try again later.
05-27 15:46:12.127 28162 28196 E FirebaseMessaging: 	at com.google.android.gms.tasks.Tasks.zza(com.google.android.gms:play-services-tasks@@18.0.1:5)
05-27 15:46:12.127 28162 28196 E FirebaseMessaging: 	at com.google.android.gms.tasks.Tasks.await(com.google.android.gms:play-services-tasks@@18.0.1:8)
05-27 15:46:12.127 28162 28196 E FirebaseMessaging: 	at com.google.firebase.messaging.GmsRpc.setDefaultAttributesToBundle(GmsRpc.java:260)
05-27 15:46:12.127 28162 28196 E FirebaseMessaging: 	at com.google.firebase.messaging.GmsRpc.startRpc(GmsRpc.java:222)
05-27 15:46:12.127 28162 28196 E FirebaseMessaging: 	at com.google.firebase.messaging.GmsRpc.getToken(GmsRpc.java:180)
05-27 15:46:12.127 28162 28196 E FirebaseMessaging: 	at com.google.firebase.messaging.FirebaseMessaging.lambda$blockingGetToken$10$FirebaseMessaging(FirebaseMessaging.java:610)
05-27 15:46:12.127 28162 28196 E FirebaseMessaging: 	at com.google.firebase.messaging.-$$Lambda$FirebaseMessaging$8u3e3XBglmQbAS3SwW9Cdp_dcdM.start(Unknown Source:6)
05-27 15:46:12.127 28162 28196 E FirebaseMessaging: 	at com.google.firebase.messaging.RequestDeduplicator.getOrStartGetTokenRequest(RequestDeduplicator.java:67)
05-27 15:46:12.127 28162 28196 E FirebaseMessaging: 	at com.google.firebase.messaging.FirebaseMessaging.blockingGetToken(FirebaseMessaging.java:606)
05-27 15:46:12.127 28162 28196 E FirebaseMessaging: 	at com.google.firebase.messaging.FirebaseMessaging.lambda$getToken$4$FirebaseMessaging(FirebaseMessaging.java:392)
05-27 15:46:12.127 28162 28196 E FirebaseMessaging: 	at com.google.firebase.messaging.-$$Lambda$FirebaseMessaging$hhRqCIwb_q-GasIrdNMReoTbQ60.run(Unknown Source:4)
05-27 15:46:12.127 28162 28196 E FirebaseMessaging: 	at java.util.concurrent.Executors$RunnableAdapter.call(Executors.java:520)
05-27 15:46:12.127 28162 28196 E FirebaseMessaging: 	at java.util.concurrent.FutureTask.run(FutureTask.java:317)
05-27 15:46:12.127 28162 28196 E FirebaseMessaging: 	at java.util.concurrent.ScheduledThreadPoolExecutor$ScheduledFutureTask.run(ScheduledThreadPoolExecutor.java:348)
05-27 15:46:12.127 28162 28196 E FirebaseMessaging: 	at java.util.concurrent.ThreadPoolExecutor.runWorker(ThreadPoolExecutor.java:1154)
05-27 15:46:12.127 28162 28196 E FirebaseMessaging: 	at java.util.concurrent.ThreadPoolExecutor$Worker.run(ThreadPoolExecutor.java:652)
05-27 15:46:12.127 28162 28196 E FirebaseMessaging: 	at com.google.android.gms.common.util.concurrent.zza.run(com.google.android.gms:play-services-basement@@18.1.0:2)
05-27 15:46:12.127 28162 28196 E FirebaseMessaging: 	at java.lang.Thread.run(Thread.java:1564)
05-27 15:46:12.127 28162 28196 E FirebaseMessaging: Caused by: com.google.firebase.installations.FirebaseInstallationsException: Firebase Installations Service is unavailable. Please try again later.
05-27 15:46:12.127 28162 28196 E FirebaseMessaging: 	at com.google.firebase.installations.remote.FirebaseInstallationServiceClient.createFirebaseInstallation(FirebaseInstallationServiceClient.java:208)
05-27 15:46:12.127 28162 28196 E FirebaseMessaging: 	at com.google.firebase.installations.FirebaseInstallations.registerFidWithServer(FirebaseInstallations.java:536)
05-27 15:46:12.127 28162 28196 E FirebaseMessaging: 	at com.google.firebase.installations.FirebaseInstallations.doNetworkCallIfNecessary(FirebaseInstallations.java:390)
05-27 15:46:12.127 28162 28196 E FirebaseMessaging: 	at com.google.firebase.installations.FirebaseInstallations.lambda$doRegistrationOrRefresh$3$FirebaseInstallations(FirebaseInstallations.java:375)
05-27 15:46:12.127 28162 28196 E FirebaseMessaging: 	at com.google.firebase.installations.-$$Lambda$FirebaseInstallations$YC-tlBbbVeA4OFXGfTR3F_IXKyc.run(Unknown Source:4)
05-27 15:46:12.127 28162 28196 E FirebaseMessaging: 	at java.util.concurrent.ThreadPoolExecutor.runWorker(ThreadPoolExecutor.java:1154)
05-27 15:46:12.127 28162 28196 E FirebaseMessaging: 	at java.util.concurrent.ThreadPoolExecutor$Worker.run(ThreadPoolExecutor.java:652)
05-27 15:46:12.127 28162 28196 E FirebaseMessaging: 	... 1 more
05-27 15:46:12.127 28256 28256 I [RoutineSdk3.0-3.1.3]: RoutineSdkImpl: setHandler - actionHandler initialized
05-27 15:46:12.127 28162 28162 I ironSourceSDK: API: setRewardedVideoListener(RVListener)
05-27 15:46:12.128  3696  6591 D StatusBarManagerService: update existing record: barType=0 userId=0 what1=0x00000000 what2=0x00000000 pkg=com.samsung.android.game.gametools token=android.os.BinderProxy@6af02cc
