05-27 15:46:12.311  6837 28477 I HBD     : l writeToFile complete 
05-27 15:46:12.312 24851 24851 I GameTools: GameBoosterService: onConfigurationChanged
05-27 15:46:12.315  3696  6600 I WindowManager: [d0] Override config changes=20000480 {1.0 310mcc240mnc [en_US] ldltr sw384dp w757dp h360dp 600dpi nrml long hdr widecg land night finger -keyb/v/h -nav/h winConfig={ mBounds=Rect(0, 0 - 3120, 1440) mAppBounds=Rect(101, 0 - 2940, 1440) mMaxBounds=Rect(0, 0 - 3120, 1440) mDisplayRotation=ROTATION_90 mWindowingMode=fullscreen mDisplayWindowingMode=fullscreen mActivityType=undefined mAlwaysOnTop=undefined mRotation=ROTATION_90 mPopOver=undefined mOverlappingWithCutout=false mStageConfig=undefined mFreeformTaskPinningState=undefined mCompatSandboxScale=-1.0 mDexTaskDockingState=none} s.35450 fontWeightAdjustment=0 ff=0 bf=0 bts=0 cst=1.0 nightDim=0 desktop/d dm/n ?dc ?dcui themeSeq=0}, callers=com.android.server.wm.RootWindowContainer.dispatchConfigurationToChild:763 com.android.server.wm.RootWindowContainer.dispatchConfigurationToChild:199 com.android.server.wm.ConfigurationContainer.onConfigurationChanged:162 com.android.server.wm.WindowContainer.onConfigurationChanged:537 com.android.server.wm.ActivityTaskManagerService.updateGlobalConfigurationLocked:5778 
05-27 15:46:12.315  3696  6600 D DisplayDevice: setProjectionLocked, orientation=1, layerStackRect=Rect(0, 0 - 3120, 1440), displayRect=Rect(0, 0 - 3120, 1440) for local:4630946315032985731
05-27 15:46:12.315  3696  6600 D WindowManager: setFixedRotationLaunchingAppUnchecked, rotation=-1, r=null, caller=com.android.server.wm.DisplayContent.setFixedRotationLaunchingAppUnchecked:2412 com.android.server.wm.DisplayContent.applyRotationAndFinishFixedRotation:7783 com.android.server.wm.DisplayContent.onRequestedOverrideConfigurationChanged:7747 com.android.server.wm.DisplayContent.performDisplayOverrideConfigUpdate:7646 com.android.server.wm.RootWindowContainer.dispatchConfigurationToChild:763 
05-27 15:46:12.315  3696  6600 V WindowManager: Collecting in transition 1021: Task{6bf3881 #2335 type=standard A=10572:com.mrxw.android.ltgames}, caller=com.android.server.wm.TransitionController.lambda$collectForDisplayAreaChange$3:960 com.android.server.wm.TransitionController.$r8$lambda$eS0DTh55IBmOAY1lJgwxM4wXsCw:0 com.android.server.wm.TransitionController$$ExternalSyntheticLambda3.accept:0 com.android.server.wm.Task.forAllLeafTasks:3993 com.android.server.wm.WindowContainer.forAllLeafTasks:2185 
05-27 15:46:12.315  4222 22931 I ImageWallpaper[CanvasEngine_d0_w1]: onRotationChanged: newRotation=1, mRotation=1
05-27 15:46:12.316  3757  6689 I CameraService: onUidStateChanged: uid=10045, procState is changed. (1 -> 0)
05-27 15:46:12.317  4222  4222 D Navbar.Store: handleEvent(0) OnConfigChanged(newConfig={1.0 310mcc240mnc [en_US] ldltr sw384dp w757dp h360dp 600dpi nrml long hdr widecg land night finger -keyb/v/h -nav/h winConfig={ mBounds=Rect(0, 0 - 3120, 1440) mAppBounds=Rect(101, 0 - 2940, 1440) mMaxBounds=Rect(0, 0 - 3120, 1440) mDisplayRotation=ROTATION_90 mWindowingMode=fullscreen mDisplayWindowingMode=fullscreen mActivityType=undefined mAlwaysOnTop=undefined mRotation=ROTATION_90 mPopOver=undefined mOverlappingWithCutout=false mStageConfig=undefined mFreeformTaskPinningState=undefined mCompatSandboxScale=-1.0 mDexTaskDockingState=none} s.35451 fontWeightAdjustment=0 ff=0 bf=0 bts=0 cst=1.0 nightDim=0 desktop/d dm/n ?dc ?dcui themeSeq=0}) [Module] NavigationBarController
05-27 15:46:12.317  4222  4222 D Navbar.Store: --[Band]CONFIG_PACK_CONFIG_CHANGED
05-27 15:46:12.318  4222  4222 D Navbar.Store: handleEvent(0) OnNavBarConfigChanged(canMove=true, supportPhoneLayoutProvider=true, imeDownButtonForAllRotation=false, navigationMode=0) [Module] NavigationBarController
05-27 15:46:12.318  4222  4222 D Navbar.Store: --[Band]STABLE_LAYOUT_PACK_NAVBAR_CONFIG_CHANGED
05-27 15:46:12.318  4222  4222 D Navbar.Store: --NavBarStates(0) supportLargeCoverScreenNavBar: false
05-27 15:46:12.318  4222  4222 D Navbar.Store: --updateLayoutProvider()
05-27 15:46:12.318  4222  4222 D Navbar.Store: --NavBarStates(0) supportLargeCoverScreenNavBar: false
05-27 15:46:12.318  4222  4222 D Navbar.Store: --[Band] (afterAction) STABLE_LAYOUT_PACK_NAVBAR_CONFIG_CHANGED
05-27 15:46:12.318  4222  4222 I NoBackGesture: NavbarController: newConfig={1.0 310mcc240mnc [en_US] ldltr sw384dp w757dp h360dp 600dpi nrml long hdr widecg land night finger -keyb/v/h -nav/h winConfig={ mBounds=Rect(0, 0 - 3120, 1440) mAppBounds=Rect(101, 0 - 2940, 1440) mMaxBounds=Rect(0, 0 - 3120, 1440) mDisplayRotation=ROTATION_90 mWindowingMode=fullscreen mDisplayWindowingMode=fullscreen mActivityType=undefined mAlwaysOnTop=undefined mRotation=ROTATION_90 mPopOver=undefined mOverlappingWithCutout=false mStageConfig=undefined mFreeformTaskPinningState=undefined mCompatSandboxScale=-1.0 mDexTaskDockingState=none} s.35451 fontWeightAdjustment=0 ff=0 bf=0 bts=0 cst=1.0 nightDim=0 desktop/d dm/n ?dc ?dcui themeSeq=0} mTaskbarDelegate initialized=false willApplyConfigToNavbars=false navBarCount=1
05-27 15:46:12.318  6837 28483 I HBD     : l writeToFile complete 
05-27 15:46:12.318  4222  4222 D Navbar.Store: handleEvent(0) OnUpdateRemoteViewContainer(leftContainer=android.widget.LinearLayout{732f45f V.E...... .......D 0,0-158,180 #7f0a059d app:id/left_remoteview}, rightContainer=android.widget.LinearLayout{7a12eac V.E...... .......D 1282,0-1440,180 #7f0a08b0 app:id/right_remoteview}, contextualButtonVisible=false, darkIntensity=0.22940814) [Module] SamsungNavigationBarView
05-27 15:46:12.318  4222  4222 D Navbar.Store: --[Band]REMOTE_VIEW_PACK_SET_REMOTEVIEW_CONTAINER
05-27 15:46:12.318  4222  4222 D Navbar.Store: ----apply(0) NavBarStoreAction$UpdateRemoteViewContainer
05-27 15:46:12.319  4222  4222 D Navbar.Store: ----apply(0) NavBarStoreAction$UpdateRemoteViewDarkIntensity
05-27 15:46:12.319  6466  6466 D SysHelperService: onConfigurationChanged, ACTION_SHUTDOWN
05-27 15:46:12.319  6466  6466 D SYS_EVENT: [qc debug] send event 32 notification to client
05-27 15:46:12.319  4222  4222 D Navbar.Store: ----handleEvent(0) OnUpdateRemoteViewContainer(leftContainer=android.widget.LinearLayout{732f45f V.E...... ......ID 0,0-158,180 #7f0a059d app:id/left_remoteview}, rightContainer=android.widget.LinearLayout{7a12eac V.E...... ......ID 1282,0-1440,180 #7f0a08b0 app:id/right_remoteview}, contextualButtonVisible=false, darkIntensity=0.22940814) [Module] SamsungNavigationBarView
05-27 15:46:12.319  4222  4222 D Navbar.Store: ------[Band]REMOTE_VIEW_PACK_SET_REMOTEVIEW_CONTAINER
05-27 15:46:12.319  4222  4222 D Navbar.Store: --------apply(0) NavBarStoreAction$UpdateRemoteViewContainer
05-27 15:46:12.319  4222  4222 D Navbar.Store: --------apply(0) NavBarStoreAction$UpdateRemoteViewDarkIntensity
05-27 15:46:12.319  4222  4222 D Navbar.Store: handleEvent(0) OnUpdateSysUiStateFlag(noArguments=true) [Module] SamsungNavigationBarView
05-27 15:46:12.320  4222  4222 D Navbar.Store: --[Band]GESTURE_PACK_UPDATE_SYSTEMUI_STATE_FLAG
05-27 15:46:12.320  4222  4222 D Navbar.Store: --[Band] (afterAction) GESTURE_PACK_UPDATE_SYSTEMUI_STATE_FLAG
05-27 15:46:12.320  6837  6837 I HBD     : HoneyBoardService onConfigurationChanged: newConfig = {1.0 310mcc240mnc [en_US] ldltr sw384dp w757dp h360dp 600dpi nrml long hdr widecg land night finger -keyb/v/h -nav/h winConfig={ mBounds=Rect(0, 0 - 3120, 1440) mAppBounds=Rect(101, 0 - 2940, 1440) mMaxBounds=Rect(0, 0 - 3120, 1440) mDisplayRotation=ROTATION_90 mWindowingMode=fullscreen mDisplayWindowingMode=fullscreen mActivityType=undefined mAlwaysOnTop=undefined mRotation=ROTATION_90 mPopOver=undefined mOverlappingWithCutout=false mStageConfig=undefined mFreeformTaskPinningState=undefined mCompatSandboxScale=-1.0 mDexTaskDockingState=none} s.35450 fontWeightAdjustment=0 ff=0 bf=0 bts=0 cst=1.0 nightDim=0 desktop/d dm/n ?dc ?dcui themeSeq=0} 
05-27 15:46:12.320  6837  6837 I HBD     : j isEnabledNightMode : true 
05-27 15:46:12.320  6837  6837 I HBD     : b updatePredictionStatus : 8, editorOpt 
05-27 15:46:12.320  3696  3696 I InputMethodManagerService: subtype state: oldSubtype = android.view.inputmethod.InputMethodSubtype@10001 newSubtype = android.view.inputmethod.InputMethodSubtype@10001 force = false, intent received : false
05-27 15:46:12.320  4222  4222 D Navbar.Store: ----handleEvent(0) OnUpdateRemoteViewContainer(leftContainer=android.widget.LinearLayout{732f45f V.E...... ......ID 0,0-158,180 #7f0a059d app:id/left_remoteview}, rightContainer=android.widget.LinearLayout{7a12eac V.E...... ......ID 1282,0-1440,180 #7f0a08b0 app:id/right_remoteview}, contextualButtonVisible=false, darkIntensity=0.22940814) [Module] SamsungNavigationBarView
05-27 15:46:12.320  4222  4222 D Navbar.Store: ------[Band]REMOTE_VIEW_PACK_SET_REMOTEVIEW_CONTAINER
05-27 15:46:12.320  4222  4222 D Navbar.Store: --------apply(0) NavBarStoreAction$UpdateRemoteViewContainer
05-27 15:46:12.320  6837  6837 I HBD     : k All camera is available, so, ExtractText will be enabled 
05-27 15:46:12.320  4222  4222 D Navbar.Store: --------apply(0) NavBarStoreAction$UpdateRemoteViewDarkIntensity
05-27 15:46:12.320  4222  4222 D Navbar.Store: handleEvent(0) OnNavBarUpdateA11YService(clickable=false, longClickable=false) [Module] NavigationBar
05-27 15:46:12.320  4222  4222 D Navbar.Store: --[Band]SETUPWIZARD_PACK_UPDATE_A11Y_SERVICE
05-27 15:46:12.320  6837  6837 I HBD     : a [UpdatePolicy] [post] a: 2 cl: 65537 kit: [0/0] vt: 4 ir: 1 
05-27 15:46:12.321 15807 15881 I SCS@AiSearch user 0: (KeyboardManager) Keyboard current state:  mIsSamsungKeyboardEnabled= true mIsKeysCafeEnabled= false isMainScreen= true currentViewType= SPLIT mMainLangWithInputType= {en_US=EN_QWERTY} mCoverLangWithInputType= {} mInputLocales= [es_US, en_US]
05-27 15:46:12.321  4222  4222 D NavigationModeController: getCurrentUserContext: contextUser=0 currentUser=0
05-27 15:46:12.321  6837  6837 I HBD     : HoneyBoardService [IMI] onStartInput - caller pid : 28162 , caller uid : 10572 
05-27 15:46:12.321  6837  6837 I HBD     : j updateConfigs 
05-27 15:46:12.321  6837  6837 I HBD     : j isEnabledNightMode : true 
05-27 15:46:12.321  6837  6837 I HBD     : a IC have been binding, RemoteInputConnection{idHash=#a0710a3} 
05-27 15:46:12.321  6837  6837 I HBD     : h [EditorInputType]setPrivateImeOptionsToTable privateImeOptions ( null )
05-27 15:46:12.321  6837  6837 I HBD     : b incognitoMode : false 
05-27 15:46:12.321  6837  6837 I HBD     : b needOff = true , isForceOff = false, isNullInputClass : true 
05-27 15:46:12.321  6837  6837 I HBD     : h getDefaultInputRange : UNKNOWN 
05-27 15:46:12.321  6837  6837 I HBD     : h getDefaultInputRange : UNKNOWN 
05-27 15:46:12.321  6837  6837 I HBD     : h getDefaultInputRange : UNKNOWN 
05-27 15:46:12.321  3696  6600 D CompatibilityChangeReporter: Compat change id reported: 184838306; UID 10572; state: DISABLED
05-27 15:46:12.321  3696  6600 D CompatibilityChangeReporter: Compat change id reported: 185004937; UID 10572; state: DISABLED
05-27 15:46:12.322  3696  6600 W PackageConfigPersister: App-specific configuration not found for packageName: com.android.settings and userId: 0
05-27 15:46:12.322  3642  3670 I HYPER-HAL: [RequestManager.cpp]acquire(): Acquired ID : 41187759  [3666 / 5409]    HINT :      list : [TID_LOW_LATENCY / 0] [TID / 6713] [TID / 6714] [TID / 4645] [TID / 6623] 
05-27 15:46:12.323  3696  6600 D TspStateManager: updateCustomValue customSetting=
05-27 15:46:12.323  3696  6600 I MultiTaskingController: onConfigurationChangedLocked: display#0, configChanges=0x20000480, scaleW=2.1666667, scaleH=0.46153846, prevScreenBounds=Rect(0, 0 - 1440, 3120), nextScreenBounds=Rect(0, 0 - 3120, 1440)
05-27 15:46:12.323  3642  3670 I HYPER-HAL: [RequestManager.cpp]acquire(): Acquired ID : 41196836  [3666 / 5410]    HINT :      list : [UCLAMP_MIN_BOOST / 0] [TID / 6713] [TID / 6714] [TID / 4645] [TID / 6623] 
05-27 15:46:12.323  3642  3670 I HYPER-HAL: [RequestManager.cpp]releaseLocked(): Released ID : 41187759
05-27 15:46:12.323  3642  3670 I HYPER-HAL: [RequestManager.cpp]releaseLocked(): Released ID : 41196836
05-27 15:46:12.323  4222  4222 D NavigationModeController: getCurrentUserContext: contextUser=0 currentUser=0
05-27 15:46:12.324  6837  6837 I HBD     : b needOff = true , isForceOff = false, isNullInputClass : true 
05-27 15:46:12.324  6837  6837 I HBD     : b update cached prediction status : false 
05-27 15:46:12.324  3696  6600 I WindowManager: Cancelling animation restarting=true, leash=Surface(name=Surface(name=cef98f3 NavigationBar0)/@0x94128ba - animation-leash of insets_animation)/@0xf5860d4
05-27 15:46:12.324  3696  6600 I WindowManager: Reparenting to original parent: Surface(name=WindowToken{a010f62 type=2019 android.os.BinderProxy@a63ad44})/@0x503336b, destroy=false, surface=Surface(name=cef98f3 NavigationBar0)/@0x94128ba
05-27 15:46:12.324  3696  6600 I WindowManager: Reparenting to leash, surface=Surface(name=cef98f3 NavigationBar0)/@0x94128ba, leashParent=Surface(name=WindowToken{a010f62 type=2019 android.os.BinderProxy@a63ad44})/@0x503336b
05-27 15:46:12.324  1694  1768 I SurfaceFlinger: id=15012 createSurf, flag=24000, Surface(name=cef98f3 NavigationBar0)/@0x94128ba - animation-leash of insets_animation#15012
05-27 15:46:12.325  3696  6600 D WindowManager: makeSurface duration=1 leash=Surface(name=Surface(name=cef98f3 NavigationBar0)/@0x94128ba - animation-leash of insets_animation)/@0x43f51eb
05-27 15:46:12.325  4222  4222 D NavigationModeController: getCurrentUserContext: contextUser=0 currentUser=0
05-27 15:46:12.325  3696  6600 D InsetsSourceProvider: updateControlForTarget: control=InsetsSourceControl: {356b0001 mType=navigationBars initiallyVisible mSurfacePosition=Point(0, 2940) mInsetsHint=Insets{left=0, top=0, right=0, bottom=180}}, target=Window{8c902b5 u0 com.mrxw.android.ltgames/com.mrxw.android.ltgames.UnityPlayerActivity}, from=com.android.server.wm.InsetsStateController.onControlTargetChanged:358 com.android.server.wm.InsetsStateController.onBarControlTargetChanged:327 com.android.server.wm.InsetsPolicy.updateBarControlTarget:172 com.android.server.wm.InsetsPolicy.updateSystemBars:800 com.android.server.wm.DisplayPolicy.updateSystemBarsLw:3418 
05-27 15:46:12.325  3696  6600 I WindowManager: Cancelling animation restarting=true, leash=Surface(name=Surface(name=19ab89 StatusBar)/@0x5e102bd - animation-leash of insets_animation)/@0x7835572
05-27 15:46:12.325  3696  6600 I WindowManager: Reparenting to original parent: Surface(name=WindowToken{b101690 type=2000 android.os.BinderProxy@eb68942})/@0xad1f0b2, destroy=false, surface=Surface(name=19ab89 StatusBar)/@0x5e102bd
05-27 15:46:12.325  3696  6600 I WindowManager: Reparenting to leash, surface=Surface(name=19ab89 StatusBar)/@0x5e102bd, leashParent=Surface(name=WindowToken{b101690 type=2000 android.os.BinderProxy@eb68942})/@0xad1f0b2
05-27 15:46:12.325  1694  1768 I SurfaceFlinger: id=15013 createSurf, flag=24000, Surface(name=19ab89 StatusBar)/@0x5e102bd - animation-leash of insets_animation#15013
05-27 15:46:12.326  3696  6600 D WindowManager: makeSurface duration=1 leash=Surface(name=Surface(name=19ab89 StatusBar)/@0x5e102bd - animation-leash of insets_animation)/@0x5d20de1
05-27 15:46:12.326  3696  6600 D InsetsSourceProvider: updateControlForTarget: control=InsetsSourceControl: {d45f0000 mType=statusBars initiallyVisible mSurfacePosition=Point(0, 0) mInsetsHint=Insets{left=0, top=101, right=0, bottom=0}}, target=Window{8c902b5 u0 com.mrxw.android.ltgames/com.mrxw.android.ltgames.UnityPlayerActivity}, from=com.android.server.wm.InsetsStateController.onControlTargetChanged:358 com.android.server.wm.InsetsStateController.onBarControlTargetChanged:324 com.android.server.wm.InsetsPolicy.updateBarControlTarget:172 com.android.server.wm.InsetsPolicy.updateSystemBars:800 com.android.server.wm.DisplayPolicy.updateSystemBarsLw:3418 
05-27 15:46:12.326  4222  4222 D NavigationModeController: getCurrentUserContext: contextUser=0 currentUser=0
05-27 15:46:12.327  4222  4222 D NavigationModeController: getCurrentUserContext: contextUser=0 currentUser=0
05-27 15:46:12.327  4222  4222 I NoBackGesture: Config changed: newConfig={1.0 310mcc240mnc [en_US] ldltr sw384dp w757dp h360dp 600dpi nrml long hdr widecg land night finger -keyb/v/h -nav/h winConfig={ mBounds=Rect(0, 0 - 3120, 1440) mAppBounds=Rect(101, 0 - 2940, 1440) mMaxBounds=Rect(0, 0 - 3120, 1440) mDisplayRotation=ROTATION_90 mWindowingMode=fullscreen mDisplayWindowingMode=fullscreen mActivityType=undefined mAlwaysOnTop=undefined mRotation=ROTATION_90 mPopOver=undefined mOverlappingWithCutout=false mStageConfig=undefined mFreeformTaskPinningState=undefined mCompatSandboxScale=-1.0 mDexTaskDockingState=none} s.35451 fontWeightAdjustment=0 ff=0 bf=0 bts=0 cst=1.0 nightDim=0 desktop/d dm/n ?dc ?dcui themeSeq=0} lastReportedConfig={1.0 310mcc240mnc [en_US] ldltr sw384dp w384dp h757dp 600dpi nrml long hdr widecg port night finger -keyb/v/h -nav/h winConfig={ mBounds=Rect(0, 0 - 1440, 3120) mAppBounds=Rect(0, 101 - 1440, 2940) mMaxBounds=Rect(0, 0 - 1440, 3120) mDisplayRotation=ROTATION_0 mWindowingMode=fullscreen mDisplayWindowingMode=fullscreen mActivityType=undefined mAlwaysOnTop=undefined mRotation=ROTATION_0 mPopOver=undefined mOverlappingWithCutout=false mStageConfig=undefined mFreeformTaskPinningState=undefined mCompatSandboxScale=-1.0 mDexTaskDockingState=none} s.35344 fontWeightAdjustment=0 ff=0 bf=0 bts=0 cst=1.0 nightDim=0 desktop/d dm/n ?dc ?dcui themeSeq=0}
05-27 15:46:12.327  3696  6600 D InsetsSourceProvider: updateVisibility: serverVisible=true, clientVisible=false, source=InsetsSource: {356b0001 mType=navigationBars mFrame=[2940,0][3120,1440] mVisible=false mFlags=[]}, controlTarget=Window{8c902b5 u0 com.mrxw.android.ltgames/com.mrxw.android.ltgames.UnityPlayerActivity}, from=com.android.server.wm.InsetsSourceProvider.setClientVisible:606 com.android.server.wm.InsetsSourceProvider.updateClientVisibility:593 com.android.server.wm.InsetsStateController.onInsetsModified:275 com.android.server.wm.InsetsStateController.lambda$notifyPendingInsetsControlChanged$3:434 com.android.server.wm.InsetsStateController.$r8$lambda$8yykPRG1GyNq_J17QvL9d5xANMc:0 com.android.server.wm.InsetsStateController$$ExternalSyntheticLambda2.run:0 com.android.server.wm.WindowAnimator.executeAfterPrepareSurfacesRunnables:294 com.android.server.wm.RootWindowContainer.performSurfacePlacementNoTrace:989 com.android.server.wm.RootWindowContainer.performSurfacePlacement:924 com.android.server.wm.WindowSurfacePlacer.performSurfacePlacementLoop:185 
05-27 15:46:12.328  4222  4222 D LockscreenNotificationManager: Orientation updated : 2
05-27 15:46:12.328  3696  6600 D InsetsSourceProvider: updateVisibility: serverVisible=true, clientVisible=false, source=InsetsSource: {d45f0000 mType=statusBars mFrame=[0,0][3120,90] mVisible=false mFlags=[]}, controlTarget=Window{8c902b5 u0 com.mrxw.android.ltgames/com.mrxw.android.ltgames.UnityPlayerActivity}, from=com.android.server.wm.InsetsSourceProvider.setClientVisible:606 com.android.server.wm.InsetsSourceProvider.updateClientVisibility:593 com.android.server.wm.InsetsStateController.onInsetsModified:275 com.android.server.wm.InsetsStateController.lambda$notifyPendingInsetsControlChanged$3:434 com.android.server.wm.InsetsStateController.$r8$lambda$8yykPRG1GyNq_J17QvL9d5xANMc:0 com.android.server.wm.InsetsStateController$$ExternalSyntheticLambda2.run:0 com.android.server.wm.WindowAnimator.executeAfterPrepareSurfacesRunnables:294 com.android.server.wm.RootWindowContainer.performSurfacePlacementNoTrace:989 com.android.server.wm.RootWindowContainer.performSurfacePlacement:924 com.android.server.wm.WindowSurfacePlacer.performSurfacePlacementLoop:185 
05-27 15:46:12.328  4222  4222 D MediaLogger: Media config changed data size is [0]
05-27 15:46:12.328  4222  4222 D SecMediaControlPanel: Get Value for expanded: true
05-27 15:46:12.328  4222  4222 D SecMediaControlPanel: there is no media player, update player height returned.
05-27 15:46:12.328  4222  4222 D DeviceState: getDisplayWidth portrait? false  displayWidth= 3120
05-27 15:46:12.328  4222  4222 D SecPanelConfigurationBellTower: New Cs.35451 (cSeq.35344 : vSeq.31302) dState(dW:3120, dH:1440) rPicker(pW:2550, pH:1350, adH:1350, cH:0, nbH:0) Rotation(1, c:1, v:1) newOri:2
05-27 15:46:12.328  1694  1694 I Layer   : Layer::reparent [cef98f3 NavigationBar0#6817] newParent : Surface(name=cef98f3 NavigationBar0)/@0x94128ba - animation-leash of insets_animation#15012 , isRemovedFromCurrentState : 0 -------------------------
05-27 15:46:12.328  1694  1694 I Layer   : Layer::reparent [cef98f3 NavigationBar0#6817] End -------------------------
05-27 15:46:12.328  1694  1694 I Layer   : Layer::reparent [Surface(name=cef98f3 NavigationBar0)/@0x94128ba - animation-leash of insets_animation#14987] newParentHandle : null -------------------------
05-27 15:46:12.328  1694  1694 I Layer   : id=14987 removeFromCurrentState Surface(name=cef98f3 NavigationBar0)/@0x94128ba - animation-leash of insets_animation#14987 (171)
05-27 15:46:12.328  1694  1694 I Layer   : Layer::reparent [Surface(name=cef98f3 NavigationBar0)/@0x94128ba - animation-leash of insets_animation#14987] End -------------------------
05-27 15:46:12.328  1694  1694 I Layer   : Layer::reparent [19ab89 StatusBar#75] newParent : Surface(name=19ab89 StatusBar)/@0x5e102bd - animation-leash of insets_animation#15013 , isRemovedFromCurrentState : 0 -------------------------
05-27 15:46:12.328  1694  1694 I Layer   : Layer::reparent [19ab89 StatusBar#75] End -------------------------
05-27 15:46:12.328  1694  1694 I Layer   : Layer::reparent [Surface(name=19ab89 StatusBar)/@0x5e102bd - animation-leash of insets_animation#14988] newParentHandle : null -------------------------
05-27 15:46:12.328  1694  1694 I Layer   : id=14988 removeFromCurrentState Surface(name=19ab89 StatusBar)/@0x5e102bd - animation-leash of insets_animation#14988 (171)
05-27 15:46:12.328  1694  1694 I Layer   : Layer::reparent [Surface(name=19ab89 StatusBar)/@0x5e102bd - animation-leash of insets_animation#14988] End -------------------------
05-27 15:46:12.328 28162 28460 I ViewRootImpl@85b0bb9[UnityPlayerActivity]: Resizing android.view.ViewRootImpl@54df3ce: frame = [76,0][2340,1080] reportDraw = true forceLayout = false syncSeqId = -1
05-27 15:46:12.330  4645 14081 I Edge.TrayStateController: systemUiVisibilityChanged : 3 0
05-27 15:46:12.331  4222  4356 I ViewRootImpl@af1730c[NavigationBar0]: Resizing android.view.ViewRootImpl@b0f89db: frame = [2940,0][3120,1440] reportDraw = true forceLayout = true syncSeqId = 247
05-27 15:46:12.332  4222 22931 I ViewRootImpl@2c417cc[ltgames]: Resizing android.view.ViewRootImpl@e13f644: frame = [101,0][3120,1440] reportDraw = true forceLayout = true syncSeqId = 2
05-27 15:46:12.332  4222  6822 I ViewRootImpl@6bb8eac[StatusBar]: Resizing android.view.ViewRootImpl@842e8f0: frame = [0,0][3120,90] reportDraw = true forceLayout = false syncSeqId = -1
05-27 15:46:12.332  4222  5047 I ViewRootImpl@2c417cc[ltgames]: Resizing android.view.ViewRootImpl@e13f644: frame = [101,0][3120,1440] reportDraw = false forceLayout = false syncSeqId = -1
05-27 15:46:12.332 28162 28174 I ViewRootImpl@85b0bb9[UnityPlayerActivity]: Resizing android.view.ViewRootImpl@54df3ce: frame = [76,0][2340,1080] reportDraw = false forceLayout = false syncSeqId = -1
05-27 15:46:12.332  4222  4321 V WindowManagerShell: Track 0 became idle
05-27 15:46:12.333  4222  4321 V WindowManagerShell: All active transition animations finished
05-27 15:46:12.333  4222  4321 V WindowManagerShell: Transition requested: android.os.BinderProxy@20c32d TransitionRequestInfo { type = CHANGE, triggerTask = null, remoteTransition = null, displayChange = DisplayChange { displayId = 0, startAbsBounds = null, endAbsBounds = null, startRotation = 0, endRotation = 1, physicalDisplayChanged = false, uiModeChanged = false } }
05-27 15:46:12.333  4645  4870 I ViewRootImpl@5df074c[CocktailBarService]: Resizing android.view.ViewRootImpl@e25c504: frame = [2873,584][2940,1040] reportDraw = true forceLayout = false syncSeqId = -1
05-27 15:46:12.333  3696  3779 I InputManager-JNI: Viewport [0] to add: local:4630946315032985731, isActive: true
05-27 15:46:12.333  4645  4870 I ViewRootImpl@5df074c[CocktailBarService]: Resizing android.view.ViewRootImpl@e25c504: frame = [3053,584][3120,1040] reportDraw = true forceLayout = false syncSeqId = -1
05-27 15:46:12.333  3696  3779 D InputManager-JNI: Viewport [0] type:1, displayId=0, uniqueId=local:4630946315032985731, orientation=1, logicalFrame=[0, 0][3120, 1440], physicalFrame=[0, 0][3120, 1440], deviceSize=[3120, 1440]
05-27 15:46:12.333  3696  4257 D KNOX_MDM_SettingsProvider: isChangeAllowed() : name = desktop_mode
05-27 15:46:12.333  3696  4257 D KNOX_MDM_SettingsProvider: edmUri: content://com.sec.knox.provider/RestrictionPolicy3
05-27 15:46:12.333  3696  4257 D KNOX_MDM_SettingsProvider: projectionArgs: isSettingsChangesAllowed
05-27 15:46:12.333  3696  4257 D KNOX_MDM_SettingsProvider: selectionArgs: false
05-27 15:46:12.333  3696  4257 D KNOX_MDM_SettingsProvider: selectionArgs: 10045
05-27 15:46:12.333  3696  4257 D SecContentProvider: query(), uri = 17 selection = isSettingsChangesAllowed
05-27 15:46:12.333  3696  4257 D SecContentProvider: called from android.uid.systemui:10045
05-27 15:46:12.333  3696  4257 D RestrictionPolicy: isSettingsChangesAllowedAsUser, userId 0 : true
05-27 15:46:12.333  3696  4257 D KNOX_MDM_SettingsProvider: ret = 1
05-27 15:46:12.334  3696 30218 I AudioManager: setParameters keyValuePairs = g_hw_display_rotation=1
05-27 15:46:12.334  4222  4321 D WindowManagerShell: PipTaskOrganizer: Skip onMovementBoundsChanged on rotation change InSwipePipToHomeTransition=false mWaitForFixedRotation=true getTransitionState=0
05-27 15:46:12.334  3696  4991 V WindowManager: Starting Transition 1021, caller=com.android.server.wm.WindowOrganizerController.startTransition:379 com.android.server.wm.WindowOrganizerController.startTransition:310 android.window.IWindowOrganizerController$Stub.onTransact:257 
05-27 15:46:12.334  3696  4991 V Transition:  allReady query: used=false, override=false, defer=0, states=
05-27 15:46:12.334  4222  4222 D ExpandQSAtOnceController: updateResources(before), enabled:false, SidePosition:null, Ratio:0.0(setting:-1), Width:0
05-27 15:46:12.335 28162 28162 V ViewRootImpl@85b0bb9[UnityPlayerActivity]: updateAppliedLetterboxDirection, direction=1, Caller=android.view.ViewRootImpl.handleDispatchLetterboxDirectionChanged:14124
05-27 15:46:12.335 28162 28162 I InsetsController: onStateChanged: host=com.mrxw.android.ltgames/com.mrxw.android.ltgames.UnityPlayerActivity, from=android.view.ViewRootImpl$ViewRootHandler.handleMessageImpl:7207, state=InsetsState: {mDisplayFrame=Rect(0, 0 - 2340, 1080), mDisplayCutout=DisplayCutout{insets=Rect(76, 0 - 0, 0) waterfall=Insets{left=0, top=0, right=0, bottom=0} boundingRect={Bounds=[Rect(0, 515 - 76, 565), Rect(0, 0 - 0, 0), Rect(0, 0 - 0, 0), Rect(0, 0 - 0, 0)]} cutoutPathParserInfo={CutoutPathParserInfo{displayWidth=1440 displayHeight=3120 physicalDisplayWidth=1440 physicalDisplayHeight=3120 density={3.75} cutoutSpec={M 0,0 H -8.933333333333333 V 26.93333333333333 H 8.933333333333333 V 0 H 0 Z @dp} rotation={1} scale={0.75} physicalPixelDisplaySizeRatio={1.0}}}}, mRoundedCorners=RoundedCorners{[RoundedCorner{position=TopLeft, radius=6, center=Point(6, 6)}, RoundedCorner{position=TopRight, radius=6, center=Point(2334, 6)}, RoundedCorner{position=BottomRight, radius=6, center=Point(2334, 1074)}, RoundedCorner{position=BottomLeft, radius=6, center=Point(6, 1074)}]}  mRoundedCornerFrame=Rect(0, 0 - 2340, 1080), mPrivacyIndicatorBounds=PrivacyIndicatorBounds {static bounds=Rect(2216, 0 - 2340, 68) rotation=1}, mDisplayShape=DisplayShape{ spec=-1951251426 displayWidth=1440 displayHeight=3120 physicalPixelDisplaySizeRatio=1.0 rotation=1 offsetX=0 offsetY=0 scale=0.75}, mSources= { InsetsSource: {d45f0000 mType=statusBars mFrame=[0,0][2340,68] mVisible=true mFlags=[]}, InsetsSource: {d45f0005 mType=mandatorySystemGestures mFrame=[0,0][2340,68] mVisible=true mFlags=[]}, InsetsSource: {d45f0006 mType=tappableElement mFrame=[0,0][2340,68] mVisible=true mFlags=[]}, InsetsSource: {3 mType=ime mFrame=[0,0][0,0] mVisible=false mFlags=[]}, InsetsSource: {7 mType=displayCutout mFrame=[0,0][76,1080] mVisible=true mFlags=[]}, InsetsSource: {356b0001 mType=navigationBars mFrame=[2205,0][2340,1080] mVisible=true mFlags=[]}, InsetsSource: {356b0004 mType=systemGestures mFrame=[0,0][0,0] mVisible=true mFlags=[]}, InsetsSource: {356b0005 mType=mandatorySystemGestures mFrame=[2205,0][2340,1080] mVisible=true mFlags=[]}, InsetsSource: {356b0006 mType=tappableElement mFrame=[2205,0][2340,1080] mVisible=true mFlags=[]}, InsetsSource: {356b0024 mType=systemGestures mFrame=[0,0][0,0] mVisible=true mFlags=[]} }
05-27 15:46:12.335  6837  6837 I HBD     : a [NRIC] resetNoResponseState 
05-27 15:46:12.335  6837  6837 I HBD     : b needOff = true , isForceOff = false, isNullInputClass : true 
05-27 15:46:12.335  6837  6837 I HBD     : b update cached prediction status : false 
05-27 15:46:12.335  6837  6837 I HBD     : HoneyBoardService [PF_OP][onStartInput]  14 ms 
05-27 15:46:12.335 28162 28162 I InsetsController: controlAnimationUncheckedInner: Added types=statusBars navigationBars, animType=1, host=com.mrxw.android.ltgames/com.mrxw.android.ltgames.UnityPlayerActivity, from=android.view.InsetsController.controlAnimationUnchecked:1448 android.view.InsetsController.applyAnimation:2004 android.view.InsetsController.applyAnimation:1967 
05-27 15:46:12.335  4222  4222 I SecLightRevealScrim: getPositionCorrectionRatio screenSizeRatio=1.0 physicalScreenSize.x=1440 baseWidthPixels = 1440 currentWidthPixels = 1440
05-27 15:46:12.335  4222  4222 I SecLightRevealScrim: updateResources: secRevealCenterX=1419.5 secRevealCenterY=720.0 currentDisplaySize.x=2839 currentDisplaySize.y=1440 powerKeyY=1330 radius=3183.319
05-27 15:46:12.335  3696  4257 W InputMethodManagerService: showAgainInputMehtodPicker
05-27 15:46:12.335 28162 28162 I InsetsController: onStateChanged: host=com.mrxw.android.ltgames/com.mrxw.android.ltgames.UnityPlayerActivity, from=android.view.ViewRootImpl$ViewRootHandler.handleMessageImpl:7194, state=InsetsState: {mDisplayFrame=Rect(0, 0 - 2340, 1080), mDisplayCutout=DisplayCutout{insets=Rect(76, 0 - 0, 0) waterfall=Insets{left=0, top=0, right=0, bottom=0} boundingRect={Bounds=[Rect(0, 515 - 76, 565), Rect(0, 0 - 0, 0), Rect(0, 0 - 0, 0), Rect(0, 0 - 0, 0)]} cutoutPathParserInfo={CutoutPathParserInfo{displayWidth=1440 displayHeight=3120 physicalDisplayWidth=1440 physicalDisplayHeight=3120 density={3.75} cutoutSpec={M 0,0 H -8.933333333333333 V 26.93333333333333 H 8.933333333333333 V 0 H 0 Z @dp} rotation={1} scale={0.75} physicalPixelDisplaySizeRatio={1.0}}}}, mRoundedCorners=RoundedCorners{[RoundedCorner{position=TopLeft, radius=6, center=Point(6, 6)}, RoundedCorner{position=TopRight, radius=6, center=Point(2334, 6)}, RoundedCorner{position=BottomRight, radius=6, center=Point(2334, 1074)}, RoundedCorner{position=BottomLeft, radius=6, center=Point(6, 1074)}]}  mRoundedCornerFrame=Rect(0, 0 - 2340, 1080), mPrivacyIndicatorBounds=PrivacyIndicatorBounds {static bounds=Rect(2216, 0 - 2340, 68) rotation=1}, mDisplayShape=DisplayShape{ spec=-1951251426 displayWidth=1440 displayHeight=3120 physicalPixelDisplaySizeRatio=1.0 rotation=1 offsetX=0 offsetY=0 scale=0.75}, mSources= { InsetsSource: {d45f0000 mType=statusBars mFrame=[0,0][2340,68] mVisible=false mFlags=[]}, InsetsSource: {d45f0005 mType=mandatorySystemGestures mFrame=[0,0][2340,68] mVisible=true mFlags=[]}, InsetsSource: {d45f0006 mType=tappableElement mFrame=[0,0][2340,68] mVisible=true mFlags=[]}, InsetsSource: {3 mType=ime mFrame=[0,0][0,0] mVisible=false mFlags=[]}, InsetsSource: {7 mType=displayCutout mFrame=[0,0][76,1080] mVisible=true mFlags=[]}, InsetsSource: {356b0001 mType=navigationBars mFrame=[2205,0][2340,1080] mVisible=false mFlags=[]}, InsetsSource: {356b0004 mType=systemGestures mFrame=[0,0][0,0] mVisible=true mFlags=[]}, InsetsSource: {356b0005 mType=mandatorySystemGestures mFrame=[2205,0][2340,1080] mVisible=true mFlags=[]}, InsetsSource: {356b0006 mType=tappableElement mFrame=[2205,0][2340,1080] mVisible=true mFlags=[]}, InsetsSource: {356b0024 mType=systemGestures mFrame=[0,0][0,0] mVisible=true mFlags=[]} }
05-27 15:46:12.336 28162 28162 I ViewRootImpl@85b0bb9[UnityPlayerActivity]: handleResized, msg = 5 frames=ClientWindowFrames{frame=[76,0][2340,1080] display=[76,0][2340,1080] parentFrame=[0,0][0,0]} forceNextWindowRelayout=false displayId=0 dragResizing=false compatScale=1.0 frameChanged=false attachedFrameChanged=false configChanged=false displayChanged=false compatScaleChanged=false
05-27 15:46:12.336 28162 28162 I ViewRootImpl@85b0bb9[UnityPlayerActivity]: handleResized mSyncSeqId = 0
05-27 15:46:12.336 28162 28162 D ViewRootImpl@85b0bb9[UnityPlayerActivity]: reportNextDraw android.view.ViewRootImpl.handleResized:2534 android.view.ViewRootImpl.-$$Nest$mhandleResized:0 android.view.ViewRootImpl$ViewRootHandler.handleMessageImpl:7195 android.view.ViewRootImpl$ViewRootHandler.handleMessage:7164 android.os.Handler.dispatchMessage:106 
05-27 15:46:12.336 28162 28162 I ViewRootImpl@85b0bb9[UnityPlayerActivity]: handleResized, msg = 4 frames=ClientWindowFrames{frame=[76,0][2340,1080] display=[76,0][2340,1080] parentFrame=[0,0][0,0]} forceNextWindowRelayout=false displayId=0 dragResizing=false compatScale=1.0 frameChanged=false attachedFrameChanged=false configChanged=false displayChanged=false compatScaleChanged=false
05-27 15:46:12.336  6837  6837 I HBD     : b updatePredictionStatus : 9, editorOpt 
05-27 15:46:12.336 28162 28162 D com.leiting.sdk: Fetching FCM registration token failed
05-27 15:46:12.336 28162 28162 D com.leiting.sdk: java.io.IOException: java.util.concurrent.ExecutionException: java.io.IOException: SERVICE_NOT_AVAILABLE
05-27 15:46:12.336 28162 28162 D com.leiting.sdk: 	at com.google.firebase.messaging.FirebaseMessaging.blockingGetToken(FirebaseMessaging.java:625)
05-27 15:46:12.336 28162 28162 D com.leiting.sdk: 	at com.google.firebase.messaging.FirebaseMessaging.lambda$getToken$4$FirebaseMessaging(FirebaseMessaging.java:392)
05-27 15:46:12.336 28162 28162 D com.leiting.sdk: 	at com.google.firebase.messaging.-$$Lambda$FirebaseMessaging$hhRqCIwb_q-GasIrdNMReoTbQ60.run(Unknown Source:4)
05-27 15:46:12.336 28162 28162 D com.leiting.sdk: 	at java.util.concurrent.Executors$RunnableAdapter.call(Executors.java:520)
05-27 15:46:12.336 28162 28162 D com.leiting.sdk: 	at java.util.concurrent.FutureTask.run(FutureTask.java:317)
05-27 15:46:12.336 28162 28162 D com.leiting.sdk: 	at java.util.concurrent.ScheduledThreadPoolExecutor$ScheduledFutureTask.run(ScheduledThreadPoolExecutor.java:348)
05-27 15:46:12.336 28162 28162 D com.leiting.sdk: 	at java.util.concurrent.ThreadPoolExecutor.runWorker(ThreadPoolExecutor.java:1154)
05-27 15:46:12.336 28162 28162 D com.leiting.sdk: 	at java.util.concurrent.ThreadPoolExecutor$Worker.run(ThreadPoolExecutor.java:652)
05-27 15:46:12.336 28162 28162 D com.leiting.sdk: 	at com.google.android.gms.common.util.concurrent.zza.run(com.google.android.gms:play-services-basement@@18.1.0:2)
05-27 15:46:12.336 28162 28162 D com.leiting.sdk: 	at java.lang.Thread.run(Thread.java:1564)
05-27 15:46:12.336 28162 28162 D com.leiting.sdk: Caused by: java.util.concurrent.ExecutionException: java.io.IOException: SERVICE_NOT_AVAILABLE
05-27 15:46:12.336 28162 28162 D com.leiting.sdk: 	at com.google.android.gms.tasks.Tasks.zza(com.google.android.gms:play-services-tasks@@18.0.1:5)
05-27 15:46:12.336 28162 28162 D com.leiting.sdk: 	at com.google.android.gms.tasks.Tasks.await(com.google.android.gms:play-services-tasks@@18.0.1:8)
05-27 15:46:12.336 28162 28162 D com.leiting.sdk: 	at com.google.firebase.messaging.FirebaseMessaging.blockingGetToken(FirebaseMessaging.java:623)
05-27 15:46:12.336 28162 28162 D com.leiting.sdk: 	... 9 more
05-27 15:46:12.336 28162 28162 D com.leiting.sdk: Caused by: java.io.IOException: SERVICE_NOT_AVAILABLE
05-27 15:46:12.336 28162 28162 D com.leiting.sdk: 	at com.google.firebase.messaging.GmsRpc.handleResponse(GmsRpc.java:309)
05-27 15:46:12.336 28162 28162 D com.leiting.sdk: 	at com.google.firebase.messaging.GmsRpc.lambda$extractResponseWhenComplete$0$GmsRpc(GmsRpc.java:320)
05-27 15:46:12.336 28162 28162 D com.leiting.sdk: 	at com.google.firebase.messaging.-$$Lambda$GmsRpc$tPjltVSAbk36mmkzOG1vcfMBmQo.then(Unknown Source:2)
05-27 15:46:12.336 28162 28162 D com.leiting.sdk: 	at com.google.android.gms.tasks.zzc.run(com.google.android.gms:play-services-tasks@@18.0.1:3)
05-27 15:46:12.336 28162 28162 D com.leiting.sdk: 	at com.google.firebase.messaging.-$$Lambda$_14QHG018Z6p13d3hzJuGTWnNeo.execute(Unknown Source:0)
05-27 15:46:12.336 28162 28162 D com.leiting.sdk: 	at com.google.android.gms.tasks.zzd.zzd(com.google.android.gms:play-services-tasks@@18.0.1:1)
05-27 15:46:12.336 28162 28162 D com.leiting.sdk: 	at com.google.android.gms.tasks.zzr.zzb(com.google.android.gms:play-services-tasks@@18.0.1:5)
05-27 15:46:12.336 28162 28162 D com.leiting.sdk: 	at com.google.android.gms.tasks.zzw.zzb(com.google.android.gms:play-services-tasks@@18.0.1:3)
05-27 15:46:12.336 28162 28162 D com.leiting.sdk: 	at com.google.android.gms.tasks.zzc.run(com.google.android.gms:play-services-tasks@@18.0.1:8)
05-27 15:46:12.336 28162 28162 D com.leiting.sdk: 	at com.google.android.gms.cloudmessaging.zzz.execute(Unknown Source:0)
05-27 15:46:12.336 28162 28162 D com.leiting.sdk: 	at com.google.android.gms.tasks.zzd.zzd(com.google.android.gms:play-services-tasks@@18.0.1:1)
05-27 15:46:12.336 28162 28162 D com.leiting.sdk: 	at com.google.android.gms.tasks.zzr.zzb(com.google.android.gms:play-services-tasks@@18.0.1:5)
05-27 15:46:12.336 28162 28162 D com.leiting.sdk: 	at com.google.android.gms.tasks.zzw.zzb(com.google.android.gms:play-services-tasks@@18.0.1:3)
05-27 15:46:12.336 28162 28162 D com.leiting.sdk: 	at com.google.android.gms.tasks.TaskCompletionSource.setResult(com.google.android.gms:play-services-tasks@@18.0.1:1)
05-27 15:46:12.336 28162 28162 D com.leiting.sdk: 	at com.google.android.gms.cloudmessaging.zzp.zzd(com.google.android.gms:play-services-cloud-messaging@@17.0.0:3)
05-27 15:46:12.336 28162 28162 D com.leiting.sdk: 	at com.google.android.gms.cloudmessaging.zzr.zza(com.google.android.gms:play-services-cloud-messaging@@17.0.0:2)
05-27 15:46:12.336 28162 28162 D com.leiting.sdk: 	at com.google.android.gms.cloudmessaging.zzf.handleMessage(com.google.android.gms:play-services-cloud-messaging@@17.0.0:14)
05-27 15:46:12.336 28162 28162 D com.leiting.sdk: 	at android.os.Handler.dispatchMessage(Handler.java:102)
05-27 15:46:12.336 28162 28162 D com.leiting.sdk: 	at android.os.Looper.loopOnce(Looper.java:230)
05-27 15:46:12.336 28162 28162 D com.leiting.sdk: 	at android.os.Looper.loop(Looper.java:319)
05-27 15:46:12.336 28162 28162 D com.leiting.sdk: 	at android.app.ActivityThread.main(ActivityThread.java:8918)
05-27 15:46:12.336 28162 28162 D com.leiting.sdk: 	at java.lang.reflect.Method.invoke(Native Method)
05-27 15:46:12.336 28162 28162 D com.leiting.sdk: 	at com.android.internal.os.RuntimeInit$MethodAndArgsCaller.run(RuntimeInit.java:608)
05-27 15:46:12.336 28162 28162 D com.leiting.sdk: 	at com.android.internal.os.ZygoteInit.main(ZygoteInit.java:1103)
05-27 15:46:12.336  4222  4222 D KeyguardSecIndicationPolicy:  remove Item pos = DEFAULT, type =     LEGACY_TRANSIENT
05-27 15:46:12.336 28162 28162 D com.leiting.sdk: Get token again failed, callback to the game.
05-27 15:46:12.336  6837  6837 I HBD     : HoneyBoardService [PF_CF][onConfigurationChanged]  16 ms 
05-27 15:46:12.336  6837  6837 I HBD     : c inset is lower than 0 
05-27 15:46:12.336 28162 28162 I SurfaceView: 63863451 Changes: creating=false format=false size=true visible=false alpha=false hint=false visible=false left=false top=false z=false attached=true lifecycleStrategy=false
05-27 15:46:12.336 28162 28162 I SurfaceView@3ce7a9b: 63863451 Cur surface: Surface(name=null)/@0xade67d6
05-27 15:46:12.336  6837  6837 I HBD     : [DirectWriting] DirectWriting emitEvent: emitInputConnection 
05-27 15:46:12.336 28162 28162 I BLASTBufferQueue_Java: update, w= 2264 h= 1080 mName = null mNativeObject= 0xb4000074da662f70 sc.mNativeObject= 0xb40000745a649010 format= 4 caller= android.view.SurfaceView.setBufferSize:1432 android.view.SurfaceView.performSurfaceTransaction:988 android.view.SurfaceView.updateSurface:1204 android.view.SurfaceView.setFrame:559 android.view.View.layout:25765 android.widget.FrameLayout.layoutChildren:332 
05-27 15:46:12.336 28162 28162 I SurfaceView@3ce7a9b: pST: sr = Rect(0, 0 - 2264, 1080) sw = 2264 sh = 1080
05-27 15:46:12.336 28162 28162 I SurfaceView@3ce7a9b: onSSPAndSRT: pl = 0 pt = 0 sx = 1.0 sy = 1.0
05-27 15:46:12.336 28162 28162 D SurfaceView@3ce7a9b: 63863451 performSurfaceTransaction UI Thread position = [0, 0, 2264, 1080] surfaceSize = 2264x1080
05-27 15:46:12.336  4222  4222 D IndicatorBasicGardener: PhoneStatusBarViewController update is done height=90 hasCameraTopMargin=false cameraTopMargin=0paddingLeft=78 paddingRight=78 maxWidthLeftContainer=1289 maxWidthCenterContainer=104 maxWidthRightContainer=1289 cutout=DisplayCutout{insets=Rect(0, 101 - 0, 0) waterfall=Insets{left=0, top=0, right=0, bottom=0} boundingRect={Bounds=[Rect(0, 0 - 0, 0), Rect(687, 0 - 754, 101), Rect(0, 0 - 0, 0), Rect(0, 0 - 0, 0)]} cutoutPathParserInfo={CutoutPathParserInfo{displayWidth=1440 displayHeight=3120 physicalDisplayWidth=1440 physicalDisplayHeight=3120 density={3.75} cutoutSpec={M 0,0 H -8.933333333333333 V 26.93333333333333 H 8.933333333333333 V 0 H 0 Z @dp} rotation={0} scale={1.0} physicalPixelDisplaySizeRatio={1.0}}}}
05-27 15:46:12.337  6837  6837 I HBD     : [DirectWriting] DirectWriting emitEvent: OrientationChanged  
05-27 15:46:12.337  6837  6837 I HBD     : [DirectWriting] InputController handleInputConnection() RemoteInputConnection{idHash=#a0710a3} 
05-27 15:46:12.337 28162 28162 I SurfaceView@3ce7a9b: updateSurface: mVisible = true mSurface.isValid() = true
05-27 15:46:12.337 28162 28162 I SurfaceView@3ce7a9b: updateSurface: mSurfaceCreated = true surfaceChanged = false visibleChanged = false
05-27 15:46:12.337 28162 28162 I SurfaceView: 63863451 surfaceChanged -- format=4 w=2264 h=1080
05-27 15:46:12.337 28162 28162 I SurfaceView@3ce7a9b: surfaceChanged (2264,1080) 1 #5 android.view.SurfaceView{3ce7a9b VFE...... .F....ID 0,0-2264,1080 #7f0a0440 app:id/unitySurfaceView aid=1073741824}
05-27 15:46:12.337 28162 28162 I SurfaceView: 63863451 surfaceRedrawNeeded
05-27 15:46:12.337 28162 28162 I SurfaceView: 63863451 finishedDrawing
05-27 15:46:12.337 28162 28162 V SurfaceView@3ce7a9b: Layout: x=0 y=0 w=2264 h=1080, frame=Rect(0, 0 - 2264, 1080)
05-27 15:46:12.337 28162 28162 I ViewRootImpl@85b0bb9[UnityPlayerActivity]: Setup new sync=wmsSync-ViewRootImpl@85b0bb9[UnityPlayerActivity]#4
05-27 15:46:12.337 28162 28162 I ViewRootImpl@85b0bb9[UnityPlayerActivity]: Creating new active sync group ViewRootImpl@85b0bb9[UnityPlayerActivity]#5
05-27 15:46:12.337  3685 18712 I SoundBooster_Interface2000_a64: SetOrientation( 3 )
05-27 15:46:12.337  3685 18712 I SoundBooster_Interface2000_a64: SetOrientation( 3 )
05-27 15:46:12.337  3685 18712 I SoundBooster_Interface2000_a64: SetOrientation( 3 )
05-27 15:46:12.337  3685 18712 I SoundBooster_Interface2000_a64: SetOrientation( 3 )
05-27 15:46:12.337  3685 18712 I SoundBooster_Interface2000_a64: SetOrientation( 3 )
05-27 15:46:12.337  3685 18712 I SoundBooster_Interface2000_a64: SetOrientation( 3 )
05-27 15:46:12.337  3685 18712 I SoundBooster_Interface2000_a64: SetOrientation( 3 )
05-27 15:46:12.337  3685 18712 I SoundBooster_Interface2000_a64: SetOrientation( 3 )
05-27 15:46:12.337  3685 18712 I SoundBooster_Interface2000_a64: SetOrientation( 3 )
05-27 15:46:12.337  3685 18712 I SoundBooster_Interface2000_a64: SetOrientation( 3 )
05-27 15:46:12.337  3696  6600 I Telecom:SamsungTelecomServiceImpl: isInCall - callingPackage : com.android.systemui / callingUser : UserHandle{0} / hasCrossUserAccess : true
05-27 15:46:12.337  3633  3638 V sec_audio_hw: sec_dev_set_parameters : g_hw_display_rotation=1
05-27 15:46:12.337  3633  3638 D AHAL: AudioDevice: SetParameters: 1836: enter
05-27 15:46:12.337  3633  3638 D AHAL: AudioVoice: VoiceSetParameters: 200: Enter
05-27 15:46:12.337  3633  3638 D AHAL: AudioVoice: VoiceSetParameters: 479: Exit ret: 0
05-27 15:46:12.337  3633  3638 D AHAL: hfp: hfp_set_parameters: 444: enter
05-27 15:46:12.337  3633  3638 D AHAL: AudioDevice: SetParameters: 2714: exit: g_hw_display_rotation=1
05-27 15:46:12.338  4222  4542 D KeyguardUpdateMonitor: isUserUnlocked userId:0, unlocked:true
05-27 15:46:12.338  4222  4542 D CoverWallpaperController: isCoverWallpaperRequired: false, [homeWallpaperReq:false, isFbeAvailable:false, isSubScreen:false]
05-27 15:46:12.339  4222  4222 D Navbar.Store: handleEvent(0) OnRotationChanged(rotation=1) [Module] NavigationBar$2
05-27 15:46:12.339  4222  4542 I ImageWallpaperCanvasHelper_1:  onConfigurationChanged   {1.0 310mcc240mnc [en_US] ldltr sw384dp w757dp h360dp 600dpi nrml long hdr widecg land night finger -keyb/v/h -nav/h winConfig={ mBounds=Rect(0, 0 - 3120, 1440) mAppBounds=Rect(101, 0 - 2940, 1440) mMaxBounds=Rect(0, 0 - 3120, 1440) mDisplayRotation=ROTATION_90 mWindowingMode=fullscreen mDisplayWindowingMode=fullscreen mActivityType=undefined mAlwaysOnTop=undefined mRotation=ROTATION_90 mPopOver=undefined mOverlappingWithCutout=false mStageConfig=undefined mFreeformTaskPinningState=undefined mCompatSandboxScale=-1.0 mDexTaskDockingState=none} s.35451 fontWeightAdjustment=0 ff=0 bf=0 bts=0 cst=1.0 nightDim=0 desktop/d dm/n ?dc ?dcui themeSeq=0} isNeedReDraw false
05-27 15:46:12.340  4222  4222 D Navbar.Store: handleEvent(0) OnUpdateRemoteViewContainer(leftContainer=android.widget.LinearLayout{732f45f V.E...... ......ID 0,0-158,180 #7f0a059d app:id/left_remoteview}, rightContainer=android.widget.LinearLayout{7a12eac V.E...... ......ID 1282,0-1440,180 #7f0a08b0 app:id/right_remoteview}, contextualButtonVisible=false, darkIntensity=0.22940814) [Module] SamsungNavigationBarView
05-27 15:46:12.340  3696  3944 I InputReader: Reconfiguring input devices, changes=DISPLAY_INFO
05-27 15:46:12.340  3696  3944 D InputManager: notifyDisplayIdChangedByUser: 0
05-27 15:46:12.340  4222  4222 D Navbar.Store: --[Band]REMOTE_VIEW_PACK_SET_REMOTEVIEW_CONTAINER
05-27 15:46:12.340  3696  3944 I InputReader: support feature by TSP : 0x100321
05-27 15:46:12.340  4222  4222 D Navbar.Store: ----apply(0) NavBarStoreAction$UpdateRemoteViewContainer
05-27 15:46:12.340  3696  3944 D InputDispatcher: Touchpad properties: xp=2.844, yp=1.313
05-27 15:46:12.340  3696  3944 I InputReader: Device reconfigured: id=7, name='sec_touchpad', size 1440x3120, orientation 1, mode 4, display id 0
05-27 15:46:12.340  4222  4222 D Navbar.Store: ----apply(0) NavBarStoreAction$UpdateRemoteViewDarkIntensity
05-27 15:46:12.340  4222  4222 D Navbar.Store: ----handleEvent(0) OnUpdateRemoteViewContainer(leftContainer=android.widget.LinearLayout{732f45f V.E...... ......ID 0,0-158,180 #7f0a059d app:id/left_remoteview}, rightContainer=android.widget.LinearLayout{7a12eac V.E...... ......ID 1282,0-1440,180 #7f0a08b0 app:id/right_remoteview}, contextualButtonVisible=false, darkIntensity=0.22940814) [Module] SamsungNavigationBarView
05-27 15:46:12.340  4222  4222 D Navbar.Store: ------[Band]REMOTE_VIEW_PACK_SET_REMOTEVIEW_CONTAINER
05-27 15:46:12.340  4222  4222 D Navbar.Store: --------apply(0) NavBarStoreAction$UpdateRemoteViewContainer
05-27 15:46:12.340  3696  4991 D TspStateManager: updateCustomValue customSetting=
05-27 15:46:12.341  4222  4222 D Navbar.Store: --------apply(0) NavBarStoreAction$UpdateRemoteViewDarkIntensity
05-27 15:46:12.341  3696  4991 W PhoneWindowManagerExt: onDexModeChangedLw: called same dexMode=0
05-27 15:46:12.341  3696  4991 V Transition:  allReady query: used=true, override=false, defer=0, states=Display{#0 state=ON size=3120x1440 ROTATION_90}:true
05-27 15:46:12.341  4222  4222 D Navbar.Store: handleEvent(0) OnUpdateSysUiStateFlag(noArguments=true) [Module] SamsungNavigationBarView
05-27 15:46:12.341  4222  4222 D Navbar.Store: --[Band]GESTURE_PACK_UPDATE_SYSTEMUI_STATE_FLAG
05-27 15:46:12.341  4222  4222 D Navbar.Store: --[Band] (afterAction) GESTURE_PACK_UPDATE_SYSTEMUI_STATE_FLAG
05-27 15:46:12.341  4222  4222 D Navbar.Store: ----handleEvent(0) OnUpdateRemoteViewContainer(leftContainer=android.widget.LinearLayout{732f45f V.E...... ......ID 0,0-158,180 #7f0a059d app:id/left_remoteview}, rightContainer=android.widget.LinearLayout{7a12eac V.E...... ......ID 1282,0-1440,180 #7f0a08b0 app:id/right_remoteview}, contextualButtonVisible=false, darkIntensity=0.22940814) [Module] SamsungNavigationBarView
05-27 15:46:12.341  4222  4222 D Navbar.Store: ------[Band]REMOTE_VIEW_PACK_SET_REMOTEVIEW_CONTAINER
05-27 15:46:12.341  4222  4222 D Navbar.Store: --------apply(0) NavBarStoreAction$UpdateRemoteViewContainer
05-27 15:46:12.341 28162 28162 I ViewRootImpl@85b0bb9[UnityPlayerActivity]: reportDrawFinished seqId=0
05-27 15:46:12.342  3696  4991 V WindowManager: SyncGroup 1021: Finished!
05-27 15:46:12.342  4222  4222 D Navbar.Store: --------apply(0) NavBarStoreAction$UpdateRemoteViewDarkIntensity
05-27 15:46:12.342  4222  4222 D Navbar.Store: handleEvent(0) OnNavBarUpdateA11YService(clickable=false, longClickable=false) [Module] NavigationBar
05-27 15:46:12.342  4222  4222 D Navbar.Store: --[Band]SETUPWIZARD_PACK_UPDATE_A11Y_SERVICE
05-27 15:46:12.342  3696  4991 D ChangeTransitionController: onTransactionReady: TransitionRecord{7d30c18 id=1021 type=CHANGE flags=0x0}
