05-27 15:46:12.222  3696  3892 D WindowManager: updateSystemBarAttributes: displayId=0, win=Window{8c902b5 u0 com.mrxw.android.ltgames/com.mrxw.android.ltgames.UnityPlayerActivity}, navColorWin=Window{d848bd6 u0 Splash Screen com.mrxw.android.ltgames}, focusedCanBeNavColorWin=false, behavior=2, appearance=20, statusBarAppearanceRegions=[AppearanceRegion{LIGHT_STATUS_BARS bounds=[101,0][3120,1440]}], requestedVisibilities=-12, from=com.android.server.wm.DisplayPolicy.focusChangedLw:2940 com.android.server.wm.DisplayContent.updateFocusedWindowLocked:4880 com.android.server.wm.RootWindowContainer.updateFocusedWindowLocked:576 
05-27 15:46:12.222  4222  4222 D KeyguardSecAffordanceView: reset right:false
05-27 15:46:12.222  4222  4222 D KeyguardSecAffordanceView: reset right:true
05-27 15:46:12.222  4222  4222 D KeyguardTouchAnimator: reset unlockExecuted=false
05-27 15:46:12.222  4222  4222 D KeyguardEditModeAnimatorController: reset false
05-27 15:46:12.222  4222  4222 D KeyguardEditModeAnimatorController: long pressed false
05-27 15:46:12.222  4222  4222 D KeyguardEditModeAnimatorController: resetViews
05-27 15:46:12.222  4222  4222 D KeyguardEditModeController: cancel() true
05-27 15:46:12.222  4222  4222 D KeyguardTouchAnimator: resetChildViewVI(): false
05-27 15:46:12.222  3696  3892 V WindowManager: Relayout hash=8c902b5, pid=28162, syncId=-1: mAttrs={(0,0)(fillxfill) sim={adjust=pan forwardNavigation} ty=BASE_APPLICATION fmt=TRANSLUCENT wanim=0x1030303
05-27 15:46:12.222  3696  3892 V WindowManager:   fl=80810500
05-27 15:46:12.222  3696  3892 V WindowManager:   pfl=12008040
05-27 15:46:12.222  3696  3892 V WindowManager:   vsysui=7
05-27 15:46:12.222  3696  3892 V WindowManager:   apr=LOW_PROFILE_BARS
05-27 15:46:12.222  3696  3892 V WindowManager:   bhv=SHOW_TRANSIENT_BARS_BY_SWIPE
05-27 15:46:12.222  3696  3892 V WindowManager:   fitSides= naviIconColor=0}
05-27 15:46:12.223  3696 28455 I SystemUiVisibilityPolicyController: handleMessage: entry what = 1
05-27 15:46:12.223 28162 28162 E android.ltgames: Unable to open libpenguin.so: dlopen failed: library "libpenguin.so" not found.
05-27 15:46:12.223 28162 28162 I BLASTBufferQueue_Java: new BLASTBufferQueue, mName= ViewRootImpl@85b0bb9[UnityPlayerActivity] mNativeObject= 0xb4000074da661cb0 sc.mNativeObject= 0xb40000745a649490 caller= android.view.ViewRootImpl.updateBlastSurfaceIfNeeded:3031 android.view.ViewRootImpl.relayoutWindow:10121 android.view.ViewRootImpl.performTraversals:4115 android.view.ViewRootImpl.doTraversal:3291 android.view.ViewRootImpl$TraversalRunnable.run:11329 android.view.Choreographer$CallbackRecord.run:1689 android.view.Choreographer$CallbackRecord.run:1698 android.view.Choreographer.doCallbacks:1153 android.view.Choreographer.doFrame:1079 android.view.Choreographer$FrameDisplayEventReceiver.run:1646 
05-27 15:46:12.223 28162 28162 I BLASTBufferQueue_Java: update, w= 2264 h= 1080 mName = ViewRootImpl@85b0bb9[UnityPlayerActivity] mNativeObject= 0xb4000074da661cb0 sc.mNativeObject= 0xb40000745a649490 format= -3 caller= android.graphics.BLASTBufferQueue.<init>:89 android.view.ViewRootImpl.updateBlastSurfaceIfNeeded:3031 android.view.ViewRootImpl.relayoutWindow:10121 android.view.ViewRootImpl.performTraversals:4115 android.view.ViewRootImpl.doTraversal:3291 android.view.ViewRootImpl$TraversalRunnable.run:11329 
05-27 15:46:12.223 28162 28162 I ViewRootImpl@85b0bb9[UnityPlayerActivity]: Relayout returned: old=(76,0,2340,1080) new=(76,0,2340,1080) relayoutAsync=false req=(2264,1080)0 dur=4 res=0x403 s={true 0xb40000743a662110} ch=true seqId=0
05-27 15:46:12.223 28162 28162 I ViewRootImpl@85b0bb9[UnityPlayerActivity]: performConfigurationChange setNightDimText nightDimLevel=0
05-27 15:46:12.223 28162 28162 D SurfaceView@3ce7a9b: 63863451 updateSurface: has no frame
05-27 15:46:12.224 28162 28453 D VendorTagDescriptor: addVendorDescriptor: vendor tag id 11706189966126095484 added
05-27 15:46:12.224  3757  3786 D CameraService: addListenerHelper: Add listener 0xb400007c36e6a440
05-27 15:46:12.225  3757  3786 D CameraService: addListenerHelper: CameraDeviceState for CameraManager
05-27 15:46:12.225 28162 28175 I CameraManagerGlobal: Camera 0 facing CAMERA_FACING_BACK state now CAMERA_STATE_CLOSED for client android.system API Level 2 User Id 0
05-27 15:46:12.225 28162 28453 I CameraManager: registerAvailabilityCallback: Is device callback = false
05-27 15:46:12.226 28162 28175 I CameraManagerGlobal: Camera 1 facing CAMERA_FACING_FRONT state now CAMERA_STATE_CLOSED for client android.system API Level 2 User Id 0
05-27 15:46:12.226 28162 28453 I CameraManagerGlobal: postSingleUpdate device: camera id 0 status STATUS_PRESENT
05-27 15:46:12.226 28162 28453 I CameraManagerGlobal: postSingleUpdate device: camera id 1 status STATUS_PRESENT
05-27 15:46:12.226 28162 28453 I CameraManagerGlobal: postSingleUpdate device: camera id 2 status STATUS_PRESENT
05-27 15:46:12.226 28162 28453 I CameraManagerGlobal: postSingleUpdate device: camera id 3 status STATUS_PRESENT
05-27 15:46:12.226 28162 28175 I CameraManagerGlobal: Camera 2 facing CAMERA_FACING_BACK state now CAMERA_STATE_CLOSED for client android.system API Level 2 User Id 0
05-27 15:46:12.226 28162 28175 I CameraManagerGlobal: Camera 20 facing CAMERA_FACING_BACK state now CAMERA_STATE_CLOSED for client android.system API Level 2 User Id 0
05-27 15:46:12.226 28162 28175 I CameraManagerGlobal: Camera 21 facing CAMERA_FACING_BACK state now CAMERA_STATE_CLOSED for client android.system API Level 2 User Id 0
05-27 15:46:12.226 28162 28175 I CameraManagerGlobal: Camera 23 facing CAMERA_FACING_BACK state now CAMERA_STATE_CLOSED for client android.system API Level 2 User Id 0
05-27 15:46:12.226 28162 28175 I CameraManagerGlobal: Camera 24 facing CAMERA_FACING_BACK state now CAMERA_STATE_CLOSED for client android.system API Level 2 User Id 0
05-27 15:46:12.226 28162 28175 I CameraManagerGlobal: Camera 3 facing CAMERA_FACING_FRONT state now CAMERA_STATE_CLOSED for client android.system API Level 2 User Id 0
05-27 15:46:12.226 28162 28175 I CameraManagerGlobal: Camera 4 facing CAMERA_FACING_FRONT state now CAMERA_STATE_CLOSED for client client.pid<1554> API Level 2 User Id 0
05-27 15:46:12.226 28162 28175 I CameraManagerGlobal: Camera 52 facing CAMERA_FACING_BACK state now CAMERA_STATE_CLOSED for client android.system API Level 2 User Id 0
05-27 15:46:12.226 28162 28175 I CameraManagerGlobal: Camera 54 facing CAMERA_FACING_BACK state now CAMERA_STATE_CLOSED for client android.system API Level 2 User Id 0
05-27 15:46:12.226 28162 28175 I CameraManagerGlobal: Camera 56 facing CAMERA_FACING_BACK state now CAMERA_STATE_CLOSED for client android.system API Level 2 User Id 0
05-27 15:46:12.226 28162 28175 I CameraManagerGlobal: Camera 58 facing CAMERA_FACING_BACK state now CAMERA_STATE_CLOSED for client android.system API Level 2 User Id 0
05-27 15:46:12.226 28162 28175 I CameraManagerGlobal: Camera 90 facing CAMERA_FACING_FRONT state now CAMERA_STATE_CLOSED for client android.system API Level 2 User Id 0
05-27 15:46:12.229 28162 28162 I SurfaceView@3ce7a9b: windowStopped(false) true android.view.SurfaceView{3ce7a9b VFE...... .F....ID 0,0-2129,1080 #7f0a0440 app:id/unitySurfaceView} of ViewRootImpl@85b0bb9[UnityPlayerActivity]
05-27 15:46:12.229 28162 28162 D SurfaceView@3ce7a9b: 63863451 updateSurface: has no frame
05-27 15:46:12.229  4222  4222 D Navbar.Store: handleEvent(0) OnNavBarWindowStateHidden(noArguments=true) [Module] NavBarHelper
05-27 15:46:12.229  4222  4222 D SysUiState: SysUiState changed: old=0x110020000 new=0x110020002
05-27 15:46:12.229 28162 28162 D ViewRootImpl@85b0bb9[UnityPlayerActivity]: reportNextDraw android.view.ViewRootImpl.performTraversals:4723 android.view.ViewRootImpl.doTraversal:3291 android.view.ViewRootImpl$TraversalRunnable.run:11329 android.view.Choreographer$CallbackRecord.run:1689 android.view.Choreographer$CallbackRecord.run:1698 
05-27 15:46:12.229 28162 28162 I SurfaceView: 63863451 Changes: creating=true format=true size=true visible=true alpha=false hint=true visible=true left=true top=true z=false attached=true lifecycleStrategy=false
05-27 15:46:12.229  1694  1768 I SurfaceFlinger: id=15006 createSurf, flag=20004, Bounds for - com.mrxw.android.ltgames/com.mrxw.android.ltgames.UnityPlayerActivity@0#15006
05-27 15:46:12.229  4222  4222 D BarTransitions.FrameLayout: MODE_TRANSPARENT -> MODE_LIGHTS_OUT_TRANSPARENT animate=false
05-27 15:46:12.229  4222  4222 D SamsungStatusBarGrayIconHelper: isGrayAppearance=false
05-27 15:46:12.230  1694  2327 I SurfaceFlinger: id=15007 createSurf, flag=84004, SurfaceView[com.mrxw.android.ltgames/com.mrxw.android.ltgames.UnityPlayerActivity]@0#15007
05-27 15:46:12.230  4222  4222 D NavigationBar: onSystemBarAttributesChanged() -  displayId:0, appearance:20, packageName: com.mrxw.android.ltgames (APPEARANCE_LOW_PROFILE_BARS APPEARANCE_LIGHT_NAVIGATION_BARS ), navbarColorManagedByIme:false
05-27 15:46:12.230  4222  4222 D Navbar.Store: handleEvent(0) OnNavBarTransitionModeChanged(transitionMode=6) [Module] NavigationBar
05-27 15:46:12.230  4222  4222 D Navbar.Store: --[Band]GESTURE_PACK_SHOW_FLOATING_GAMETOOLS_ICON
05-27 15:46:12.230  1694  2327 I SurfaceFlinger: id=15008 createSurf, flag=44400, SurfaceView[com.mrxw.android.ltgames/com.mrxw.android.ltgames.UnityPlayerActivity]@0(BLAST)#15008
05-27 15:46:12.230  4222  4222 D BarTransitions.SamsungNavigationBarView: MODE_TRANSPARENT -> MODE_LIGHTS_OUT_TRANSPARENT animate=false
05-27 15:46:12.230  4222  4222 D SysUiState: SysUiState changed: old=0x110020002 new=0x110000002
05-27 15:46:12.230  1694  2327 I SurfaceFlinger: id=15009 createSurf, flag=20404, Background for SurfaceView[com.mrxw.android.ltgames/com.mrxw.android.ltgames.UnityPlayerActivity]@0#15009
05-27 15:46:12.230  4645 27858 I HoneySpace.SystemUiRepository: systemUiFlags: navbar_hidden|allow_gesture|awake|game_tools_showing
05-27 15:46:12.230  4645 27858 I HoneySpace.SystemUiRepository: systemUiFlags: navbar_hidden|awake|game_tools_showing
05-27 15:46:12.230  4645  4952 I HoneySpace.TaskbarEventTracker: invokeEvent() called with: event = SystemUiStateChanged(stateFlags=4563533826)
05-27 15:46:12.230  4645  4952 I HoneySpace.TaskbarEventTracker: invokeEvent() called with: event = SystemUiStateChanged(stateFlags=4563402754)
05-27 15:46:12.231 28162 28162 I BLASTBufferQueue_Java: update, w= 2129 h= 1080 mName = null mNativeObject= 0xb4000074da662f70 sc.mNativeObject= 0xb40000745a649010 format= 4 caller= android.view.SurfaceView.createBlastSurfaceControls:1511 android.view.SurfaceView.updateSurface:1187 android.view.SurfaceView.lambda$new$0:258 android.view.SurfaceView.$r8$lambda$cm3nmzErr-srXoT_KjIYQgdhFN0:0 android.view.SurfaceView$$ExternalSyntheticLambda2.onPreDraw:2 android.view.ViewTreeObserver.dispatchOnPreDraw:1204 
05-27 15:46:12.231 28162 28162 I SurfaceView@3ce7a9b: 63863451 Cur surface: Surface(name=null)/@0xade67d6
05-27 15:46:12.231 28162 28162 I SurfaceView@3ce7a9b: pST: sr = Rect(0, 0 - 2129, 1080) sw = 2129 sh = 1080
05-27 15:46:12.231 28162 28162 I SurfaceView@3ce7a9b: onSSPAndSRT: pl = 0 pt = 0 sx = 1.0 sy = 1.0
05-27 15:46:12.231 28162 28162 D SurfaceView@3ce7a9b: 63863451 performSurfaceTransaction UI Thread position = [0, 0, 2129, 1080] surfaceSize = 2129x1080
05-27 15:46:12.231 28162 28162 I SurfaceView@3ce7a9b: updateSurface: mVisible = true mSurface.isValid() = true
05-27 15:46:12.231 28162 28162 I SurfaceView@3ce7a9b: updateSurface: mSurfaceCreated = false surfaceChanged = true visibleChanged = true
05-27 15:46:12.231 28162 28162 I SurfaceView: 63863451 visibleChanged -- surfaceCreated
05-27 15:46:12.231 28162 28162 I SurfaceView@3ce7a9b: surfaceCreated 1 #8 android.view.SurfaceView{3ce7a9b VFE...... .F....ID 0,0-2129,1080 #7f0a0440 app:id/unitySurfaceView}
05-27 15:46:12.231 28162 28162 I SurfaceView: 63863451 surfaceChanged -- format=4 w=2129 h=1080
05-27 15:46:12.231 28162 28162 I SurfaceView@3ce7a9b: surfaceChanged (2129,1080) 1 #8 android.view.SurfaceView{3ce7a9b VFE...... .F....ID 0,0-2129,1080 #7f0a0440 app:id/unitySurfaceView}
05-27 15:46:12.231 28162 28162 I SurfaceView: 63863451 surfaceRedrawNeeded
05-27 15:46:12.231 28162 28162 I SurfaceView: 63863451 finishedDrawing
05-27 15:46:12.231 28162 28162 V SurfaceView@3ce7a9b: Layout: x=0 y=0 w=2129 h=1080, frame=Rect(0, 0 - 2129, 1080)
05-27 15:46:12.231 28162 28162 I ViewRootImpl@85b0bb9[UnityPlayerActivity]: Setup new sync=wmsSync-ViewRootImpl@85b0bb9[UnityPlayerActivity]#1
05-27 15:46:12.231 28162 28162 I ViewRootImpl@85b0bb9[UnityPlayerActivity]: Creating new active sync group ViewRootImpl@85b0bb9[UnityPlayerActivity]#2
05-27 15:46:12.233   753   753 I hwservicemanager: getTransport: Cannot find entry android.hardware.graphics.allocator@4.0::IAllocator/default in either framework or device VINTF manifest.
05-27 15:46:12.234 28162 28162 I AdrenoUtils: <ReadGpuID:353>: Reading chip ID through GSL
05-27 15:46:12.235 28162 28162 W qdgralloc: Failed to load libubwcp.so
05-27 15:46:12.236  1694  1694 I Layer   : Layer [Bounds for - com.mrxw.android.ltgames/com.mrxw.android.ltgames.UnityPlayerActivity@0#15006] hidden!! flag(0)
05-27 15:46:12.236  1694  1694 I Layer   : Layer [SurfaceView[com.mrxw.android.ltgames/com.mrxw.android.ltgames.UnityPlayerActivity]@0#15007] hidden!! flag(0)
05-27 15:46:12.236  1694  1694 I Layer   : Layer [Background for SurfaceView[com.mrxw.android.ltgames/com.mrxw.android.ltgames.UnityPlayerActivity]@0#15009] hidden!! flag(0)
05-27 15:46:12.237  3696  6605 D InputDispatcher: Focus request (0): 8c902b5 com.mrxw.android.ltgames/com.mrxw.android.ltgames.UnityPlayerActivity but waiting because NOT_VISIBLE
05-27 15:46:12.238 28162 28162 I BLASTBufferQueue: [ViewRootImpl@85b0bb9[UnityPlayerActivity]#0](f:0,a:0,s:0) onFrameAvailable the first frame is available
05-27 15:46:12.238 28162 28162 I ViewRootImpl@85b0bb9[UnityPlayerActivity]: reportDrawFinished seqId=0
05-27 15:46:12.238  3696  3892 D WindowManager: finishDrawingWindow: Window{8c902b5 u0 com.mrxw.android.ltgames/com.mrxw.android.ltgames.UnityPlayerActivity} mDrawState=DRAW_PENDING seqId=0
05-27 15:46:12.239  3696  3780 V WindowManager: Finish starting ActivityRecord{2005c68 u0 com.mrxw.android.ltgames/.UnityPlayerActivity t2335}: first real window is shown, no animation
05-27 15:46:12.239  3696  3780 V WindowManager: Schedule remove starting ActivityRecord{2005c68 u0 com.mrxw.android.ltgames/.UnityPlayerActivity t2335} startingWindow=Window{d848bd6 u0 Splash Screen com.mrxw.android.ltgames} animate=true Callers=com.android.server.wm.ActivityRecord.removeStartingWindow:3450 com.android.server.wm.ActivityRecord.onFirstWindowDrawn:7864 com.android.server.wm.WindowState.performShowLocked:5291 com.android.server.wm.WindowStateAnimator.commitFinishDrawingLocked:280 com.android.server.wm.DisplayContent.lambda$new$8:1293 
05-27 15:46:12.239  3696  3780 D TaskOrganizerController: applyStartingWindowAnimation, window=Window{8c902b5 u0 com.mrxw.android.ltgames/com.mrxw.android.ltgames.UnityPlayerActivity}, caller=com.android.server.wm.TaskOrganizerController.removeStartingWindow:774 com.android.server.wm.StartingSurfaceController$StartingSurface.remove:292 com.android.server.wm.ActivityRecord.removeStartingWindowAnimation:3530 
05-27 15:46:12.239  3696  3780 I WindowManager: Reparenting to leash, surface=Surface(name=8c902b5 com.mrxw.android.ltgames/com.mrxw.android.ltgames.UnityPlayerActivity)/@0xbfcf56e, leashParent=Surface(name=ActivityRecord{2005c68 u0 com.mrxw.android.ltgames/.UnityPlayerActivity t2335})/@0xd1f0b61
05-27 15:46:12.239  1694  1768 I SurfaceFlinger: id=15010 createSurf, flag=24000, Surface(name=8c902b5 com.mrxw.android.ltgames/com.mrxw.android.ltgames.UnityPlayerActivity)/@0xbfcf56e - animation-leash of starting_reveal#15010
05-27 15:46:12.241  3696  3780 D WindowManager: makeSurface duration=2 leash=Surface(name=Surface(name=8c902b5 com.mrxw.android.ltgames/com.mrxw.android.ltgames.UnityPlayerActivity)/@0xbfcf56e - animation-leash of starting_reveal)/@0xe90340f
05-27 15:46:12.241 28162 28162 D com.leiting.sdk: µé¿σ╜ôσëìτ╜æτ╗£Σ╕ìΣ╜│∩╝îΦ»╖τ¿ìσÉÄσåìΦ»ò
05-27 15:46:12.241 28162 28162 D com.leiting.sdk: FlyingAdLogHelper | asyncPost report result : µé¿σ╜ôσëìτ╜æτ╗£Σ╕ìΣ╜│∩╝îΦ»╖τ¿ìσÉÄσåìΦ»ò
05-27 15:46:12.241  3696  3780 V WindowManager: performShowLocked: mDrawState=HAS_DRAWN in Window{8c902b5 u0 com.mrxw.android.ltgames/com.mrxw.android.ltgames.UnityPlayerActivity}
05-27 15:46:12.242 28162 28278 I [ui]main_conn: 2/onServiceConnected: binder#android.os.BinderProxy@77e01e5
05-27 15:46:12.243 28312 28369 I [push]remote: 56/IPC duplex channel established
05-27 15:46:12.244 28162 28278 I [ui]main_conn: 2/onConnected
05-27 15:46:12.244 28312 28369 I [push]core: 2/app on foreground
05-27 15:46:12.244 28162 28278 I [ui]LocalAgent: 2/sender = android.os.Messenger@77e01e5
05-27 15:46:12.245 28162 28162 D com.leiting.sdk: µ£¬Θàìτ╜«googlePlayPay
05-27 15:46:12.245  1694  1694 I Layer   : Layer::reparent [8c902b5 com.mrxw.android.ltgames/com.mrxw.android.ltgames.UnityPlayerActivity#15004] newParent : Surface(name=8c902b5 com.mrxw.android.ltgames/com.mrxw.android.ltgames.UnityPlayerActivity)/@0xbfcf56e - animation-leash of starting_reveal#15010 , isRemovedFromCurrentState : 0 -------------------------
05-27 15:46:12.245  1694  1694 I Layer   : Layer::reparent [8c902b5 com.mrxw.android.ltgames/com.mrxw.android.ltgames.UnityPlayerActivity#15004] End -------------------------
05-27 15:46:12.245  1694  1694 I Layer   : Layer [com.mrxw.android.ltgames/com.mrxw.android.ltgames.UnityPlayerActivity$_28162#15005] hidden!! flag(0)
05-27 15:46:12.245  3696 11984 V WindowManager: Relayout Window{d848bd6 u0 Splash Screen com.mrxw.android.ltgames}: viewVisibility=0 req=3019x1440 ty=3 d0
05-27 15:46:12.245 28162 28162 D com.leiting.sdk: µ£¬Θàìτ╜«googlePlayPay
05-27 15:46:12.245 28162 28162 D initSDK : true
05-27 15:46:12.246  3696  3775 D [secipm]: mSecIpmManager report to nap
05-27 15:46:12.246  3696  3775 I PkgPredictorService-SecIpmManagerServiceImpl: reportToNAP uid:10572 com.mrxw.android.ltgames/com.mrxw.android.ltgames.UnityPlayerActivity thisTime:383
05-27 15:46:12.246  3696  3775 D PkgPredictorService-SecIpmManagerServiceImpl: reportToNAP: mHeavyLaunchCounter is false
05-27 15:46:12.246 28162 28457 D com.leiting.sdk: https://adsapi.ltgamesglobal.com/api/monetize_data/ironsource_v2
05-27 15:46:12.246 28162 28457 D com.leiting.sdk: {"placeType":"","bundleId":"com.mrxw.android.ltgames","channel":"310001","sign":"cfc9d9f7429c2f717d9a1d9ed63956dd7fb11325","clientVer":"1.068","gameCode":"7","place":"","media":"ironsource","account":"310001","timestamp":"1779911172129","sid":"","status":1}
05-27 15:46:12.246 28162 28457 W System.err: java.net.UnknownHostException: Unable to resolve host "adsapi.ltgamesglobal.com": No address associated with hostname
05-27 15:46:12.246 28162 28457 W System.err: 	at java.net.Inet6AddressImpl.lookupHostByName(Inet6AddressImpl.java:124)
05-27 15:46:12.246 28162 28457 W System.err: 	at java.net.Inet6AddressImpl.lookupAllHostAddr(Inet6AddressImpl.java:103)
05-27 15:46:12.246 28162 28457 W System.err: 	at java.net.InetAddress.getAllByName(InetAddress.java:1152)
05-27 15:46:12.246 28162 28457 W System.err: 	at com.android.okhttp.Dns$1.lookup(Dns.java:41)
05-27 15:46:12.246 28162 28457 W System.err: 	at com.android.okhttp.internal.http.RouteSelector.resetNextInetSocketAddress(RouteSelector.java:178)
05-27 15:46:12.246 28162 28457 W System.err: 	at com.android.okhttp.internal.http.RouteSelector.nextProxy(RouteSelector.java:144)
05-27 15:46:12.246 28162 28457 W System.err: 	at com.android.okhttp.internal.http.RouteSelector.next(RouteSelector.java:86)
05-27 15:46:12.246 28162 28457 W System.err: 	at com.android.okhttp.internal.http.StreamAllocation.findConnection(StreamAllocation.java:176)
05-27 15:46:12.246 28162 28457 W System.err: 	at com.android.okhttp.internal.http.StreamAllocation.findHealthyConnection(StreamAllocation.java:128)
05-27 15:46:12.246 28162 28457 W System.err: 	at com.android.okhttp.internal.http.StreamAllocation.newStream(StreamAllocation.java:97)
05-27 15:46:12.246 28162 28457 W System.err: 	at com.android.okhttp.internal.http.HttpEngine.connect(HttpEngine.java:289)
05-27 15:46:12.246 28162 28457 W System.err: 	at com.android.okhttp.internal.http.HttpEngine.sendRequest(HttpEngine.java:232)
05-27 15:46:12.246 28162 28457 W System.err: 	at com.android.okhttp.internal.huc.HttpURLConnectionImpl.execute(HttpURLConnectionImpl.java:465)
05-27 15:46:12.246 28162 28457 W System.err: 	at com.android.okhttp.internal.huc.HttpURLConnectionImpl.connect(HttpURLConnectionImpl.java:131)
05-27 15:46:12.246 28162 28457 W System.err: 	at com.android.okhttp.internal.huc.HttpURLConnectionImpl.getOutputStream(HttpURLConnectionImpl.java:262)
05-27 15:46:12.246 28162 28457 W System.err: 	at com.android.okhttp.internal.huc.DelegatingHttpsURLConnection.getOutputStream(DelegatingHttpsURLConnection.java:219)
05-27 15:46:12.246 28162 28457 W System.err: 	at com.android.okhttp.internal.huc.HttpsURLConnectionImpl.getOutputStream(HttpsURLConnectionImpl.java:30)
05-27 15:46:12.246 28162 28457 W System.err: 	at com.leiting.sdk.util.HttpUtils.fetch(HttpUtils.java:254)
05-27 15:46:12.246 28162 28457 W System.err: 	at com.leiting.sdk.util.HttpUtils.access$000(HttpUtils.java:45)
05-27 15:46:12.246 28162 28457 W System.err: 	at com.leiting.sdk.util.HttpUtils$1.doInBackground(HttpUtils.java:180)
05-27 15:46:12.246 28162 28457 W System.err: 	at com.leiting.sdk.util.HttpUtils$1.doInBackground(HttpUtils.java:170)
05-27 15:46:12.246 28162 28457 W System.err: 	at android.os.AsyncTask$3.call(AsyncTask.java:394)
05-27 15:46:12.246 28162 28457 W System.err: 	at java.util.concurrent.FutureTask.run(FutureTask.java:317)
05-27 15:46:12.246 28162 28457 W System.err: 	at java.util.concurrent.ThreadPoolExecutor.runWorker(ThreadPoolExecutor.java:1154)
05-27 15:46:12.246 28162 28457 W System.err: 	at java.util.concurrent.ThreadPoolExecutor$Worker.run(ThreadPoolExecutor.java:652)
05-27 15:46:12.246 28162 28457 W System.err: 	at java.lang.Thread.run(Thread.java:1564)
05-27 15:46:12.247 28162 28335 D com.leiting.sdk: ----gaid = 4966d3d9-9350-4ff2-9a6d-aae580c0a061
05-27 15:46:12.247 28162 28335 D com.leiting.sdk.shushu: σê¥σºïσîûΦ«╛τ╜«gaid
05-27 15:46:12.247  3696 11984 D WindowManager: updateSystemBarAttributes: displayId=0, win=Window{8c902b5 u0 com.mrxw.android.ltgames/com.mrxw.android.ltgames.UnityPlayerActivity}, navColorWin=Window{d848bd6 u0 Splash Screen com.mrxw.android.ltgames}, focusedCanBeNavColorWin=false, behavior=2, appearance=4, statusBarAppearanceRegions=[AppearanceRegion{ bounds=[101,0][3120,1440]}], requestedVisibilities=-12, from=com.android.server.wm.DisplayPolicy.finishPostLayoutPolicyLw:2313 com.android.server.wm.DisplayContent.applySurfaceChangesTransaction:6116 com.android.server.wm.RootWindowContainer.applySurfaceChangesTransaction:1178 
05-27 15:46:12.248  1694  1694 D SurfaceFlinger: Display 4630946315032985731 HWC layers:
05-27 15:46:12.248  1694  1694 D SurfaceFlinger:      CLIENT | 0xb4000076c0b1b090 | 0100 | RGBA_8888    |  630.0    0.0 1710.0 2340.0 |    0    0 1440 3120 | Wallpaper BBQ wrapper 5_system#80
05-27 15:46:12.248  1694  1694 D SurfaceFlinger:      CLIENT | 0xb4000076c0b19f20 | 0100 | RGBA_8888    |    0.0    0.0 1440.0 3120.0 |    0    0 1440 3120 | com.sec.android.app.launcher/com.sec[...]ivities.LauncherActivity$_4645#14983 (blurRegions)
05-27 15:46:12.248  1694  1694 D SurfaceFlinger:      CLIENT |              | 0000 |  Unknown  |    0.0    0.0    0.0    0.0 |    1    2 1439  103 | Letterbox - left#15001
05-27 15:46:12.248  1694  1694 D SurfaceFlinger:      CLIENT |              | 0002 |  Unknown  |    0.0    0.0    0.0    0.0 |    1  103 1439 2938 | Background for SurfaceView[com.mrxw.[...]ltgames.UnityPlayerActivity]@0#15009
05-27 15:46:12.248  1694  1694 D SurfaceFlinger:      CLIENT | 0xb4000076c0b1b1b0 | 0100 | RGBA_8888    |    0.0    0.0 2264.0 1080.0 |    1  103 1439 3117 | com.mrxw.android.ltgames/com.mrxw.an[...]mes.UnityPlayerActivity$_28162#15005
05-27 15:46:12.248  1694  1694 D SurfaceFlinger:      CLIENT | 0xb4000076c0b14370 | 0100 | RGBA_8888    |    0.0    0.0 3019.0 1440.0 |    1  103 1439 3118 | Splash Screen com.mrxw.android.ltgames$_42
05-27 15:46:12.248  1694  1694 D SurfaceFlinger: 22#15000
05-27 15:46:12.248  1694  1694 D SurfaceFlinger:      DEVICE | 0xb4000076c0af88c0 | 0100 | RGBA_8888    |    0.0    0.0 1440.0  180.0 |    0 2940 1440 3120 | NavigationBar0$_4222#6828
05-27 15:46:12.248  1694  1694 D SurfaceFlinger: 
05-27 15:46:12.248 28162 28278 I [ui]sdk_config_ui: 100/read sdk config from push, sdk config=[1,1,1,1]
05-27 15:46:12.248 28162 28278 I [ui]SDKCache: 100/set login info, null
05-27 15:46:12.248 28162 28278 I [ui]InvocationMgr: 100/on notify: Transaction: [id: 10, sync: false, priority: 0,   method: AuthServiceObserver/observeOtherClients]
05-27 15:46:12.248  1694  1694 E FrameStats: Failed to flush file.
05-27 15:46:12.248  1694  1694 D SurfaceFlinger: Closing frame stats connection for UID 10572
05-27 15:46:12.249  3696 11984 V WindowManager: Relayout hash=d848bd6, pid=4222, syncId=-1: mAttrs={(0,0)(fillxfill) sim={adjust=pan} ty=APPLICATION_STARTING fmt=TRANSLUCENT wanim=0x1030303
05-27 15:46:12.249  3696 11984 V WindowManager:   fl=81030118
05-27 15:46:12.249  3696 11984 V WindowManager:   pfl=16000010
05-27 15:46:12.249  3696 11984 V WindowManager:   bhv=DEFAULT
05-27 15:46:12.249  3696 11984 V WindowManager:   fitSides= naviIconColor=0}
05-27 15:46:12.250  4222  4222 D SamsungStatusBarGrayIconHelper: isGrayAppearance=false
05-27 15:46:12.250  4222  4222 D SamsungLightBarControlHelper: onStatusBarAppearanceChanged() -  sbModeChanged:false, statusBarMode:6, barState:MODE_LIGHTS_OUT_TRANSPARENT, isKeyguardShowing:false, navbarColorManagedByIme:false, stackAppearanceChanged:true, (AppearanceRegion{ bounds=[101,0][3120,1440]}, ), packageName:com.mrxw.android.ltgames
05-27 15:46:12.250  4222  4222 D NavigationBar: onSystemBarAttributesChanged() -  displayId:0, appearance:4, packageName: com.mrxw.android.ltgames (APPEARANCE_LOW_PROFILE_BARS ), navbarColorManagedByIme:false
05-27 15:46:12.250  3696  6604 D InputDispatcher: Focus entered window (0): 8c902b5 com.mrxw.android.ltgames/com.mrxw.android.ltgames.UnityPlayerActivity
05-27 15:46:12.250  4222  4353 I BLASTBufferQueue_Java: update, w= 3019 h= 1440 mName = ViewRootImpl@2c417cc[ltgames] mNativeObject= 0xb4000074da6f82f0 sc.mNativeObject= 0xb40000745a70f310 format= -3 caller= android.view.ViewRootImpl.updateBlastSurfaceIfNeeded:3020 android.view.ViewRootImpl.relayoutWindow:10121 android.view.ViewRootImpl.performTraversals:4115 android.view.ViewRootImpl.doTraversal:3291 android.view.ViewRootImpl$TraversalRunnable.run:11329 android.view.Choreographer$CallbackRecord.run:1689 
05-27 15:46:12.250  4222  4353 I ViewRootImpl@2c417cc[ltgames]: Relayout returned: old=(101,0,3120,1440) new=(101,0,3120,1440) relayoutAsync=false req=(3019,1440)0 dur=5 res=0x400 s={true 0xb40000743a8d3f70} ch=false seqId=0
05-27 15:46:12.250  4222  4222 D SamsungLightBarControlHelper: updateNavigationBar (WHITE button) isLightOpaque:false, hasLightNavigationBarFlag:false, packageName:com.mrxw.android.ltgames, DirectReplying:false, NavBarColorMangedByIme:false, ForceDarkForScrim:false, QsCustomizing:false, PanelHasWhiteBg:false
05-27 15:46:12.250  4222  4353 I ViewRootImpl@2c417cc[ltgames]: registerCallbackForPendingTransactions
05-27 15:46:12.251  4222  4222 D SamsungLightBarControlHelper: updateStatusBar (WHITE icon) numStacks:1, StatusBarMode:MODE_LIGHTS_OUT_TRANSPARENT, lightBarBounds:[], StatusBarState:SHADE, packageName:com.mrxw.android.ltgames, isWhiteKeyguardStatusBar:false
05-27 15:46:12.251 28162 28162 D com.leiting.sdk.shushu: µò░µò░Σ╕èµèÑsdkΣ║ïΣ╗╢∩╝Üinit_ltsdk-{"start_init_time":"2026-05-27 15:46:12.025","language":"en","element_name":"SDKσê¥σºïσîûσ╝Çσºï"}
05-27 15:46:12.251 28162 28162 D com.leiting.sdk.shushu: µò░µò░Σ╕èµèÑsdkΣ║ïΣ╗╢∩╝Üinit_ltsdk-{"init_time":226,"element_name":"SDKσê¥σºïσîûσ«îµêÉ"}
05-27 15:46:12.251  4222  4367 I ViewRootImpl@2c417cc[ltgames]: mWNT: t=0xb4000075fa7215f0 mBlastBufferQueue=0xb4000074da6f82f0 fn= 2 mRenderHdrSdrRatio=1.0 caller= android.view.SyncRtSurfaceTransactionApplier.applyTransaction:96 android.view.SyncRtSurfaceTransactionApplier.lambda$scheduleApply$0:69 android.view.SyncRtSurfaceTransactionApplier.$r8$lambda$SgowXC58rj3PR958kHUfRgLZmvE:0 
05-27 15:46:12.251  4222  4367 I ViewRootImpl@2c417cc[ltgames]: mWNT: t=0xb4000075fa735910 mBlastBufferQueue=0xb4000074da6f82f0 fn= 2 mRenderHdrSdrRatio=1.0 caller= android.view.SyncRtSurfaceTransactionApplier.applyTransaction:96 android.view.SyncRtSurfaceTransactionApplier.lambda$scheduleApply$0:69 android.view.SyncRtSurfaceTransactionApplier.$r8$lambda$SgowXC58rj3PR958kHUfRgLZmvE:0 
05-27 15:46:12.251  4222  4367 I ViewRootImpl@2c417cc[ltgames]: mWNT: t=0xb4000075fa6e50b0 mBlastBufferQueue=0xb4000074da6f82f0 fn= 2 mRenderHdrSdrRatio=1.0 caller= android.view.ViewRootImpl$6.onFrameDraw:5639 android.view.ViewRootImpl$2.onFrameDraw:2144 android.view.ThreadedRenderer$1.onFrameDraw:792 
05-27 15:46:12.252 28162 28162 D com.leiting.sdk: µé¿σ╜ôσëìτ╜æτ╗£Σ╕ìΣ╜│∩╝îΦ»╖τ¿ìσÉÄσåìΦ»ò
05-27 15:46:12.252 28162 28162 D com.leiting.sdk: FlyingAdLogHelper | asyncPost report result : µé¿σ╜ôσëìτ╜æτ╗£Σ╕ìΣ╜│∩╝îΦ»╖τ¿ìσÉÄσåìΦ»ò
05-27 15:46:12.252 28162 28162 I ViewRootImpl@85b0bb9[UnityPlayerActivity]: handleWindowFocusChanged: 1 0 call from android.view.ViewRootImpl.-$$Nest$mhandleWindowFocusChanged:0
05-27 15:46:12.253 28162 28162 D InputMethodManagerUtils: startInputInner - Id : 0
05-27 15:46:12.253 28162 28162 I InputMethodManager: startInputInner - IInputMethodManagerGlobalInvoker.startInputOrWindowGainedFocus
05-27 15:46:12.253  1547  1547 I sensors-hal: set_config:60, sample_period_ns is adjusted to 5000000 based on min/max delay_ns
05-27 15:46:12.253  1547  1547 I sensors-hal: batch:363, android.sensor.accelerometer/11, period=5000000, max_latency=0 request completed
05-27 15:46:12.253 28162 28462 D com.leiting.sdk: https://adsapi.ltgamesglobal.com/api/monetize_data/ironsource_v2
05-27 15:46:12.253 28162 28462 D com.leiting.sdk: {"placeType":"","bundleId":"com.mrxw.android.ltgames","channel":"310001","sign":"cfc9d9f7429c2f717d9a1d9ed63956dd7fb11325","clientVer":"1.068","gameCode":"7","place":"","media":"ironsource","account":"310001","timestamp":"1779911172129","sid":"","status":1}
05-27 15:46:12.253  3696  3775 I ActivityTaskManager: Displayed com.mrxw.android.ltgames/.UnityPlayerActivity for user 0: +383ms
05-27 15:46:12.253  3696  3775 I Pageboost: Launch time gathered : pid 28162 com.mrxw.android.ltgames 383
05-27 15:46:12.253  1547  1547 I sensors-hal: activate:300, android.sensor.accelerometer/11 en=1
05-27 15:46:12.253  1547  1547 I sensors-hal: acquire_qsh_interface:139, acquire_qsh_interface with sensor_id 35 , conn_type 3 
05-27 15:46:12.253  4222  4366 I ViewRootImpl@2c417cc[ltgames]: mWNT: t=0xb4000075fa668010 mBlastBufferQueue=0xb4000074da6f82f0 fn= 3 mRenderHdrSdrRatio=1.0 caller= android.view.SyncRtSurfaceTransactionApplier.applyTransaction:96 android.view.SyncRtSurfaceTransactionApplier.lambda$scheduleApply$0:69 android.view.SyncRtSurfaceTransactionApplier.$r8$lambda$SgowXC58rj3PR958kHUfRgLZmvE:0 
05-27 15:46:12.254  1547  1547 I sensors-hal: worker:51, worker(0xb40000750e40be30) is created with tid= 28465
05-27 15:46:12.254 28162 28461 W System.err: java.lang.NullPointerException: Attempt to invoke virtual method 'boolean android.net.NetworkCapabilities.hasTransport(int)' on a null object reference
05-27 15:46:12.254 28162 28461 W System.err: 	at com.leiting.sdk.util.PhoneUtil.getVpnData(PhoneUtil.java:1452)
05-27 15:46:12.254 28162 28461 W System.err: 	at com.leiting.sdk.shushu.ShushuLogHelper.getCommonParams(ShushuLogHelper.java:851)
05-27 15:46:12.254 28162 28461 W System.err: 	at com.leiting.sdk.shushu.ShushuLogHelper.access$200(ShushuLogHelper.java:37)
05-27 15:46:12.254 28162 28461 W System.err: 	at com.leiting.sdk.shushu.ShushuLogHelper$2.run(ShushuLogHelper.java:605)
05-27 15:46:12.254 28162 28461 W System.err: 	at java.util.concurrent.ThreadPoolExecutor.runWorker(ThreadPoolExecutor.java:1154)
05-27 15:46:12.254 28162 28461 W System.err: 	at java.util.concurrent.ThreadPoolExecutor$Worker.run(ThreadPoolExecutor.java:652)
05-27 15:46:12.254 28162 28461 W System.err: 	at java.lang.Thread.run(Thread.java:1564)
05-27 15:46:12.254 28162 28461 D com.leiting.sdk: https://leitsdkosshushu.leiting.com/sync_data
05-27 15:46:12.254 28162 28461 D com.leiting.sdk: data={"#account_id":"","#time":"2026-05-27 15:46:12.251","#distinct_id":"1FVxOMZpldoB21vQ2E73Av0rAPej6%2BLa21W9NNEkZo8\u003d","#type":"track","#event_name":"init_ltsdk","properties":{"device_id":"1FVxOMZpldoB21vQ2E73Av0rAPej6%2BLa21W9NNEkZo8\u003d","gaid":"iZHuu7Rk5eoc/B2zM19GAKVNsuooHDLsrkvT6mUroB7cY46CP/HbgmbH1BAuSdhY","os_version":"14","#zone_offset":-4,"channel":"310001","vpnStatus":"0","media":"","version":"v3.2.4","mac":"","screen_dpi":"2129x1080","device_name":"SM-S928B","init_time":226,"leiting_account":"","element_name":"SDKσê¥σºïσîûσ«îµêÉ","game_code":"7","androidid":"1FVxOMZpldoB21vQ2E73Av0rAPej6%2BLa21W9NNEkZo8\u003d"}}&appid=c0f25fccae87406cbe575d66ca2c1c00&client=1
05-27 15:46:12.254 28162 28461 W System.err: java.net.UnknownHostException: Unable to resolve host "leitsdkosshushu.leiting.com": No address associated with hostname
05-27 15:46:12.254  5458  5458 E pageboostd: Received HALT command code 2
05-27 15:46:12.255 18163 27877 D AdvertisingIdClient: AdvertisingIdClient already created.
05-27 15:46:12.256  3696  4257 D CompatibilityChangeReporter: Compat change id reported: 214016041; UID 10572; state: ENABLED
05-27 15:46:12.256  3696  4257 D InputMethodManagerService: setWindowStateInner, windowToken=android.os.BinderProxy@40edeec, state=ImeTargetWindowState{ imeToken null imeFocusChanged true hasEditorFocused false requestedImeVisible false imeDisplayId 0 softInputModeState STATE_UNSPECIFIED|ADJUST_PAN|IS_FORWARD_NAVIGATION isStartInputByGainFocus true}
05-27 15:46:12.256  3696  4257 V InputMethodManagerService: Unspecified window will hide input
05-27 15:46:12.256  3696  4257 V InputMethodManagerService: applyImeVisibility state=6
05-27 15:46:12.256  3696  4257 I ImeTracker: com.mrxw.android.ltgames:fabb727b: onRequestHide at ORIGIN_SERVER_HIDE_INPUT reason HIDE_UNSPECIFIED_WINDOW
05-27 15:46:12.256  4645  4645 I Edge.TrayVisibilityController: getComputedTrayVisible : keyguardState = 1
05-27 15:46:12.256  4645  4645 I Edge.TrayVisibilityController: updateTrayVisible: State=1 visible=1 mCurrentVisible=1 specificMode=0
05-27 15:46:12.256  3696  4257 D InputMethodManagerService: setWindowStateInner, windowToken=android.os.BinderProxy@40edeec, state=ImeTargetWindowState{ imeToken android.os.Binder@db16a59 imeFocusChanged true hasEditorFocused false requestedImeVisible false imeDisplayId 0 softInputModeState STATE_UNSPECIFIED|ADJUST_PAN|IS_FORWARD_NAVIGATION isStartInputByGainFocus true}
05-27 15:46:12.256  4645  4645 I Edge.TrayStateController: onNotifyUpdateTray: state=0
05-27 15:46:12.256  3696  4257 I ImeTracker: com.mrxw.android.ltgames:fabb727b: onCancelled at PHASE_SERVER_SHOULD_HIDE
05-27 15:46:12.256  3696  4257 V InputMethodManagerService: hideCurrentInputLocked : canceled, shouldHideSoftInput=false, mInputShown=false, mImeWindowVis=0
05-27 15:46:12.256  3696  4257 D InputMethodManagerService: DESKTOP MODE! : 2
05-27 15:46:12.256  3696  4257 D InputMethodManagerService: NOT IN KNOX DESKTOP MODE!
05-27 15:46:12.256  3696  4257 V InputMethodManagerService: getDisplayIdOfInputMethodWindowToBeAdded: displayId=0
05-27 15:46:12.257  3696  4257 V InputMethodManagerService: Creating new session for client ClientState{cc7961e mUid=10572 mPid=28162 mSelfReportedDisplayId=0}
05-27 15:46:12.257  3696  4257 D InputTransport: Input channel constructed: 'ClientS', fd=1208
05-27 15:46:12.257  3696  4257 D InputTransport: Input channel constructed: 'ClientS', fd=1210
05-27 15:46:12.258  3696  4257 D InputTransport: Input channel destroyed: 'ClientS', fd=1210
05-27 15:46:12.258  1516  1724 I minksocket: MinkIPC MESSAGE: ( 1516:1724 ) MinkIPC_QRTR_Service:351 minkipc = 0xb4000073c8338310 sock = 14, client with node 1 port 45bf went down
05-27 15:46:12.258  1516  1739 I minksocket: MinkIPC MESSAGE: ( 1516:1739 ) MinkIPC_QRTR_Service:351 minkipc = 0xb4000073c8339d30 sock = 29, client with node 1 port 45bf went down
05-27 15:46:12.258 28162 28162 D com.leiting.sdk: Fetching FCM registration token failed
05-27 15:46:12.258 28162 28162 D com.leiting.sdk: java.io.IOException: java.util.concurrent.ExecutionException: java.io.IOException: SERVICE_NOT_AVAILABLE
05-27 15:46:12.258 28162 28162 D com.leiting.sdk: 	at com.google.firebase.messaging.FirebaseMessaging.blockingGetToken(FirebaseMessaging.java:625)
05-27 15:46:12.258 28162 28162 D com.leiting.sdk: 	at com.google.firebase.messaging.FirebaseMessaging.lambda$getToken$4$FirebaseMessaging(FirebaseMessaging.java:392)
05-27 15:46:12.258 28162 28162 D com.leiting.sdk: 	at com.google.firebase.messaging.-$$Lambda$FirebaseMessaging$hhRqCIwb_q-GasIrdNMReoTbQ60.run(Unknown Source:4)
05-27 15:46:12.258 28162 28162 D com.leiting.sdk: 	at java.util.concurrent.Executors$RunnableAdapter.call(Executors.java:520)
05-27 15:46:12.258 28162 28162 D com.leiting.sdk: 	at java.util.concurrent.FutureTask.run(FutureTask.java:317)
05-27 15:46:12.258 28162 28162 D com.leiting.sdk: 	at java.util.concurrent.ScheduledThreadPoolExecutor$ScheduledFutureTask.run(ScheduledThreadPoolExecutor.java:348)
05-27 15:46:12.258 28162 28162 D com.leiting.sdk: 	at java.util.concurrent.ThreadPoolExecutor.runWorker(ThreadPoolExecutor.java:1154)
05-27 15:46:12.258 28162 28162 D com.leiting.sdk: 	at java.util.concurrent.ThreadPoolExecutor$Worker.run(ThreadPoolExecutor.java:652)
05-27 15:46:12.258 28162 28162 D com.leiting.sdk: 	at com.google.android.gms.common.util.concurrent.zza.run(com.google.android.gms:play-services-basement@@18.1.0:2)
05-27 15:46:12.258 28162 28162 D com.leiting.sdk: 	at java.lang.Thread.run(Thread.java:1564)
05-27 15:46:12.258 28162 28162 D com.leiting.sdk: Caused by: java.util.concurrent.ExecutionException: java.io.IOException: SERVICE_NOT_AVAILABLE
05-27 15:46:12.258 28162 28162 D com.leiting.sdk: 	at com.google.android.gms.tasks.Tasks.zza(com.google.android.gms:play-services-tasks@@18.0.1:5)
05-27 15:46:12.258 28162 28162 D com.leiting.sdk: 	at com.google.android.gms.tasks.Tasks.await(com.google.android.gms:play-services-tasks@@18.0.1:8)
05-27 15:46:12.258 28162 28162 D com.leiting.sdk: 	at com.google.firebase.messaging.FirebaseMessaging.blockingGetToken(FirebaseMessaging.java:623)
05-27 15:46:12.258 28162 28162 D com.leiting.sdk: 	... 9 more
05-27 15:46:12.258 28162 28162 D com.leiting.sdk: Caused by: java.io.IOException: SERVICE_NOT_AVAILABLE
05-27 15:46:12.258 28162 28162 D com.leiting.sdk: 	at com.google.firebase.messaging.GmsRpc.handleResponse(GmsRpc.java:309)
05-27 15:46:12.258 28162 28162 D com.leiting.sdk: 	at com.google.firebase.messaging.GmsRpc.lambda$extractResponseWhenComplete$0$GmsRpc(GmsRpc.java:320)
05-27 15:46:12.258 28162 28162 D com.leiting.sdk: 	at com.google.firebase.messaging.-$$Lambda$GmsRpc$tPjltVSAbk36mmkzOG1vcfMBmQo.then(Unknown Source:2)
05-27 15:46:12.258 28162 28162 D com.leiting.sdk: 	at com.google.android.gms.tasks.zzc.run(com.google.android.gms:play-services-tasks@@18.0.1:3)
05-27 15:46:12.258 28162 28162 D com.leiting.sdk: 	at com.google.firebase.messaging.-$$Lambda$_14QHG018Z6p13d3hzJuGTWnNeo.execute(Unknown Source:0)
05-27 15:46:12.258 28162 28162 D com.leiting.sdk: 	at com.google.android.gms.tasks.zzd.zzd(com.google.android.gms:play-services-tasks@@18.0.1:1)
05-27 15:46:12.258 28162 28162 D com.leiting.sdk: 	at com.google.android.gms.tasks.zzr.zzb(com.google.android.gms:play-services-tasks@@18.0.1:5)
05-27 15:46:12.258 28162 28162 D com.leiting.sdk: 	at com.google.android.gms.tasks.zzw.zzb(com.google.android.gms:play-services-tasks@@18.0.1:3)
05-27 15:46:12.258 28162 28162 D com.leiting.sdk: 	at com.google.android.gms.tasks.zzc.run(com.google.android.gms:play-services-tasks@@18.0.1:8)
05-27 15:46:12.258 28162 28162 D com.leiting.sdk: 	at com.google.android.gms.cloudmessaging.zzz.execute(Unknown Source:0)
05-27 15:46:12.258 28162 28162 D com.leiting.sdk: 	at com.google.android.gms.tasks.zzd.zzd(com.google.android.gms:play-services-tasks@@18.0.1:1)
05-27 15:46:12.258 28162 28162 D com.leiting.sdk: 	at com.google.android.gms.tasks.zzr.zzb(com.google.android.gms:play-services-tasks@@18.0.1:5)
05-27 15:46:12.258 28162 28162 D com.leiting.sdk: 	at com.google.android.gms.tasks.zzw.zzb(com.google.android.gms:play-services-tasks@@18.0.1:3)
05-27 15:46:12.258 28162 28162 D com.leiting.sdk: 	at com.google.android.gms.tasks.TaskCompletionSource.setResult(com.google.android.gms:play-services-tasks@@18.0.1:1)
05-27 15:46:12.258 28162 28162 D com.leiting.sdk: 	at com.google.android.gms.cloudmessaging.zzp.zzd(com.google.android.gms:play-services-cloud-messaging@@17.0.0:3)
05-27 15:46:12.258 28162 28162 D com.leiting.sdk: 	at com.google.android.gms.cloudmessaging.zzr.zza(com.google.android.gms:play-services-cloud-messaging@@17.0.0:2)
05-27 15:46:12.258 28162 28162 D com.leiting.sdk: 	at com.google.android.gms.cloudmessaging.zzf.handleMessage(com.google.android.gms:play-services-cloud-messaging@@17.0.0:14)
05-27 15:46:12.258 28162 28162 D com.leiting.sdk: 	at android.os.Handler.dispatchMessage(Handler.java:102)
05-27 15:46:12.258 28162 28162 D com.leiting.sdk: 	at android.os.Looper.loopOnce(Looper.java:230)
05-27 15:46:12.258 28162 28162 D com.leiting.sdk: 	at android.os.Looper.loop(Looper.java:319)
05-27 15:46:12.258 28162 28162 D com.leiting.sdk: 	at android.app.ActivityThread.main(ActivityThread.java:8918)
05-27 15:46:12.258 28162 28162 D com.leiting.sdk: 	at java.lang.reflect.Method.invoke(Native Method)
05-27 15:46:12.258 28162 28162 D com.leiting.sdk: 	at com.android.internal.os.RuntimeInit$MethodAndArgsCaller.run(RuntimeInit.java:608)
05-27 15:46:12.258 28162 28162 D com.leiting.sdk: 	at com.android.internal.os.ZygoteInit.main(ZygoteInit.java:1103)
05-27 15:46:12.258 28162 28162 D com.leiting.sdk: Get token failed, getting again.
05-27 15:46:12.259  1516  1724 I minksocket: MinkIPC MESSAGE: ( 1516:1724 ) MinkIPC_QRTR_Service:351 minkipc = 0xb4000073c8338310 sock = 14, client with node 1 port 45c0 went down
05-27 15:46:12.259  3696  6604 I SemDvfsHyPerManager: acquire hyper - AMS_RESUME_TAIL/3696@17, type = -999
05-27 15:46:12.259  1516  1739 I minksocket: MinkIPC MESSAGE: ( 1516:1739 ) MinkIPC_QRTR_Service:351 minkipc = 0xb4000073c8339d30 sock = 29, client with node 1 port 45c0 went down
05-27 15:46:12.259  3696  6604 I SemDvfsHyPerManager: acquire hyper - AMS_ACT_LAZY/3696@18, type = -999
05-27 15:46:12.259  3696  6604 D ActivityManagerPerformance: AMP_acquire() TAIL
05-27 15:46:12.260  3696  6604 D ActivityManagerPerformance: AMP_release() APP_SWITCH
05-27 15:46:12.260  3642  3670 I HYPER-HAL: [RequestManager.cpp]acquire(): Acquired ID : 6895058  [3696 / 17]    HINT : AMS_RESUME_TAIL    list : 
05-27 15:46:12.260 28162 28461 W System.err: 	at java.net.Inet6AddressImpl.lookupHostByName(Inet6AddressImpl.java:124)
05-27 15:46:12.260  1547  1547 I sensors-hal: qsh_qmi:31, qsh_qmi
05-27 15:46:12.260  1516  1739 I minksocket: MinkIPC MESSAGE: ( 1516:1739 ) MinkIPC_QRTR_Service:351 minkipc = 0xb4000073c8339d30 sock = 29, client with node 1 port 45c1 went down
05-27 15:46:12.260  1547  1547 I sensors-hal: register_cb:304, suid(low=7080276908576992050,high=13131023702051637398) is new. register callbacks
05-27 15:46:12.260  1547  1547 I sensors-hal: send_sensor_config_request:575, resampler is used, set resampler config
05-27 15:46:12.260  1547  1547 I sensors-hal: send_sync_sensor_request:508, send sync request
05-27 15:46:12.260  1547  1547 I sensors-hal: send_sync_sensor_request:518, send_sync_sensor_request before send_request for accel with SUID low=7080276908576992050 high=13131023702051637398
05-27 15:46:12.260  1516  1724 I minksocket: MinkIPC MESSAGE: ( 1516:1724 ) MinkIPC_QRTR_Service:351 minkipc = 0xb4000073c8338310 sock = 14, client with node 1 port 45c1 went down
05-27 15:46:12.260  1547  1547 I sensors-hal: send_sync_sensor_request:537, wait for notification of response
05-27 15:46:12.261  1516  1739 I minksocket: MinkIPC MESSAGE: ( 1516:1739 ) MinkIPC_QRTR_Service:351 minkipc = 0xb4000073c8339d30 sock = 29, client with node 1 port 45c2 went down
05-27 15:46:12.261  1516  1724 I minksocket: MinkIPC MESSAGE: ( 1516:1724 ) MinkIPC_QRTR_Service:351 minkipc = 0xb4000073c8338310 sock = 14, client with node 1 port 45c2 went down
05-27 15:46:12.261 28162 28461 W System.err: 	at java.net.Inet6AddressImpl.lookupAllHostAddr(Inet6AddressImpl.java:103)
05-27 15:46:12.261 28162 28461 W System.err: 	at java.net.InetAddress.getAllByName(InetAddress.java:1152)
05-27 15:46:12.261 28162 28461 W System.err: 	at com.android.okhttp.Dns$1.lookup(Dns.java:41)
05-27 15:46:12.262  3642  3670 I HYPER-HAL: [RequestManager.cpp]acquire(): Acquired ID : 6898773  [3696 / 18]    HINT : AMS_ACT_LAZY    list : 
05-27 15:46:12.262  4222  4367 I ViewRootImpl@2c417cc[ltgames]: mWNT: t=0xb4000075fa6723b0 mBlastBufferQueue=0xb4000074da6f82f0 fn= 4 mRenderHdrSdrRatio=1.0 caller= android.view.SyncRtSurfaceTransactionApplier.applyTransaction:96 android.view.SyncRtSurfaceTransactionApplier.lambda$scheduleApply$0:69 android.view.SyncRtSurfaceTransactionApplier.$r8$lambda$SgowXC58rj3PR958kHUfRgLZmvE:0 
05-27 15:46:12.262  1547 28468 I sensors-hal: qsh_conn_resp_cb:930, resp_value = 0 for accel 
05-27 15:46:12.262  3642  3670 I HYPER-HAL: [RequestManager.cpp]releaseLocked(): Released ID : 6913643
05-27 15:46:12.263  6305  6351 I Finsky  : [75] com.mrxw.android.ltgames: Account from first account - [ldeJXgFyXNFu-gTUF9521QgJbSn8NwcElWUNQ0UPzoE]
05-27 15:46:12.263  6305  6351 I Finsky  : [75] Billing preferred account via installer for com.mrxw.android.ltgames: [ldeJXgFyXNFu-gTUF9521QgJbSn8NwcElWUNQ0UPzoE]
05-27 15:46:12.262  3696 11984 D InputMethodManagerService: isImeSwitcherDisabledPackage : false
05-27 15:46:12.264 28162 28461 W System.err: 	at com.android.okhttp.internal.http.RouteSelector.resetNextInetSocketAddress(RouteSelector.java:178)
05-27 15:46:12.264 28162 28461 W System.err: 	at com.android.okhttp.internal.http.RouteSelector.nextProxy(RouteSelector.java:144)
05-27 15:46:12.264 28162 28461 W System.err: 	at com.android.okhttp.internal.http.RouteSelector.next(RouteSelector.java:86)
05-27 15:46:12.264 28162 28461 W System.err: 	at com.android.okhttp.internal.http.StreamAllocation.findConnection(StreamAllocation.java:176)
05-27 15:46:12.264 28162 28461 W System.err: 	at com.android.okhttp.internal.http.StreamAllocation.findHealthyConnection(StreamAllocation.java:128)
05-27 15:46:12.264 28162 28461 W System.err: 	at com.android.okhttp.internal.http.StreamAllocation.newStream(StreamAllocation.java:97)
05-27 15:46:12.264 28162 28461 W System.err: 	at com.android.okhttp.internal.http.HttpEngine.connect(HttpEngine.java:289)
05-27 15:46:12.264 28162 28461 W System.err: 	at com.android.okhttp.internal.http.HttpEngine.sendRequest(HttpEngine.java:232)
05-27 15:46:12.264 28162 28461 W System.err: 	at com.android.okhttp.internal.huc.HttpURLConnectionImpl.execute(HttpURLConnectionImpl.java:465)
05-27 15:46:12.264 28162 28461 W System.err: 	at com.android.okhttp.internal.huc.HttpURLConnectionImpl.connect(HttpURLConnectionImpl.java:131)
05-27 15:46:12.264 28162 28461 W System.err: 	at com.android.okhttp.internal.huc.HttpURLConnectionImpl.getOutputStream(HttpURLConnectionImpl.java:262)
05-27 15:46:12.264 28162 28461 W System.err: 	at com.android.okhttp.internal.huc.DelegatingHttpsURLConnection.getOutputStream(DelegatingHttpsURLConnection.java:219)
05-27 15:46:12.264 28162 28461 W System.err: 	at com.android.okhttp.internal.huc.HttpsURLConnectionImpl.getOutputStream(HttpsURLConnectionImpl.java:30)
05-27 15:46:12.264 28162 28461 W System.err: 	at com.leiting.sdk.util.HttpUtils.fetch(HttpUtils.java:254)
05-27 15:46:12.264 28162 28461 W System.err: 	at com.leiting.sdk.util.HttpUtils.post(HttpUtils.java:74)
05-27 15:46:12.264 28162 28461 W System.err: 	at com.leiting.sdk.util.HttpUtils.post(HttpUtils.java:66)
05-27 15:46:12.264 28162 28461 W System.err: 	at com.leiting.sdk.util.HttpUtils.post(HttpUtils.java:62)
05-27 15:46:12.264 28162 28461 W System.err: 	at com.leiting.sdk.util.HttpUtils.post(HttpUtils.java:54)
05-27 15:46:12.264 28162 28461 W System.err: 	at com.leiting.sdk.shushu.ShushuLogHelper.doReport(ShushuLogHelper.java:756)
05-27 15:46:12.264 28162 28461 W System.err: 	at com.leiting.sdk.shushu.ShushuLogHelper.access$400(ShushuLogHelper.java:37)
05-27 15:46:12.264 28162 28461 W System.err: 	at com.leiting.sdk.shushu.ShushuLogHelper$2.run(ShushuLogHelper.java:650)
05-27 15:46:12.264 28162 28461 W System.err: 	at java.util.concurrent.ThreadPoolExecutor.runWorker(ThreadPoolExecutor.java:1154)
05-27 15:46:12.264 28162 28461 W System.err: 	at java.util.concurrent.ThreadPoolExecutor$Worker.run(ThreadPoolExecutor.java:652)
05-27 15:46:12.264 28162 28461 W System.err: 	at java.lang.Thread.run(Thread.java:1564)
05-27 15:46:12.264 28162 28461 D com.leiting.sdk.shushu: µò░µò░Σ╕èµèÑΦ┐öσ¢₧∩╝Üµé¿σ╜ôσëìτ╜æτ╗£Σ╕ìΣ╜│∩╝îΦ»╖τ¿ìσÉÄσåìΦ»ò
05-27 15:46:12.264 28162 28461 D com.leiting.sdk: https://leitsdkosshushu.leiting.com/sync_data
